Archive member included to satisfy reference by file (symbol)

c:/st/stm32cubeide_1.11.2/stm32cubeide/plugins/com.st.stm32cube.ide.mcu.externaltools.gnu-tools-for-stm32.10.3-2021.10.win32_1.0.100.202210260954/tools/bin/../lib/gcc/arm-none-eabi/10.3.1/../../../../arm-none-eabi/lib/thumb/v7e-m+fp/hard\libc_nano.a(lib_a-errno.o)
                              ./Src/syscalls.o (__errno)
c:/st/stm32cubeide_1.11.2/stm32cubeide/plugins/com.st.stm32cube.ide.mcu.externaltools.gnu-tools-for-stm32.10.3-2021.10.win32_1.0.100.202210260954/tools/bin/../lib/gcc/arm-none-eabi/10.3.1/../../../../arm-none-eabi/lib/thumb/v7e-m+fp/hard\libc_nano.a(lib_a-exit.o)
                              c:/st/stm32cubeide_1.11.2/stm32cubeide/plugins/com.st.stm32cube.ide.mcu.externaltools.gnu-tools-for-stm32.10.3-2021.10.win32_1.0.100.202210260954/tools/bin/../lib/gcc/arm-none-eabi/10.3.1/../../../../arm-none-eabi/lib/thumb/v7e-m+fp/hard/crt0.o (exit)
c:/st/stm32cubeide_1.11.2/stm32cubeide/plugins/com.st.stm32cube.ide.mcu.externaltools.gnu-tools-for-stm32.10.3-2021.10.win32_1.0.100.202210260954/tools/bin/../lib/gcc/arm-none-eabi/10.3.1/../../../../arm-none-eabi/lib/thumb/v7e-m+fp/hard\libc_nano.a(lib_a-impure.o)
                              c:/st/stm32cubeide_1.11.2/stm32cubeide/plugins/com.st.stm32cube.ide.mcu.externaltools.gnu-tools-for-stm32.10.3-2021.10.win32_1.0.100.202210260954/tools/bin/../lib/gcc/arm-none-eabi/10.3.1/../../../../arm-none-eabi/lib/thumb/v7e-m+fp/hard\libc_nano.a(lib_a-exit.o) (_global_impure_ptr)
c:/st/stm32cubeide_1.11.2/stm32cubeide/plugins/com.st.stm32cube.ide.mcu.externaltools.gnu-tools-for-stm32.10.3-2021.10.win32_1.0.100.202210260954/tools/bin/../lib/gcc/arm-none-eabi/10.3.1/../../../../arm-none-eabi/lib/thumb/v7e-m+fp/hard\libc_nano.a(lib_a-init.o)
                              c:/st/stm32cubeide_1.11.2/stm32cubeide/plugins/com.st.stm32cube.ide.mcu.externaltools.gnu-tools-for-stm32.10.3-2021.10.win32_1.0.100.202210260954/tools/bin/../lib/gcc/arm-none-eabi/10.3.1/../../../../arm-none-eabi/lib/thumb/v7e-m+fp/hard/crt0.o (__libc_init_array)
c:/st/stm32cubeide_1.11.2/stm32cubeide/plugins/com.st.stm32cube.ide.mcu.externaltools.gnu-tools-for-stm32.10.3-2021.10.win32_1.0.100.202210260954/tools/bin/../lib/gcc/arm-none-eabi/10.3.1/../../../../arm-none-eabi/lib/thumb/v7e-m+fp/hard\libc_nano.a(lib_a-memset.o)
                              c:/st/stm32cubeide_1.11.2/stm32cubeide/plugins/com.st.stm32cube.ide.mcu.externaltools.gnu-tools-for-stm32.10.3-2021.10.win32_1.0.100.202210260954/tools/bin/../lib/gcc/arm-none-eabi/10.3.1/../../../../arm-none-eabi/lib/thumb/v7e-m+fp/hard/crt0.o (memset)
c:/st/stm32cubeide_1.11.2/stm32cubeide/plugins/com.st.stm32cube.ide.mcu.externaltools.gnu-tools-for-stm32.10.3-2021.10.win32_1.0.100.202210260954/tools/bin/../lib/gcc/arm-none-eabi/10.3.1/../../../../arm-none-eabi/lib/thumb/v7e-m+fp/hard\libc_nano.a(lib_a-sprintf.o)
                              ./Src/esp82xx_lib.o (sprintf)
c:/st/stm32cubeide_1.11.2/stm32cubeide/plugins/com.st.stm32cube.ide.mcu.externaltools.gnu-tools-for-stm32.10.3-2021.10.win32_1.0.100.202210260954/tools/bin/../lib/gcc/arm-none-eabi/10.3.1/../../../../arm-none-eabi/lib/thumb/v7e-m+fp/hard\libc_nano.a(lib_a-strlen.o)
                              ./Src/circular_buffer.o (strlen)
c:/st/stm32cubeide_1.11.2/stm32cubeide/plugins/com.st.stm32cube.ide.mcu.externaltools.gnu-tools-for-stm32.10.3-2021.10.win32_1.0.100.202210260954/tools/bin/../lib/gcc/arm-none-eabi/10.3.1/../../../../arm-none-eabi/lib/thumb/v7e-m+fp/hard\libc_nano.a(lib_a-nano-svfprintf.o)
                              c:/st/stm32cubeide_1.11.2/stm32cubeide/plugins/com.st.stm32cube.ide.mcu.externaltools.gnu-tools-for-stm32.10.3-2021.10.win32_1.0.100.202210260954/tools/bin/../lib/gcc/arm-none-eabi/10.3.1/../../../../arm-none-eabi/lib/thumb/v7e-m+fp/hard\libc_nano.a(lib_a-sprintf.o) (_svfprintf_r)
c:/st/stm32cubeide_1.11.2/stm32cubeide/plugins/com.st.stm32cube.ide.mcu.externaltools.gnu-tools-for-stm32.10.3-2021.10.win32_1.0.100.202210260954/tools/bin/../lib/gcc/arm-none-eabi/10.3.1/../../../../arm-none-eabi/lib/thumb/v7e-m+fp/hard\libc_nano.a(lib_a-nano-vfprintf_i.o)
                              c:/st/stm32cubeide_1.11.2/stm32cubeide/plugins/com.st.stm32cube.ide.mcu.externaltools.gnu-tools-for-stm32.10.3-2021.10.win32_1.0.100.202210260954/tools/bin/../lib/gcc/arm-none-eabi/10.3.1/../../../../arm-none-eabi/lib/thumb/v7e-m+fp/hard\libc_nano.a(lib_a-nano-svfprintf.o) (_printf_i)
c:/st/stm32cubeide_1.11.2/stm32cubeide/plugins/com.st.stm32cube.ide.mcu.externaltools.gnu-tools-for-stm32.10.3-2021.10.win32_1.0.100.202210260954/tools/bin/../lib/gcc/arm-none-eabi/10.3.1/../../../../arm-none-eabi/lib/thumb/v7e-m+fp/hard\libc_nano.a(lib_a-memchr.o)
[...]
Memory Configuration

Name             Origin             Length             Attributes
RAM              0x0000000020000000 0x0000000000020000 xrw
FLASH            0x0000000008000000 0x0000000000080000 xr
*default*        0x0000000000000000 0xffffffffffffffff

Linker script and memory map

LOAD c:/st/stm32cubeide_1.11.2/stm32cubeide/plugins/com.st.stm32cube.ide.mcu.externaltools.gnu-tools-for-stm32.10.3-2021.10.win32_1.0.100.202210260954/tools/bin/../lib/gcc/arm-none-eabi/10.3.1/thumb/v7e-m+fp/hard/crti.o
LOAD c:/st/stm32cubeide_1.11.2/stm32cubeide/plugins/com.st.stm32cube.ide.mcu.externaltools.gnu-tools-for-stm32.10.3-2021.10.win32_1.0.100.202210260954/tools/bin/../lib/gcc/arm-none-eabi/10.3.1/thumb/v7e-m+fp/hard/crtbegin.o
LOAD c:/st/stm32cubeide_1.11.2/stm32cubeide/plugins/com.st.stm32cube.ide.mcu.externaltools.gnu-tools-for-stm32.10.3-2021.10.win32_1.0.100.202210260954/tools/bin/../lib/gcc/arm-none-eabi/10.3.1/../../../../arm-none-eabi/lib/thumb/v7e-m+fp/hard/crt0.o
LOAD ./Src/adc.o
LOAD ./Src/bsp.o
LOAD ./Src/circular_buffer.o
LOAD ./Src/esp82xx_driver.o
LOAD ./Src/esp82xx_lib.o
LOAD ./Src/fpu.o
LOAD ./Src/main.o
LOAD ./Src/syscalls.o
LOAD ./Src/sysmem.o
LOAD ./Src/timebase.o
LOAD ./Startup/startup_stm32f411retx.o
START GROUP
LOAD c:/st/stm32cubeide_1.11.2/stm32cubeide/plugins/com.st.stm32cube.ide.mcu.externaltools.gnu-tools-for-stm32.10.3-2021.10.win32_1.0.100.202210260954/tools/bin/../lib/gcc/arm-none-eabi/10.3.1/../../../../arm-none-eabi/lib/thumb/v7e-m+fp/hard\libc_nano.a
LOAD c:/st/stm32cubeide_1.11.2/stm32cubeide/plugins/com.st.stm32cube.ide.mcu.externaltools.gnu-tools-for-stm32.10.3-2021.10.win32_1.0.100.202210260954/tools/bin/../lib/gcc/arm-none-eabi/10.3.1/../../../../arm-none-eabi/lib/thumb/v7e-m+fp/hard\libm.a
END GROUP
START GROUP
LOAD c:/st/stm32cubeide_1.11.2/stm32cubeide/plugins/com.st.stm32cube.ide.mcu.externaltools.gnu-tools-for-stm32.10.3-2021.10.win32_1.0.100.202210260954/tools/bin/../lib/gcc/arm-none-eabi/10.3.1/thumb/v7e-m+fp/hard\libgcc.a
LOAD c:/st/stm32cubeide_1.11.2/stm32cubeide/plugins/com.st.stm32cube.ide.mcu.externaltools.gnu-tools-for-stm32.10.3-2021.10.win32_1.0.100.202210260954/tools/bin/../lib/gcc/arm-none-eabi/10.3.1/../../../../arm-none-eabi/lib/thumb/v7e-m+fp/hard\libc_nano.a
END GROUP
START GROUP
LOAD c:/st/stm32cubeide_1.11.2/stm32cubeide/plugins/com.st.stm32cube.ide.mcu.externaltools.gnu-tools-for-stm32.10.3-2021.10.win32_1.0.100.202210260954/tools/bin/../lib/gcc/arm-none-eabi/10.3.1/thumb/v7e-m+fp/hard\libgcc.a
LOAD c:/st/stm32cubeide_1.11.2/stm32cubeide/plugins/com.st.stm32cube.ide.mcu.externaltools.gnu-tools-for-stm32.10.3-2021.10.win32_1.0.100.202210260954/tools/bin/../lib/gcc/arm-none-eabi/10.3.1/../../../../arm-none-eabi/lib/thumb/v7e-m+fp/hard\libc_nano.a
LOAD c:/st/stm32cubeide_1.11.2/stm32cubeide/plugins/com.st.stm32cube.ide.mcu.externaltools.gnu-tools-for-stm32.10.3-2021.10.win32_1.0.100.202210260954/tools/bin/../lib/gcc/arm-none-eabi/10.3.1/../../../../arm-none-eabi/lib/thumb/v7e-m+fp/hard\libnosys.a
END GROUP
START GROUP
LOAD c:/st/stm32cubeide_1.11.2/stm32cubeide/plugins/com.st.stm32cube.ide.mcu.externaltools.gnu-tools-for-stm32.10.3-2021.10.win32_1.0.100.202210260954/tools/bin/../lib/gcc/arm-none-eabi/10.3.1/thumb/v7e-m+fp/hard\libgcc.a
LOAD c:/st/stm32cubeide_1.11.2/stm32cubeide/plugins/com.st.stm32cube.ide.mcu.externaltools.gnu-tools-for-stm32.10.3-2021.10.win32_1.0.100.202210260954/tools/bin/../lib/gcc/arm-none-eabi/10.3.1/../../../../arm-none-eabi/lib/thumb/v7e-m+fp/hard\libc_nano.a
LOAD c:/st/stm32cubeide_1.11.2/stm32cubeide/plugins/com.st.stm32cube.ide.mcu.externaltools.gnu-tools-for-stm32.10.3-2021.10.win32_1.0.100.202210260954/tools/bin/../lib/gcc/arm-none-eabi/10.3.1/../../../../arm-none-eabi/lib/thumb/v7e-m+fp/hard\libnosys.a
END GROUP
LOAD c:/st/stm32cubeide_1.11.2/stm32cubeide/plugins/com.st.stm32cube.ide.mcu.externaltools.gnu-tools-for-stm32.10.3-2021.10.win32_1.0.100.202210260954/tools/bin/../lib/gcc/arm-none-eabi/10.3.1/thumb/v7e-m+fp/hard/crtend.o
LOAD c:/st/stm32cubeide_1.11.2/stm32cubeide/plugins/com.st.stm32cube.ide.mcu.externaltools.gnu-tools-for-stm32.10.3-2021.10.win32_1.0.100.202210260954/tools/bin/../lib/gcc/arm-none-eabi/10.3.1/thumb/v7e-m+fp/hard/crtn.o
                0x0000000020020000                _estack = (ORIGIN (RAM) + LENGTH (RAM))
                0x0000000000000200                _Min_Heap_Size = 0x200
                0x0000000000000400                _Min_Stack_Size = 0x400

.isr_vector     0x0000000008000000      0x198
                0x0000000008000000                . = ALIGN (0x4)
 *(.isr_vector)
 .isr_vector    0x0000000008000000      0x198 ./Startup/startup_stm32f411retx.o
                0x0000000008000000                g_pfnVectors
                0x0000000008000198                . = ALIGN (0x4)

.text           0x00000000080001a0     0x17e8
                0x00000000080001a0                . = ALIGN (0x4)
 *(.text)
 .text          0x00000000080001a0       0x40 c:/st/stm32cubeide_1.11.2/stm32cubeide/plugins/com.st.stm32cube.ide.mcu.externaltools.gnu-tools-for-stm32.10.3-2021.10.win32_1.0.100.202210260954/tools/bin/../lib/gcc/arm-none-eabi/10.3.1/thumb/v7e-m+fp/hard/crtbegin.o
 .text          0x00000000080001e0       0x10 c:/st/stm32cubeide_1.11.2/stm32cubeide/plugins/com.st.stm32cube.ide.mcu.externaltools.gnu-tools-for-stm32.10.3-2021.10.win32_1.0.100.202210260954/tools/bin/../lib/gcc/arm-none-eabi/10.3.1/../../../../arm-none-eabi/lib/thumb/v7e-m+fp/hard\libc_nano.a(lib_a-strlen.o)
                0x00000000080001e0                strlen
 .text          0x00000000080001f0       0xa0 c:/st/stm32cubeide_1.11.2/stm32cubeide/plugins/com.st.stm32cube.ide.mcu.externaltools.gnu-tools-for-stm32.10.3-2021.10.win32_1.0.100.202210260954/tools/bin/../lib/gcc/arm-none-eabi/10.3.1/../../../../arm-none-eabi/lib/thumb/v7e-m+fp/hard\libc_nano.a(lib_a-memchr.o)
                0x00000000080001f0                memchr
 *(.text*)
 .text.led_init
                0x0000000008000290       0x3c ./Src/bsp.o
                0x0000000008000290                led_init
 .text.button_init
                0x00000000080002cc       0x3c ./Src/bsp.o
                0x00000000080002cc                button_init
 .text.circular_buffer_init
                0x0000000008000308       0x68 ./Src/circular_buffer.o
                0x0000000008000308                circular_buffer_init
 .text.buff_store_char
                0x0000000008000370       0x68 ./Src/circular_buffer.o
 .text.buffer_clear
                0x00000000080003d8       0x68 ./Src/circular_buffer.o
                0x00000000080003d8                buffer_clear
 .text.buffer_peek
                0x0000000008000440       0x98 ./Src/circular_buffer.o
                0x0000000008000440                buffer_peek
 .text.buffer_read
                0x00000000080004d8      0x10c ./Src/circular_buffer.o
                0x00000000080004d8                buffer_read
 .text.buffer_write
                0x00000000080005e4      0x108 ./Src/circular_buffer.o
                0x00000000080005e4                buffer_write
 .text.is_data  0x00000000080006ec       0x9c ./Src/circular_buffer.o
                0x00000000080006ec                is_data
 .text.get_first_char
                0x0000000008000788       0x7c ./Src/circular_buffer.o
 .text.is_response
                0x0000000008000804       0x72 ./Src/circular_buffer.o
                0x0000000008000804                is_response
 .text.buffer_send_string
                0x0000000008000876       0x32 ./Src/circular_buffer.o
                0x0000000008000876                buffer_send_string
 .text.slave_dev_uart_callback
                0x00000000080008a8       0xc8 ./Src/circular_buffer.o
                0x00000000080008a8                slave_dev_uart_callback
 .text.debug_uart_callback
                0x0000000008000970       0xc8 ./Src/circular_buffer.o
                0x0000000008000970                debug_uart_callback
 .text.USART2_IRQHandler
                0x0000000008000a38        0xc ./Src/circular_buffer.o
                0x0000000008000a38                USART2_IRQHandler
 .text.USART1_IRQHandler
                0x0000000008000a44        0xc ./Src/circular_buffer.o
                0x0000000008000a44                USART1_IRQHandler
 .text.__NVIC_EnableIRQ
                0x0000000008000a50       0x3c ./Src/esp82xx_driver.o
 .text.debug_uart_init
                0x0000000008000a8c       0xf0 ./Src/esp82xx_driver.o
                0x0000000008000a8c                debug_uart_init
 .text.esp_uart_init
                0x0000000008000b7c       0xf8 ./Src/esp82xx_driver.o
                0x0000000008000b7c                esp_uart_init
 .text.compute_uart_bd
                0x0000000008000c74       0x26 ./Src/esp82xx_driver.o
 *fill*         0x0000000008000c9a        0x2 
 .text.uart_set_baudrate
                0x0000000008000c9c       0x28 ./Src/esp82xx_driver.o
 .text.esp8266_init
                0x0000000008000cc4       0x2a ./Src/esp82xx_lib.o
                0x0000000008000cc4                esp8266_init
 *fill*         0x0000000008000cee        0x2 
 .text.esp82xx_startup_test
                0x0000000008000cf0       0x38 ./Src/esp82xx_lib.o
 .text.esp82xx_reset
                0x0000000008000d28       0x40 ./Src/esp82xx_lib.o
 .text.esp82xx_sta_mode
                0x0000000008000d68       0x38 ./Src/esp82xx_lib.o
 .text.esp82xx_ap_connect
                0x0000000008000da0       0x74 ./Src/esp82xx_lib.o
 .text.fpu_enable
                0x0000000008000e14       0x54 ./Src/fpu.o
                0x0000000008000e14                fpu_enable
 .text.main     0x0000000008000e68       0x30 ./Src/main.o
                0x0000000008000e68                main
 .text._sbrk    0x0000000008000e98       0x6c ./Src/sysmem.o
                0x0000000008000e98                _sbrk
 .text.systick_delay_ms
                0x0000000008000f04       0x3c ./Src/timebase.o
                0x0000000008000f04                systick_delay_ms
 .text.get_tick
                0x0000000008000f40       0x2c ./Src/timebase.o
                0x0000000008000f40                get_tick
 .text.tick_increment
                0x0000000008000f6c       0x1c ./Src/timebase.o
 .text.timebase_init
                0x0000000008000f88       0x48 ./Src/timebase.o
                0x0000000008000f88                timebase_init
 .text.SysTick_Handler
                0x0000000008000fd0        0xc ./Src/timebase.o
                0x0000000008000fd0                SysTick_Handler
 .text.Reset_Handler
                0x0000000008000fdc       0x50 ./Startup/startup_stm32f411retx.o
                0x0000000008000fdc                Reset_Handler
 .text.Default_Handler
                0x000000000800102c        0x2 ./Startup/startup_stm32f411retx.o
                0x000000000800102c                RTC_Alarm_IRQHandler
                0x000000000800102c                EXTI2_IRQHandler
                0x000000000800102c                DebugMon_Handler
                0x000000000800102c                SPI4_IRQHandler
                0x000000000800102c                TIM1_CC_IRQHandler
                0x000000000800102c                DMA2_Stream5_IRQHandler
                0x000000000800102c                HardFault_Handler
                0x000000000800102c                DMA1_Stream5_IRQHandler
                0x000000000800102c                PVD_IRQHandler
                0x000000000800102c                SDIO_IRQHandler
                0x000000000800102c                TAMP_STAMP_IRQHandler
                0x000000000800102c                PendSV_Handler
                0x000000000800102c                NMI_Handler
                0x000000000800102c                EXTI3_IRQHandler
                0x000000000800102c                TIM1_UP_TIM10_IRQHandler
                0x000000000800102c                I2C3_ER_IRQHandler
                0x000000000800102c                EXTI0_IRQHandler
                0x000000000800102c                I2C2_EV_IRQHandler
                0x000000000800102c                DMA1_Stream2_IRQHandler
                0x000000000800102c                FPU_IRQHandler
                0x000000000800102c                UsageFault_Handler
                0x000000000800102c                DMA2_Stream2_IRQHandler
                0x000000000800102c                SPI1_IRQHandler
                0x000000000800102c                TIM1_BRK_TIM9_IRQHandler
                0x000000000800102c                DMA2_Stream3_IRQHandler
                0x000000000800102c                USART6_IRQHandler
                0x000000000800102c                DMA2_Stream0_IRQHandler
                0x000000000800102c                TIM4_IRQHandler
                0x000000000800102c                I2C1_EV_IRQHandler
                0x000000000800102c                DMA1_Stream6_IRQHandler
                0x000000000800102c                DMA1_Stream1_IRQHandler
                0x000000000800102c                TIM3_IRQHandler
                0x000000000800102c                RCC_IRQHandler
                0x000000000800102c                Default_Handler
                0x000000000800102c                EXTI15_10_IRQHandler
                0x000000000800102c                ADC_IRQHandler
                0x000000000800102c                DMA1_Stream7_IRQHandler
                0x000000000800102c                SPI5_IRQHandler
                0x000000000800102c                TIM5_IRQHandler
                0x000000000800102c                DMA2_Stream7_IRQHandler
                0x000000000800102c                I2C3_EV_IRQHandler
                0x000000000800102c                EXTI9_5_IRQHandler
                0x000000000800102c                RTC_WKUP_IRQHandler
                0x000000000800102c                SPI2_IRQHandler
                0x000000000800102c                MemManage_Handler
                0x000000000800102c                DMA1_Stream0_IRQHandler
                0x000000000800102c                SVC_Handler
                0x000000000800102c                EXTI4_IRQHandler
                0x000000000800102c                WWDG_IRQHandler
                0x000000000800102c                TIM2_IRQHandler
                0x000000000800102c                OTG_FS_WKUP_IRQHandler
                0x000000000800102c                TIM1_TRG_COM_TIM11_IRQHandler
                0x000000000800102c                EXTI1_IRQHandler
                0x000000000800102c                I2C2_ER_IRQHandler
                0x000000000800102c                DMA2_Stream1_IRQHandler
                0x000000000800102c                FLASH_IRQHandler
                0x000000000800102c                DMA2_Stream4_IRQHandler
                0x000000000800102c                BusFault_Handler
                0x000000000800102c                OTG_FS_IRQHandler
                0x000000000800102c                SPI3_IRQHandler
                0x000000000800102c                DMA1_Stream4_IRQHandler
                0x000000000800102c                I2C1_ER_IRQHandler
                0x000000000800102c                DMA2_Stream6_IRQHandler
                0x000000000800102c                DMA1_Stream3_IRQHandler
 *fill*         0x000000000800102e        0x2 
 .text.__errno  0x0000000008001030        0xc c:/st/stm32cubeide_1.11.2/stm32cubeide/plugins/com.st.stm32cube.ide.mcu.externaltools.gnu-tools-for-stm32.10.3-2021.10.win32_1.0.100.202210260954/tools/bin/../lib/gcc/arm-none-eabi/10.3.1/../../../../arm-none-eabi/lib/thumb/v7e-m+fp/hard\libc_nano.a(lib_a-errno.o)
                0x0000000008001030                __errno
 .text.__libc_init_array
                0x000000000800103c       0x48 c:/st/stm32cubeide_1.11.2/stm32cubeide/plugins/com.st.stm32cube.ide.mcu.externaltools.gnu-tools-for-stm32.10.3-2021.10.win32_1.0.100.202210260954/tools/bin/../lib/gcc/arm-none-eabi/10.3.1/../../../../arm-none-eabi/lib/thumb/v7e-m+fp/hard\libc_nano.a(lib_a-init.o)
                0x000000000800103c                __libc_init_array
 .text.memset   0x0000000008001084       0x10 c:/st/stm32cubeide_1.11.2/stm32cubeide/plugins/com.st.stm32cube.ide.mcu.externaltools.gnu-tools-for-stm32.10.3-2021.10.win32_1.0.100.202210260954/tools/bin/../lib/gcc/arm-none-eabi/10.3.1/../../../../arm-none-eabi/lib/thumb/v7e-m+fp/hard\libc_nano.a(lib_a-memset.o)
                0x0000000008001084                memset
 .text.sprintf  0x0000000008001094       0x40 c:/st/stm32cubeide_1.11.2/stm32cubeide/plugins/com.st.stm32cube.ide.mcu.externaltools.gnu-tools-for-stm32.10.3-2021.10.win32_1.0.100.202210260954/tools/bin/../lib/gcc/arm-none-eabi/10.3.1/../../../../arm-none-eabi/lib/thumb/v7e-m+fp/hard\libc_nano.a(lib_a-sprintf.o)
                0x0000000008001094                siprintf
                0x0000000008001094                sprintf
 .text.__ssputs_r
                0x00000000080010d4       0xb6 c:/st/stm32cubeide_1.11.2/stm32cubeide/plugins/com.st.stm32cube.ide.mcu.externaltools.gnu-tools-for-stm32.10.3-2021.10.win32_1.0.100.202210260954/tools/bin/../lib/gcc/arm-none-eabi/10.3.1/../../../../arm-none-eabi/lib/thumb/v7e-m+fp/hard\libc_nano.a(lib_a-nano-svfprintf.o)
                0x00000000080010d4                __ssputs_r
 *fill*         0x000000000800118a        0x2 
 .text._svfprintf_r
                0x000000000800118c      0x200 c:/st/stm32cubeide_1.11.2/stm32cubeide/plugins/com.st.stm32cube.ide.mcu.externaltools.gnu-tools-for-stm32.10.3-2021.10.win32_1.0.100.202210260954/tools/bin/../lib/gcc/arm-none-eabi/10.3.1/../../../../arm-none-eabi/lib/thumb/v7e-m+fp/hard\libc_nano.a(lib_a-nano-svfprintf.o)
                0x000000000800118c                _svfiprintf_r
                0x000000000800118c                _svfprintf_r
 .text._printf_common
                0x000000000800138c       0xda c:/st/stm32cubeide_1.11.2/stm32cubeide/plugins/com.st.stm32cube.ide.mcu.externaltools.gnu-tools-for-stm32.10.3-2021.10.win32_1.0.100.202210260954/tools/bin/../lib/gcc/arm-none-eabi/10.3.1/../../../../arm-none-eabi/lib/thumb/v7e-m+fp/hard\libc_nano.a(lib_a-nano-vfprintf_i.o)
                0x000000000800138c                _printf_common
 *fill*         0x0000000008001466        0x2 
 .text._printf_i
                0x0000000008001468      0x24c c:/st/stm32cubeide_1.11.2/stm32cubeide/plugins/com.st.stm32cube.ide.mcu.externaltools.gnu-tools-for-stm32.10.3-2021.10.win32_1.0.100.202210260954/tools/bin/../lib/gcc/arm-none-eabi/10.3.1/../../../../arm-none-eabi/lib/thumb/v7e-m+fp/hard\libc_nano.a(lib_a-nano-vfprintf_i.o)
                0x0000000008001468                _printf_i
 .text.memcpy   0x00000000080016b4       0x1c c:/st/stm32cubeide_1.11.2/stm32cubeide/plugins/com.st.stm32cube.ide.mcu.externaltools.gnu-tools-for-stm32.10.3-2021.10.win32_1.0.100.202210260954/tools/bin/../lib/gcc/arm-none-eabi/10.3.1/../../../../arm-none-eabi/lib/thumb/v7e-m+fp/hard\libc_nano.a(lib_a-memcpy-stub.o)
                0x00000000080016b4                memcpy
 .text.memmove  0x00000000080016d0       0x34 c:/st/stm32cubeide_1.11.2/stm32cubeide/plugins/com.st.stm32cube.ide.mcu.externaltools.gnu-tools-for-stm32.10.3-2021.10.win32_1.0.100.202210260954/tools/bin/../lib/gcc/arm-none-eabi/10.3.1/../../../../arm-none-eabi/lib/thumb/v7e-m+fp/hard\libc_nano.a(lib_a-memmove.o)
                0x00000000080016d0                memmove
 .text._free_r  0x0000000008001704       0x98 c:/st/stm32cubeide_1.11.2/stm32cubeide/plugins/com.st.stm32cube.ide.mcu.externaltools.gnu-tools-for-stm32.10.3-2021.10.win32_1.0.100.202210260954/tools/bin/../lib/gcc/arm-none-eabi/10.3.1/../../../../arm-none-eabi/lib/thumb/v7e-m+fp/hard\libc_nano.a(lib_a-nano-freer.o)
                0x0000000008001704                _free_r
 .text.sbrk_aligned
                0x000000000800179c       0x40 c:/st/stm32cubeide_1.11.2/stm32cubeide/plugins/com.st.stm32cube.ide.mcu.externaltools.gnu-tools-for-stm32.10.3-2021.10.win32_1.0.100.202210260954/tools/bin/../lib/gcc/arm-none-eabi/10.3.1/../../../../arm-none-eabi/lib/thumb/v7e-m+fp/hard\libc_nano.a(lib_a-nano-mallocr.o)
 .text._malloc_r
                0x00000000080017dc       0xe8 c:/st/stm32cubeide_1.11.2/stm32cubeide/plugins/com.st.stm32cube.ide.mcu.externaltools.gnu-tools-for-stm32.10.3-2021.10.win32_1.0.100.202210260954/tools/bin/../lib/gcc/arm-none-eabi/10.3.1/../../../../arm-none-eabi/lib/thumb/v7e-m+fp/hard\libc_nano.a(lib_a-nano-mallocr.o)
                0x00000000080017dc                _malloc_r
 .text._realloc_r
                0x00000000080018c4       0x5e c:/st/stm32cubeide_1.11.2/stm32cubeide/plugins/com.st.stm32cube.ide.mcu.externaltools.gnu-tools-for-stm32.10.3-2021.10.win32_1.0.100.202210260954/tools/bin/../lib/gcc/arm-none-eabi/10.3.1/../../../../arm-none-eabi/lib/thumb/v7e-m+fp/hard\libc_nano.a(lib_a-nano-reallocr.o)
                0x00000000080018c4                _realloc_r
 *fill*         0x0000000008001922        0x2 
 .text._sbrk_r  0x0000000008001924       0x20 c:/st/stm32cubeide_1.11.2/stm32cubeide/plugins/com.st.stm32cube.ide.mcu.externaltools.gnu-tools-for-stm32.10.3-2021.10.win32_1.0.100.202210260954/tools/bin/../lib/gcc/arm-none-eabi/10.3.1/../../../../arm-none-eabi/lib/thumb/v7e-m+fp/hard\libc_nano.a(lib_a-sbrkr.o)
                0x0000000008001924                _sbrk_r
 .text.__malloc_lock
                0x0000000008001944        0xc c:/st/stm32cubeide_1.11.2/stm32cubeide/plugins/com.st.stm32cube.ide.mcu.externaltools.gnu-tools-for-stm32.10.3-2021.10.win32_1.0.100.202210260954/tools/bin/../lib/gcc/arm-none-eabi/10.3.1/../../../../arm-none-eabi/lib/thumb/v7e-m+fp/hard\libc_nano.a(lib_a-mlock.o)
                0x0000000008001944                __malloc_lock
 .text.__malloc_unlock
                0x0000000008001950        0xc c:/st/stm32cubeide_1.11.2/stm32cubeide/plugins/com.st.stm32cube.ide.mcu.externaltools.gnu-tools-for-stm32.10.3-2021.10.win32_1.0.100.202210260954/tools/bin/../lib/gcc/arm-none-eabi/10.3.1/../../../../arm-none-eabi/lib/thumb/v7e-m+fp/hard\libc_nano.a(lib_a-mlock.o)
                0x0000000008001950                __malloc_unlock
 .text._malloc_usable_size_r
                0x000000000800195c       0x10 c:/st/stm32cubeide_1.11.2/stm32cubeide/plugins/com.st.stm32cube.ide.mcu.externaltools.gnu-tools-for-stm32.10.3-2021.10.win32_1.0.100.202210260954/tools/bin/../lib/gcc/arm-none-eabi/10.3.1/../../../../arm-none-eabi/lib/thumb/v7e-m+fp/hard\libc_nano.a(lib_a-nano-msizer.o)
                0x000000000800195c                _malloc_usable_size_r
 .text.__retarget_lock_acquire_recursive
                0x000000000800196c        0x2 c:/st/stm32cubeide_1.11.2/stm32cubeide/plugins/com.st.stm32cube.ide.mcu.externaltools.gnu-tools-for-stm32.10.3-2021.10.win32_1.0.100.202210260954/tools/bin/../lib/gcc/arm-none-eabi/10.3.1/../../../../arm-none-eabi/lib/thumb/v7e-m+fp/hard\libc_nano.a(lib_a-lock.o)
                0x000000000800196c                __retarget_lock_acquire_recursive
 .text.__retarget_lock_release_recursive
                0x000000000800196e        0x2 c:/st/stm32cubeide_1.11.2/stm32cubeide/plugins/com.st.stm32cube.ide.mcu.externaltools.gnu-tools-for-stm32.10.3-2021.10.win32_1.0.100.202210260954/tools/bin/../lib/gcc/arm-none-eabi/10.3.1/../../../../arm-none-eabi/lib/thumb/v7e-m+fp/hard\libc_nano.a(lib_a-lock.o)
                0x000000000800196e                __retarget_lock_release_recursive
 *(.glue_7)
 .glue_7        0x0000000008001970        0x0 linker stubs
 *(.glue_7t)
 .glue_7t       0x0000000008001970        0x0 linker stubs
 *(.eh_frame)
 .eh_frame      0x0000000008001970        0x0 c:/st/stm32cubeide_1.11.2/stm32cubeide/plugins/com.st.stm32cube.ide.mcu.externaltools.gnu-tools-for-stm32.10.3-2021.10.win32_1.0.100.202210260954/tools/bin/../lib/gcc/arm-none-eabi/10.3.1/thumb/v7e-m+fp/hard/crtbegin.o
 *(.init)
 .init          0x0000000008001970        0x4 c:/st/stm32cubeide_1.11.2/stm32cubeide/plugins/com.st.stm32cube.ide.mcu.externaltools.gnu-tools-for-stm32.10.3-2021.10.win32_1.0.100.202210260954/tools/bin/../lib/gcc/arm-none-eabi/10.3.1/thumb/v7e-m+fp/hard/crti.o
                0x0000000008001970                _init
 .init          0x0000000008001974        0x8 c:/st/stm32cubeide_1.11.2/stm32cubeide/plugins/com.st.stm32cube.ide.mcu.externaltools.gnu-tools-for-stm32.10.3-2021.10.win32_1.0.100.202210260954/tools/bin/../lib/gcc/arm-none-eabi/10.3.1/thumb/v7e-m+fp/hard/crtn.o
 *(.fini)
 .fini          0x000000000800197c        0x4 c:/st/stm32cubeide_1.11.2/stm32cubeide/plugins/com.st.stm32cube.ide.mcu.externaltools.gnu-tools-for-stm32.10.3-2021.10.win32_1.0.100.202210260954/tools/bin/../lib/gcc/arm-none-eabi/10.3.1/thumb/v7e-m+fp/hard/crti.o
                0x000000000800197c                _fini
 .fini          0x0000000008001980        0x8 c:/st/stm32cubeide_1.11.2/stm32cubeide/plugins/com.st.stm32cube.ide.mcu.externaltools.gnu-tools-for-stm32.10.3-2021.10.win32_1.0.100.202210260954/tools/bin/../lib/gcc/arm-none-eabi/10.3.1/thumb/v7e-m+fp/hard/crtn.o
                0x0000000008001988                . = ALIGN (0x4)
                0x0000000008001988                _etext = .

.vfp11_veneer   0x0000000008001988        0x0
 .vfp11_veneer  0x0000000008001988        0x0 linker stubs

.v4_bx          0x0000000008001988        0x0
 .v4_bx         0x0000000008001988        0x0 linker stubs

.iplt           0x0000000008001988        0x0
 .iplt          0x0000000008001988        0x0 c:/st/stm32cubeide_1.11.2/stm32cubeide/plugins/com.st.stm32cube.ide.mcu.externaltools.gnu-tools-for-stm32.10.3-2021.10.win32_1.0.100.202210260954/tools/bin/../lib/gcc/arm-none-eabi/10.3.1/thumb/v7e-m+fp/hard/crtbegin.o

.rodata         0x0000000008001988      0x128
                0x0000000008001988                . = ALIGN (0x4)
 *(.rodata)
 .rodata        0x0000000008001988       0xdb ./Src/esp82xx_lib.o
 *fill*         0x0000000008001a63        0x1 
 .rodata        0x0000000008001a64       0x19 ./Src/main.o
 *(.rodata*)
 .rodata._svfprintf_r.str1.1
                0x0000000008001a7d       0x11 c:/st/stm32cubeide_1.11.2/stm32cubeide/plugins/com.st.stm32cube.ide.mcu.externaltools.gnu-tools-for-stm32.10.3-2021.10.win32_1.0.100.202210260954/tools/bin/../lib/gcc/arm-none-eabi/10.3.1/../../../../arm-none-eabi/lib/thumb/v7e-m+fp/hard\libc_nano.a(lib_a-nano-svfprintf.o)
 .rodata._printf_i.str1.1
                0x0000000008001a8e       0x22 c:/st/stm32cubeide_1.11.2/stm32cubeide/plugins/com.st.stm32cube.ide.mcu.externaltools.gnu-tools-for-stm32.10.3-2021.10.win32_1.0.100.202210260954/tools/bin/../lib/gcc/arm-none-eabi/10.3.1/../../../../arm-none-eabi/lib/thumb/v7e-m+fp/hard\libc_nano.a(lib_a-nano-vfprintf_i.o)
                0x0000000008001ab0                . = ALIGN (0x4)

.rel.dyn        0x0000000008001ab0        0x0
 .rel.iplt      0x0000000008001ab0        0x0 c:/st/stm32cubeide_1.11.2/stm32cubeide/plugins/com.st.stm32cube.ide.mcu.externaltools.gnu-tools-for-stm32.10.3-2021.10.win32_1.0.100.202210260954/tools/bin/../lib/gcc/arm-none-eabi/10.3.1/thumb/v7e-m+fp/hard/crtbegin.o

.ARM.extab      0x0000000008001ab0        0x0
                0x0000000008001ab0                . = ALIGN (0x4)
 *(.ARM.extab* .gnu.linkonce.armextab.*)
                0x0000000008001ab0                . = ALIGN (0x4)

.ARM            0x0000000008001ab0        0x0
                0x0000000008001ab0                . = ALIGN (0x4)
                0x0000000008001ab0                __exidx_start = .
 *(.ARM.exidx*)
                0x0000000008001ab0                __exidx_end = .
                0x0000000008001ab0                . = ALIGN (0x4)

.preinit_array  0x0000000008001ab0        0x0
                0x0000000008001ab0                . = ALIGN (0x4)
                0x0000000008001ab0                PROVIDE (__preinit_array_start = .)
 *(.preinit_array*)
                0x0000000008001ab0                PROVIDE (__preinit_array_end = .)
                0x0000000008001ab0                . = ALIGN (0x4)

.init_array     0x0000000008001ab0        0x4
                0x0000000008001ab0                . = ALIGN (0x4)
                0x0000000008001ab0                PROVIDE (__init_array_start = .)
 *(SORT_BY_NAME(.init_array.*))
 *(.init_array*)
 .init_array    0x0000000008001ab0        0x4 c:/st/stm32cubeide_1.11.2/stm32cubeide/plugins/com.st.stm32cube.ide.mcu.externaltools.gnu-tools-for-stm32.10.3-2021.10.win32_1.0.100.202210260954/tools/bin/../lib/gcc/arm-none-eabi/10.3.1/thumb/v7e-m+fp/hard/crtbegin.o
                0x0000000008001ab4                PROVIDE (__init_array_end = .)
                0x0000000008001ab4                . = ALIGN (0x4)

.fini_array     0x0000000008001ab4        0x4
                0x0000000008001ab4                . = ALIGN (0x4)
                [!provide]                        PROVIDE (__fini_array_start = .)
 *(SORT_BY_NAME(.fini_array.*))
 *(.fini_array*)
 .fini_array    0x0000000008001ab4        0x4 c:/st/stm32cubeide_1.11.2/stm32cubeide/plugins/com.st.stm32cube.ide.mcu.externaltools.gnu-tools-for-stm32.10.3-2021.10.win32_1.0.100.202210260954/tools/bin/../lib/gcc/arm-none-eabi/10.3.1/thumb/v7e-m+fp/hard/crtbegin.o
                [!provide]                        PROVIDE (__fini_array_end = .)
                0x0000000008001ab8                . = ALIGN (0x4)
                0x0000000008001ab8                _sidata = LOADADDR (.data)

.data           0x0000000020000000       0x64 load address 0x0000000008001ab8
                0x0000000020000000                . = ALIGN (0x4)
                0x0000000020000000                _sdata = .
 *(.data)
 *(.data*)
 .data._impure_ptr
                0x0000000020000000        0x4 c:/st/stm32cubeide_1.11.2/stm32cubeide/plugins/com.st.stm32cube.ide.mcu.externaltools.gnu-tools-for-stm32.10.3-2021.10.win32_1.0.100.202210260954/tools/bin/../lib/gcc/arm-none-eabi/10.3.1/../../../../arm-none-eabi/lib/thumb/v7e-m+fp/hard\libc_nano.a(lib_a-impure.o)
                0x0000000020000000                _impure_ptr
 .data.impure_data
                0x0000000020000004       0x60 c:/st/stm32cubeide_1.11.2/stm32cubeide/plugins/com.st.stm32cube.ide.mcu.externaltools.gnu-tools-for-stm32.10.3-2021.10.win32_1.0.100.202210260954/tools/bin/../lib/gcc/arm-none-eabi/10.3.1/../../../../arm-none-eabi/lib/thumb/v7e-m+fp/hard\libc_nano.a(lib_a-impure.o)
 *(.RamFunc)
 *(.RamFunc*)
                0x0000000020000064                . = ALIGN (0x4)
                0x0000000020000064                _edata = .

.igot.plt       0x0000000020000064        0x0 load address 0x0000000008001b1c
 .igot.plt      0x0000000020000064        0x0 c:/st/stm32cubeide_1.11.2/stm32cubeide/plugins/com.st.stm32cube.ide.mcu.externaltools.gnu-tools-for-stm32.10.3-2021.10.win32_1.0.100.202210260954/tools/bin/../lib/gcc/arm-none-eabi/10.3.1/thumb/v7e-m+fp/hard/crtbegin.o
                0x0000000020000064                . = ALIGN (0x4)

.bss            0x0000000020000064     0xac48 load address 0x0000000008001b1c
                0x0000000020000064                _sbss = .
                0x0000000020000064                __bss_start__ = _sbss
 *(.bss)
 .bss           0x0000000020000064       0x1c c:/st/stm32cubeide_1.11.2/stm32cubeide/plugins/com.st.stm32cube.ide.mcu.externaltools.gnu-tools-for-stm32.10.3-2021.10.win32_1.0.100.202210260954/tools/bin/../lib/gcc/arm-none-eabi/10.3.1/thumb/v7e-m+fp/hard/crtbegin.o
 *(.bss*)
 .bss.rx_buffer1
                0x0000000020000080     0x2b00 ./Src/circular_buffer.o
                0x0000000020000080                rx_buffer1
 .bss.tx_buffer1
                0x0000000020002b80     0x2b00 ./Src/circular_buffer.o
                0x0000000020002b80                tx_buffer1
 .bss.rx_buffer2
                0x0000000020005680     0x2b00 ./Src/circular_buffer.o
                0x0000000020005680                rx_buffer2
 .bss.tx_buffer2
                0x0000000020008180     0x2b00 ./Src/circular_buffer.o
                0x0000000020008180                tx_buffer2
 .bss._rx_buffer1
                0x000000002000ac80        0x4 ./Src/circular_buffer.o
                0x000000002000ac80                _rx_buffer1
 .bss._tx_buffer1
                0x000000002000ac84        0x4 ./Src/circular_buffer.o
                0x000000002000ac84                _tx_buffer1
 .bss._rx_buffer2
                0x000000002000ac88        0x4 ./Src/circular_buffer.o
                0x000000002000ac88                _rx_buffer2
 .bss._tx_buffer2
                0x000000002000ac8c        0x4 ./Src/circular_buffer.o
                0x000000002000ac8c                _tx_buffer2
 .bss.__sbrk_heap_end
                0x000000002000ac90        0x4 ./Src/sysmem.o
 .bss.g_curr_tick
                0x000000002000ac94        0x4 ./Src/timebase.o
                0x000000002000ac94                g_curr_tick
 .bss.g_curr_tick_p
                0x000000002000ac98        0x4 ./Src/timebase.o
                0x000000002000ac98                g_curr_tick_p
 .bss.__malloc_free_list
                0x000000002000ac9c        0x4 c:/st/stm32cubeide_1.11.2/stm32cubeide/plugins/com.st.stm32cube.ide.mcu.externaltools.gnu-tools-for-stm32.10.3-2021.10.win32_1.0.100.202210260954/tools/bin/../lib/gcc/arm-none-eabi/10.3.1/../../../../arm-none-eabi/lib/thumb/v7e-m+fp/hard\libc_nano.a(lib_a-nano-mallocr.o)
                0x000000002000ac9c                __malloc_free_list
 .bss.__malloc_sbrk_start
                0x000000002000aca0        0x4 c:/st/stm32cubeide_1.11.2/stm32cubeide/plugins/com.st.stm32cube.ide.mcu.externaltools.gnu-tools-for-stm32.10.3-2021.10.win32_1.0.100.202210260954/tools/bin/../lib/gcc/arm-none-eabi/10.3.1/../../../../arm-none-eabi/lib/thumb/v7e-m+fp/hard\libc_nano.a(lib_a-nano-mallocr.o)
                0x000000002000aca0                __malloc_sbrk_start
 .bss.errno     0x000000002000aca4        0x4 c:/st/stm32cubeide_1.11.2/stm32cubeide/plugins/com.st.stm32cube.ide.mcu.externaltools.gnu-tools-for-stm32.10.3-2021.10.win32_1.0.100.202210260954/tools/bin/../lib/gcc/arm-none-eabi/10.3.1/../../../../arm-none-eabi/lib/thumb/v7e-m+fp/hard\libc_nano.a(lib_a-reent.o)
                0x000000002000aca4                errno
 .bss.__lock___malloc_recursive_mutex
                0x000000002000aca8        0x1 c:/st/stm32cubeide_1.11.2/stm32cubeide/plugins/com.st.stm32cube.ide.mcu.externaltools.gnu-tools-for-stm32.10.3-2021.10.win32_1.0.100.202210260954/tools/bin/../lib/gcc/arm-none-eabi/10.3.1/../../../../arm-none-eabi/lib/thumb/v7e-m+fp/hard\libc_nano.a(lib_a-lock.o)
                0x000000002000aca8                __lock___malloc_recursive_mutex
 *(COMMON)
                0x000000002000acac                . = ALIGN (0x4)
 *fill*         0x000000002000aca9        0x3 
                0x000000002000acac                _ebss = .
                0x000000002000acac                __bss_end__ = _ebss

._user_heap_stack
                0x000000002000acac      0x604 load address 0x0000000008001b1c
                0x000000002000acb0                . = ALIGN (0x8)
 *fill*         0x000000002000acac        0x4 
                [!provide]                        PROVIDE (end = .)
                0x000000002000acb0                PROVIDE (_end = .)
                0x000000002000aeb0                . = (. + _Min_Heap_Size)
 *fill*         0x000000002000acb0      0x200 
                0x000000002000b2b0                . = (. + _Min_Stack_Size)
 *fill*         0x000000002000aeb0      0x400 
                0x000000002000b2b0                . = ALIGN (0x8)

/DISCARD/
 libc.a(*)
 libm.a(*)
 libgcc.a(*)

.ARM.attributes
                0x0000000000000000       0x30
 *(.ARM.attributes)
 .ARM.attributes
                0x0000000000000000       0x1e c:/st/stm32cubeide_1.11.2/stm32cubeide/plugins/com.st.stm32cube.ide.mcu.externaltools.gnu-tools-for-stm32.10.3-2021.10.win32_1.0.100.202210260954/tools/bin/../lib/gcc/arm-none-eabi/10.3.1/thumb/v7e-m+fp/hard/crti.o
 .ARM.attributes
                0x000000000000001e       0x34 c:/st/stm32cubeide_1.11.2/stm32cubeide/plugins/com.st.stm32cube.ide.mcu.externaltools.gnu-tools-for-stm32.10.3-2021.10.win32_1.0.100.202210260954/tools/bin/../lib/gcc/arm-none-eabi/10.3.1/thumb/v7e-m+fp/hard/crtbegin.o
 .ARM.attributes
                0x0000000000000052       0x34 ./Src/bsp.o
 .ARM.attributes
                0x0000000000000086       0x34 ./Src/circular_buffer.o
 .ARM.attributes
                0x00000000000000ba       0x34 ./Src/esp82xx_driver.o
 .ARM.attributes
                0x00000000000000ee       0x34 ./Src/esp82xx_lib.o
 .ARM.attributes
                0x0000000000000122       0x34 ./Src/fpu.o
 .ARM.attributes
                0x0000000000000156       0x34 ./Src/main.o
 .ARM.attributes
                0x000000000000018a       0x34 ./Src/sysmem.o
 .ARM.attributes
                0x00000000000001be       0x34 ./Src/timebase.o
 .ARM.attributes
                0x00000000000001f2       0x21 ./Startup/startup_stm32f411retx.o
 .ARM.attributes
                0x0000000000000213       0x34 c:/st/stm32cubeide_1.11.2/stm32cubeide/plugins/com.st.stm32cube.ide.mcu.externaltools.gnu-tools-for-stm32.10.3-2021.10.win32_1.0.100.202210260954/tools/bin/../lib/gcc/arm-none-eabi/10.3.1/../../../../arm-none-eabi/lib/thumb/v7e-m+fp/hard\libc_nano.a(lib_a-errno.o)
 .ARM.attributes
                0x0000000000000247       0x34 c:/st/stm32cubeide_1.11.2/stm32cubeide/plugins/com.st.stm32cube.ide.mcu.externaltools.gnu-tools-for-stm32.10.3-2021.10.win32_1.0.100.202210260954/tools/bin/../lib/gcc/arm-none-eabi/10.3.1/../../../../arm-none-eabi/lib/thumb/v7e-m+fp/hard\libc_nano.a(lib_a-impure.o)
 .ARM.attributes
                0x000000000000027b       0x34 c:/st/stm32cubeide_1.11.2/stm32cubeide/plugins/com.st.stm32cube.ide.mcu.externaltools.gnu-tools-for-stm32.10.3-2021.10.win32_1.0.100.202210260954/tools/bin/../lib/gcc/arm-none-eabi/10.3.1/../../../../arm-none-eabi/lib/thumb/v7e-m+fp/hard\libc_nano.a(lib_a-init.o)
 .ARM.attributes
                0x00000000000002af       0x34 c:/st/stm32cubeide_1.11.2/stm32cubeide/plugins/com.st.stm32cube.ide.mcu.externaltools.gnu-tools-for-stm32.10.3-2021.10.win32_1.0.100.202210260954/tools/bin/../lib/gcc/arm-none-eabi/10.3.1/../../../../arm-none-eabi/lib/thumb/v7e-m+fp/hard\libc_nano.a(lib_a-memset.o)
 .ARM.attributes
                0x00000000000002e3       0x34 c:/st/stm32cubeide_1.11.2/stm32cubeide/plugins/com.st.stm32cube.ide.mcu.externaltools.gnu-tools-for-stm32.10.3-2021.10.win32_1.0.100.202210260954/tools/bin/../lib/gcc/arm-none-eabi/10.3.1/../../../../arm-none-eabi/lib/thumb/v7e-m+fp/hard\libc_nano.a(lib_a-sprintf.o)
 .ARM.attributes
                0x0000000000000317       0x17 c:/st/stm32cubeide_1.11.2/stm32cubeide/plugins/com.st.stm32cube.ide.mcu.externaltools.gnu-tools-for-stm32.10.3-2021.10.win32_1.0.100.202210260954/tools/bin/../lib/gcc/arm-none-eabi/10.3.1/../../../../arm-none-eabi/lib/thumb/v7e-m+fp/hard\libc_nano.a(lib_a-strlen.o)
 .ARM.attributes
                0x000000000000032e       0x34 c:/st/stm32cubeide_1.11.2/stm32cubeide/plugins/com.st.stm32cube.ide.mcu.externaltools.gnu-tools-for-stm32.10.3-2021.10.win32_1.0.100.202210260954/tools/bin/../lib/gcc/arm-none-eabi/10.3.1/../../../../arm-none-eabi/lib/thumb/v7e-m+fp/hard\libc_nano.a(lib_a-nano-svfprintf.o)
 .ARM.attributes
                0x0000000000000362       0x34 c:/st/stm32cubeide_1.11.2/stm32cubeide/plugins/com.st.stm32cube.ide.mcu.externaltools.gnu-tools-for-stm32.10.3-2021.10.win32_1.0.100.202210260954/tools/bin/../lib/gcc/arm-none-eabi/10.3.1/../../../../arm-none-eabi/lib/thumb/v7e-m+fp/hard\libc_nano.a(lib_a-nano-vfprintf_i.o)
 .ARM.attributes
                0x0000000000000396       0x1c c:/st/stm32cubeide_1.11.2/stm32cubeide/plugins/com.st.stm32cube.ide.mcu.externaltools.gnu-tools-for-stm32.10.3-2021.10.win32_1.0.100.202210260954/tools/bin/../lib/gcc/arm-none-eabi/10.3.1/../../../../arm-none-eabi/lib/thumb/v7e-m+fp/hard\libc_nano.a(lib_a-memchr.o)
 .ARM.attributes
                0x00000000000003b2       0x34 c:/st/stm32cubeide_1.11.2/stm32cubeide/plugins/com.st.stm32cube.ide.mcu.externaltools.gnu-tools-for-stm32.10.3-2021.10.win32_1.0.100.202210260954/tools/bin/../lib/gcc/arm-none-eabi/10.3.1/../../../../arm-none-eabi/lib/thumb/v7e-m+fp/hard\libc_nano.a(lib_a-memcpy-stub.o)
 .ARM.attributes
                0x00000000000003e6       0x34 c:/st/stm32cubeide_1.11.2/stm32cubeide/plugins/com.st.stm32cube.ide.mcu.externaltools.gnu-tools-for-stm32.10.3-2021.10.win32_1.0.100.202210260954/tools/bin/../lib/gcc/arm-none-eabi/10.3.1/../../../../arm-none-eabi/lib/thumb/v7e-m+fp/hard\libc_nano.a(lib_a-memmove.o)
 .ARM.attributes
                0x000000000000041a       0x34 c:/st/stm32cubeide_1.11.2/stm32cubeide/plugins/com.st.stm32cube.ide.mcu.externaltools.gnu-tools-for-stm32.10.3-2021.10.win32_1.0.100.202210260954/tools/bin/../lib/gcc/arm-none-eabi/10.3.1/../../../../arm-none-eabi/lib/thumb/v7e-m+fp/hard\libc_nano.a(lib_a-nano-freer.o)
 .ARM.attributes
                0x000000000000044e       0x34 c:/st/stm32cubeide_1.11.2/stm32cubeide/plugins/com.st.stm32cube.ide.mcu.externaltools.gnu-tools-for-stm32.10.3-2021.10.win32_1.0.100.202210260954/tools/bin/../lib/gcc/arm-none-eabi/10.3.1/../../../../arm-none-eabi/lib/thumb/v7e-m+fp/hard\libc_nano.a(lib_a-nano-mallocr.o)
 .ARM.attributes
                0x0000000000000482       0x34 c:/st/stm32cubeide_1.11.2/stm32cubeide/plugins/com.st.stm32cube.ide.mcu.externaltools.gnu-tools-for-stm32.10.3-2021.10.win32_1.0.100.202210260954/tools/bin/../lib/gcc/arm-none-eabi/10.3.1/../../../../arm-none-eabi/lib/thumb/v7e-m+fp/hard\libc_nano.a(lib_a-nano-reallocr.o)
 .ARM.attributes
                0x00000000000004b6       0x34 c:/st/stm32cubeide_1.11.2/stm32cubeide/plugins/com.st.stm32cube.ide.mcu.externaltools.gnu-tools-for-stm32.10.3-2021.10.win32_1.0.100.202210260954/tools/bin/../lib/gcc/arm-none-eabi/10.3.1/../../../../arm-none-eabi/lib/thumb/v7e-m+fp/hard\libc_nano.a(lib_a-sbrkr.o)
 .ARM.attributes
                0x00000000000004ea       0x34 c:/st/stm32cubeide_1.11.2/stm32cubeide/plugins/com.st.stm32cube.ide.mcu.externaltools.gnu-tools-for-stm32.10.3-2021.10.win32_1.0.100.202210260954/tools/bin/../lib/gcc/arm-none-eabi/10.3.1/../../../../arm-none-eabi/lib/thumb/v7e-m+fp/hard\libc_nano.a(lib_a-mlock.o)
 .ARM.attributes
                0x000000000000051e       0x34 c:/st/stm32cubeide_1.11.2/stm32cubeide/plugins/com.st.stm32cube.ide.mcu.externaltools.gnu-tools-for-stm32.10.3-2021.10.win32_1.0.100.202210260954/tools/bin/../lib/gcc/arm-none-eabi/10.3.1/../../../../arm-none-eabi/lib/thumb/v7e-m+fp/hard\libc_nano.a(lib_a-nano-msizer.o)
 .ARM.attributes
                0x0000000000000552       0x34 c:/st/stm32cubeide_1.11.2/stm32cubeide/plugins/com.st.stm32cube.ide.mcu.externaltools.gnu-tools-for-stm32.10.3-2021.10.win32_1.0.100.202210260954/tools/bin/../lib/gcc/arm-none-eabi/10.3.1/../../../../arm-none-eabi/lib/thumb/v7e-m+fp/hard\libc_nano.a(lib_a-reent.o)
 .ARM.attributes
                0x0000000000000586       0x34 c:/st/stm32cubeide_1.11.2/stm32cubeide/plugins/com.st.stm32cube.ide.mcu.externaltools.gnu-tools-for-stm32.10.3-2021.10.win32_1.0.100.202210260954/tools/bin/../lib/gcc/arm-none-eabi/10.3.1/../../../../arm-none-eabi/lib/thumb/v7e-m+fp/hard\libc_nano.a(lib_a-lock.o)
 .ARM.attributes
                0x00000000000005ba       0x1e c:/st/stm32cubeide_1.11.2/stm32cubeide/plugins/com.st.stm32cube.ide.mcu.externaltools.gnu-tools-for-stm32.10.3-2021.10.win32_1.0.100.202210260954/tools/bin/../lib/gcc/arm-none-eabi/10.3.1/thumb/v7e-m+fp/hard/crtn.o
OUTPUT(7_esp82xx_lib.elf elf32-littlearm)
LOAD linker stubs
LOAD c:/st/stm32cubeide_1.11.2/stm32cubeide/plugins/com.st.stm32cube.ide.mcu.externaltools.gnu-tools-for-stm32.10.3-2021.10.win32_1.0.100.202210260954/tools/bin/../lib/gcc/arm-none-eabi/10.3.1/../../../../arm-none-eabi/lib/thumb/v7e-m+fp/hard\libc.a
LOAD c:/st/stm32cubeide_1.11.2/stm32cubeide/plugins/com.st.stm32cube.ide.mcu.externaltools.gnu-tools-for-stm32.10.3-2021.10.win32_1.0.100.202210260954/tools/bin/../lib/gcc/arm-none-eabi/10.3.1/../../../../arm-none-eabi/lib/thumb/v7e-m+fp/hard\libm.a
LOAD c:/st/stm32cubeide_1.11.2/stm32cubeide/plugins/com.st.stm32cube.ide.mcu.externaltools.gnu-tools-for-stm32.10.3-2021.10.win32_1.0.100.202210260954/tools/bin/../lib/gcc/arm-none-eabi/10.3.1/thumb/v7e-m+fp/hard\libgcc.a

.debug_info     0x0000000000000000     0x1a58
 .debug_info    0x0000000000000000      0x394 ./Src/bsp.o
 .debug_info    0x0000000000000394      0x5fc ./Src/circular_buffer.o
 .debug_info    0x0000000000000990      0x7ef ./Src/esp82xx_driver.o
 .debug_info    0x000000000000117f      0x201 ./Src/esp82xx_lib.o
 .debug_info    0x0000000000001380      0x272 ./Src/fpu.o
 .debug_info    0x00000000000015f2       0xe1 ./Src/main.o
 .debug_info    0x00000000000016d3      0x171 ./Src/sysmem.o
 .debug_info    0x0000000000001844      0x1f2 ./Src/timebase.o
 .debug_info    0x0000000000001a36       0x22 ./Startup/startup_stm32f411retx.o

.debug_abbrev   0x0000000000000000      0xa08
 .debug_abbrev  0x0000000000000000       0xcb ./Src/bsp.o
 .debug_abbrev  0x00000000000000cb      0x2be ./Src/circular_buffer.o
 .debug_abbrev  0x0000000000000389      0x1e1 ./Src/esp82xx_driver.o
 .debug_abbrev  0x000000000000056a      0x133 ./Src/esp82xx_lib.o
 .debug_abbrev  0x000000000000069d       0xb6 ./Src/fpu.o
 .debug_abbrev  0x0000000000000753       0x7f ./Src/main.o
 .debug_abbrev  0x00000000000007d2       0xbb ./Src/sysmem.o
 .debug_abbrev  0x000000000000088d      0x169 ./Src/timebase.o
 .debug_abbrev  0x00000000000009f6       0x12 ./Startup/startup_stm32f411retx.o

.debug_aranges  0x0000000000000000      0x238
 .debug_aranges
                0x0000000000000000       0x40 ./Src/bsp.o
 .debug_aranges
                0x0000000000000040       0x90 ./Src/circular_buffer.o
 .debug_aranges
                0x00000000000000d0       0x60 ./Src/esp82xx_driver.o
 .debug_aranges
                0x0000000000000130       0x40 ./Src/esp82xx_lib.o
 .debug_aranges
                0x0000000000000170       0x20 ./Src/fpu.o
 .debug_aranges
                0x0000000000000190       0x20 ./Src/main.o
 .debug_aranges
                0x00000000000001b0       0x20 ./Src/sysmem.o
 .debug_aranges
                0x00000000000001d0       0x40 ./Src/timebase.o
 .debug_aranges
                0x0000000000000210       0x28 ./Startup/startup_stm32f411retx.o

.debug_ranges   0x0000000000000000      0x1b0
 .debug_ranges  0x0000000000000000       0x30 ./Src/bsp.o
 .debug_ranges  0x0000000000000030       0x80 ./Src/circular_buffer.o
 .debug_ranges  0x00000000000000b0       0x50 ./Src/esp82xx_driver.o
 .debug_ranges  0x0000000000000100       0x30 ./Src/esp82xx_lib.o
 .debug_ranges  0x0000000000000130       0x10 ./Src/fpu.o
 .debug_ranges  0x0000000000000140       0x10 ./Src/main.o
 .debug_ranges  0x0000000000000150       0x10 ./Src/sysmem.o
 .debug_ranges  0x0000000000000160       0x30 ./Src/timebase.o
 .debug_ranges  0x0000000000000190       0x20 ./Startup/startup_stm32f411retx.o

.debug_macro    0x0000000000000000     0x1dce
 .debug_macro   0x0000000000000000      0x105 ./Src/bsp.o
 .debug_macro   0x0000000000000105       0x22 ./Src/bsp.o
 .debug_macro   0x0000000000000127      0x1d2 ./Src/circular_buffer.o
 .debug_macro   0x00000000000002f9       0x10 ./Src/circular_buffer.o
 .debug_macro   0x0000000000000309       0x52 ./Src/circular_buffer.o
 .debug_macro   0x000000000000035b       0x1e ./Src/circular_buffer.o
 .debug_macro   0x0000000000000379       0x3c ./Src/circular_buffer.o
 .debug_macro   0x00000000000003b5       0x34 ./Src/circular_buffer.o
 .debug_macro   0x00000000000003e9      0x174 ./Src/circular_buffer.o
 .debug_macro   0x000000000000055d       0x16 ./Src/circular_buffer.o
 .debug_macro   0x0000000000000573       0x43 ./Src/circular_buffer.o
 .debug_macro   0x00000000000005b6       0x34 ./Src/circular_buffer.o
 .debug_macro   0x00000000000005ea       0x10 ./Src/circular_buffer.o
 .debug_macro   0x00000000000005fa       0x58 ./Src/circular_buffer.o
 .debug_macro   0x0000000000000652       0x71 ./Src/circular_buffer.o
 .debug_macro   0x00000000000006c3       0x1c ./Src/circular_buffer.o
 .debug_macro   0x00000000000006df      0x12a ./Src/circular_buffer.o
 .debug_macro   0x0000000000000809      0x341 ./Src/circular_buffer.o
 .debug_macro   0x0000000000000b4a       0x10 ./Src/circular_buffer.o
 .debug_macro   0x0000000000000b5a       0x35 ./Src/circular_buffer.o
 .debug_macro   0x0000000000000b8f       0x20 ./Src/circular_buffer.o
 .debug_macro   0x0000000000000baf      0x11a ./Src/esp82xx_driver.o
 .debug_macro   0x0000000000000cc9      0x29f ./Src/esp82xx_lib.o
 .debug_macro   0x0000000000000f68       0x16 ./Src/esp82xx_lib.o
 .debug_macro   0x0000000000000f7e       0x97 ./Src/esp82xx_lib.o
 .debug_macro   0x0000000000001015       0xfd ./Src/esp82xx_lib.o
 .debug_macro   0x0000000000001112       0x10 ./Src/esp82xx_lib.o
 .debug_macro   0x0000000000001122       0x10 ./Src/esp82xx_lib.o
 .debug_macro   0x0000000000001132       0x1c ./Src/esp82xx_lib.o
 .debug_macro   0x000000000000114e       0x52 ./Src/esp82xx_lib.o
 .debug_macro   0x00000000000011a0       0x22 ./Src/esp82xx_lib.o
 .debug_macro   0x00000000000011c2       0x10 ./Src/esp82xx_lib.o
 .debug_macro   0x00000000000011d2       0x52 ./Src/esp82xx_lib.o
 .debug_macro   0x0000000000001224       0xd5 ./Src/esp82xx_lib.o
 .debug_macro   0x00000000000012f9       0x1c ./Src/esp82xx_lib.o
 .debug_macro   0x0000000000001315       0x3d ./Src/esp82xx_lib.o
 .debug_macro   0x0000000000001352       0x16 ./Src/esp82xx_lib.o
 .debug_macro   0x0000000000001368      0x145 ./Src/esp82xx_lib.o
 .debug_macro   0x00000000000014ad       0x16 ./Src/esp82xx_lib.o
 .debug_macro   0x00000000000014c3       0xce ./Src/fpu.o
 .debug_macro   0x0000000000001591      0x2c4 ./Src/main.o
 .debug_macro   0x0000000000001855       0x4c ./Src/main.o
 .debug_macro   0x00000000000018a1       0x94 ./Src/main.o
 .debug_macro   0x0000000000001935       0x57 ./Src/main.o
 .debug_macro   0x000000000000198c       0xff ./Src/sysmem.o
 .debug_macro   0x0000000000001a8b      0x23b ./Src/sysmem.o
 .debug_macro   0x0000000000001cc6      0x108 ./Src/timebase.o

.debug_line     0x0000000000000000     0x3597
 .debug_line    0x0000000000000000      0x54c ./Src/bsp.o
 .debug_line    0x000000000000054c      0xac2 ./Src/circular_buffer.o
 .debug_line    0x000000000000100e      0x648 ./Src/esp82xx_driver.o
 .debug_line    0x0000000000001656      0x7f5 ./Src/esp82xx_lib.o
 .debug_line    0x0000000000001e4b      0x4c6 ./Src/fpu.o
 .debug_line    0x0000000000002311      0x765 ./Src/main.o
 .debug_line    0x0000000000002a76      0x4ef ./Src/sysmem.o
 .debug_line    0x0000000000002f65      0x5ae ./Src/timebase.o
 .debug_line    0x0000000000003513       0x84 ./Startup/startup_stm32f411retx.o

.debug_str      0x0000000000000000    0x545de
 .debug_str     0x0000000000000000    0x4f5c0 ./Src/bsp.o
                                      0x4f734 (size before relaxing)
 .debug_str     0x000000000004f5c0     0x3327 ./Src/circular_buffer.o
                                      0x52915 (size before relaxing)
 .debug_str     0x00000000000528e7      0x516 ./Src/esp82xx_driver.o
                                      0x4fbeb (size before relaxing)
 .debug_str     0x0000000000052dfd     0x1088 ./Src/esp82xx_lib.o
                                      0x537a9 (size before relaxing)
 .debug_str     0x0000000000053e85       0x6c ./Src/fpu.o
                                      0x4f58f (size before relaxing)
 .debug_str     0x0000000000053ef1       0x63 ./Src/main.o
                                      0x53769 (size before relaxing)
 .debug_str     0x0000000000053f54      0x4d5 ./Src/sysmem.o
                                       0x5dbf (size before relaxing)
 .debug_str     0x0000000000054429      0x142 ./Src/timebase.o
                                      0x4f678 (size before relaxing)
 .debug_str     0x000000000005456b       0x73 ./Startup/startup_stm32f411retx.o

.comment        0x0000000000000000       0x50
 .comment       0x0000000000000000       0x50 ./Src/bsp.o
                                         0x51 (size before relaxing)
 .comment       0x0000000000000050       0x51 ./Src/circular_buffer.o
 .comment       0x0000000000000050       0x51 ./Src/esp82xx_driver.o
 .comment       0x0000000000000050       0x51 ./Src/esp82xx_lib.o
 .comment       0x0000000000000050       0x51 ./Src/fpu.o
 .comment       0x0000000000000050       0x51 ./Src/main.o
 .comment       0x0000000000000050       0x51 ./Src/sysmem.o
 .comment       0x0000000000000050       0x51 ./Src/timebase.o

.debug_frame    0x0000000000000000      0xa70
 .debug_frame   0x0000000000000000       0xb0 ./Src/bsp.o
 .debug_frame   0x00000000000000b0      0x22c ./Src/circular_buffer.o
 .debug_frame   0x00000000000002dc      0x148 ./Src/esp82xx_driver.o
 .debug_frame   0x0000000000000424       0xac ./Src/esp82xx_lib.o
 .debug_frame   0x00000000000004d0       0x30 ./Src/fpu.o
 .debug_frame   0x0000000000000500       0x2c ./Src/main.o
 .debug_frame   0x000000000000052c       0x34 ./Src/sysmem.o
 .debug_frame   0x0000000000000560       0xb0 ./Src/timebase.o
 .debug_frame   0x0000000000000610       0x20 c:/st/stm32cubeide_1.11.2/stm32cubeide/plugins/com.st.stm32cube.ide.mcu.externaltools.gnu-tools-for-stm32.10.3-2021.10.win32_1.0.100.202210260954/tools/bin/../lib/gcc/arm-none-eabi/10.3.1/../../../../arm-none-eabi/lib/thumb/v7e-m+fp/hard\libc_nano.a(lib_a-errno.o)
 .debug_frame   0x0000000000000630       0x2c c:/st/stm32cubeide_1.11.2/stm32cubeide/plugins/com.st.stm32cube.ide.mcu.externaltools.gnu-tools-for-stm32.10.3-2021.10.win32_1.0.100.202210260954/tools/bin/../lib/gcc/arm-none-eabi/10.3.1/../../../../arm-none-eabi/lib/thumb/v7e-m+fp/hard\libc_nano.a(lib_a-init.o)
 .debug_frame   0x000000000000065c       0x20 c:/st/stm32cubeide_1.11.2/stm32cubeide/plugins/com.st.stm32cube.ide.mcu.externaltools.gnu-tools-for-stm32.10.3-2021.10.win32_1.0.100.202210260954/tools/bin/../lib/gcc/arm-none-eabi/10.3.1/../../../../arm-none-eabi/lib/thumb/v7e-m+fp/hard\libc_nano.a(lib_a-memset.o)
 .debug_frame   0x000000000000067c       0x6c c:/st/stm32cubeide_1.11.2/stm32cubeide/plugins/com.st.stm32cube.ide.mcu.externaltools.gnu-tools-for-stm32.10.3-2021.10.win32_1.0.100.202210260954/tools/bin/../lib/gcc/arm-none-eabi/10.3.1/../../../../arm-none-eabi/lib/thumb/v7e-m+fp/hard\libc_nano.a(lib_a-sprintf.o)
 .debug_frame   0x00000000000006e8       0x90 c:/st/stm32cubeide_1.11.2/stm32cubeide/plugins/com.st.stm32cube.ide.mcu.externaltools.gnu-tools-for-stm32.10.3-2021.10.win32_1.0.100.202210260954/tools/bin/../lib/gcc/arm-none-eabi/10.3.1/../../../../arm-none-eabi/lib/thumb/v7e-m+fp/hard\libc_nano.a(lib_a-nano-svfprintf.o)
 .debug_frame   0x0000000000000778       0x60 c:/st/stm32cubeide_1.11.2/stm32cubeide/plugins/com.st.stm32cube.ide.mcu.externaltools.gnu-tools-for-stm32.10.3-2021.10.win32_1.0.100.202210260954/tools/bin/../lib/gcc/arm-none-eabi/10.3.1/../../../../arm-none-eabi/lib/thumb/v7e-m+fp/hard\libc_nano.a(lib_a-nano-vfprintf_i.o)
 .debug_frame   0x00000000000007d8       0x28 c:/st/stm32cubeide_1.11.2/stm32cubeide/plugins/com.st.stm32cube.ide.mcu.externaltools.gnu-tools-for-stm32.10.3-2021.10.win32_1.0.100.202210260954/tools/bin/../lib/gcc/arm-none-eabi/10.3.1/../../../../arm-none-eabi/lib/thumb/v7e-m+fp/hard\libc_nano.a(lib_a-memcpy-stub.o)
 .debug_frame   0x0000000000000800       0x28 c:/st/stm32cubeide_1.11.2/stm32cubeide/plugins/com.st.stm32cube.ide.mcu.externaltools.gnu-tools-for-stm32.10.3-2021.10.win32_1.0.100.202210260954/tools/bin/../lib/gcc/arm-none-eabi/10.3.1/../../../../arm-none-eabi/lib/thumb/v7e-m+fp/hard\libc_nano.a(lib_a-memmove.o)
 .debug_frame   0x0000000000000828       0x38 c:/st/stm32cubeide_1.11.2/stm32cubeide/plugins/com.st.stm32cube.ide.mcu.externaltools.gnu-tools-for-stm32.10.3-2021.10.win32_1.0.100.202210260954/tools/bin/../lib/gcc/arm-none-eabi/10.3.1/../../../../arm-none-eabi/lib/thumb/v7e-m+fp/hard\libc_nano.a(lib_a-nano-freer.o)
 .debug_frame   0x0000000000000860       0x4c c:/st/stm32cubeide_1.11.2/stm32cubeide/plugins/com.st.stm32cube.ide.mcu.externaltools.gnu-tools-for-stm32.10.3-2021.10.win32_1.0.100.202210260954/tools/bin/../lib/gcc/arm-none-eabi/10.3.1/../../../../arm-none-eabi/lib/thumb/v7e-m+fp/hard\libc_nano.a(lib_a-nano-mallocr.o)
 .debug_frame   0x00000000000008ac       0x3c c:/st/stm32cubeide_1.11.2/stm32cubeide/plugins/com.st.stm32cube.ide.mcu.externaltools.gnu-tools-for-stm32.10.3-2021.10.win32_1.0.100.202210260954/tools/bin/../lib/gcc/arm-none-eabi/10.3.1/../../../../arm-none-eabi/lib/thumb/v7e-m+fp/hard\libc_nano.a(lib_a-nano-reallocr.o)
 .debug_frame   0x00000000000008e8       0x2c c:/st/stm32cubeide_1.11.2/stm32cubeide/plugins/com.st.stm32cube.ide.mcu.externaltools.gnu-tools-for-stm32.10.3-2021.10.win32_1.0.100.202210260954/tools/bin/../lib/gcc/arm-none-eabi/10.3.1/../../../../arm-none-eabi/lib/thumb/v7e-m+fp/hard\libc_nano.a(lib_a-sbrkr.o)
 .debug_frame   0x0000000000000914       0x30 c:/st/stm32cubeide_1.11.2/stm32cubeide/plugins/com.st.stm32cube.ide.mcu.externaltools.gnu-tools-for-stm32.10.3-2021.10.win32_1.0.100.202210260954/tools/bin/../lib/gcc/arm-none-eabi/10.3.1/../../../../arm-none-eabi/lib/thumb/v7e-m+fp/hard\libc_nano.a(lib_a-mlock.o)
 .debug_frame   0x0000000000000944       0x20 c:/st/stm32cubeide_1.11.2/stm32cubeide/plugins/com.st.stm32cube.ide.mcu.externaltools.gnu-tools-for-stm32.10.3-2021.10.win32_1.0.100.202210260954/tools/bin/../lib/gcc/arm-none-eabi/10.3.1/../../../../arm-none-eabi/lib/thumb/v7e-m+fp/hard\libc_nano.a(lib_a-nano-msizer.o)
 .debug_frame   0x0000000000000964       0x5c c:/st/stm32cubeide_1.11.2/stm32cubeide/plugins/com.st.stm32cube.ide.mcu.externaltools.gnu-tools-for-stm32.10.3-2021.10.win32_1.0.100.202210260954/tools/bin/../lib/gcc/arm-none-eabi/10.3.1/../../../../arm-none-eabi/lib/thumb/v7e-m+fp/hard\libc_nano.a(lib_a-reent.o)
 .debug_frame   0x00000000000009c0       0xb0 c:/st/stm32cubeide_1.11.2/stm32cubeide/plugins/com.st.stm32cube.ide.mcu.externaltools.gnu-tools-for-stm32.10.3-2021.10.win32_1.0.100.202210260954/tools/bin/../lib/gcc/arm-none-eabi/10.3.1/../../../../arm-none-eabi/lib/thumb/v7e-m+fp/hard\libc_nano.a(lib_a-lock.o)
