../Src/circular_buffer.c:29:6:circular_buffer_init	4	static
../Src/circular_buffer.c:45:13:buff_store_char	24	static
../Src/circular_buffer.c:61:6:buffer_clear	16	static
../Src/circular_buffer.c:83:5:buffer_peek	16	static
../Src/circular_buffer.c:123:5:buffer_read	24	static
../Src/circular_buffer.c:168:6:buffer_write	24	static
../Src/circular_buffer.c:206:5:is_data	24	static
../Src/circular_buffer.c:227:13:get_first_char	16	static
../Src/circular_buffer.c:242:5:is_response	24	static
../Src/circular_buffer.c:271:6:get_strs	24	static
../Src/circular_buffer.c:283:6:buffer_send_string	16	static
../Src/circular_buffer.c:291:6:slave_dev_uart_callback	16	static
../Src/circular_buffer.c:324:6:debug_uart_callback	16	static
../Src/circular_buffer.c:358:6:USART2_IRQHandler	8	static
../Src/circular_buffer.c:363:6:USART1_IRQHandler	8	static
