Archive member included to satisfy reference by file (symbol)

c:/st/stm32cubeide_1.11.2/stm32cubeide/plugins/com.st.stm32cube.ide.mcu.externaltools.gnu-tools-for-stm32.10.3-2021.10.win32_1.0.100.202210260954/tools/bin/../lib/gcc/arm-none-eabi/10.3.1/../../../../arm-none-eabi/lib/thumb/v7e-m+fp/hard\libc_nano.a(lib_a-errno.o)
                              ./Src/syscalls.o (__errno)
c:/st/stm32cubeide_1.11.2/stm32cubeide/plugins/com.st.stm32cube.ide.mcu.externaltools.gnu-tools-for-stm32.10.3-2021.10.win32_1.0.100.202210260954/tools/bin/../lib/gcc/arm-none-eabi/10.3.1/../../../../arm-none-eabi/lib/thumb/v7e-m+fp/hard\libc_nano.a(lib_a-exit.o)
                              c:/st/stm32cubeide_1.11.2/stm32cubeide/plugins/com.st.stm32cube.ide.mcu.externaltools.gnu-tools-for-stm32.10.3-2021.10.win32_1.0.100.202210260954/tools/bin/../lib/gcc/arm-none-eabi/10.3.1/../../../../arm-none-eabi/lib/thumb/v7e-m+fp/hard/crt0.o (exit)
c:/st/stm32cubeide_1.11.2/stm32cubeide/plugins/com.st.stm32cube.ide.mcu.externaltools.gnu-tools-for-stm32.10.3-2021.10.win32_1.0.100.202210260954/tools/bin/../lib/gcc/arm-none-eabi/10.3.1/../../../../arm-none-eabi/lib/thumb/v7e-m+fp/hard\libc_nano.a(lib_a-impure.o)
                              c:/st/stm32cubeide_1.11.2/stm32cubeide/plugins/com.st.stm32cube.ide.mcu.externaltools.gnu-tools-for-stm32.10.3-2021.10.win32_1.0.100.202210260954/tools/bin/../lib/gcc/arm-none-eabi/10.3.1/../../../../arm-none-eabi/lib/thumb/v7e-m+fp/hard\libc_nano.a(lib_a-exit.o) (_global_impure_ptr)
c:/st/stm32cubeide_1.11.2/stm32cubeide/plugins/com.st.stm32cube.ide.mcu.externaltools.gnu-tools-for-stm32.10.3-2021.10.win32_1.0.100.202210260954/tools/bin/../lib/gcc/arm-none-eabi/10.3.1/../../../../arm-none-eabi/lib/thumb/v7e-m+fp/hard\libc_nano.a(lib_a-init.o)
                              c:/st/stm32cubeide_1.11.2/stm32cubeide/plugins/com.st.stm32cube.ide.mcu.externaltools.gnu-tools-for-stm32.10.3-2021.10.win32_1.0.100.202210260954/tools/bin/../lib/gcc/arm-none-eabi/10.3.1/../../../../arm-none-eabi/lib/thumb/v7e-m+fp/hard/crt0.o (__libc_init_array)
c:/st/stm32cubeide_1.11.2/stm32cubeide/plugins/com.st.stm32cube.ide.mcu.externaltools.gnu-tools-for-stm32.10.3-2021.10.win32_1.0.100.202210260954/tools/bin/../lib/gcc/arm-none-eabi/10.3.1/../../../../arm-none-eabi/lib/thumb/v7e-m+fp/hard\libc_nano.a(lib_a-memset.o)
                              c:/st/stm32cubeide_1.11.2/stm32cubeide/plugins/com.st.stm32cube.ide.mcu.externaltools.gnu-tools-for-stm32.10.3-2021.10.win32_1.0.100.202210260954/tools/bin/../lib/gcc/arm-none-eabi/10.3.1/../../../../arm-none-eabi/lib/thumb/v7e-m+fp/hard/crt0.o (memset)
c:/st/stm32cubeide_1.11.2/stm32cubeide/plugins/com.st.stm32cube.ide.mcu.externaltools.gnu-tools-for-stm32.10.3-2021.10.win32_1.0.100.202210260954/tools/bin/../lib/gcc/arm-none-eabi/10.3.1/../../../../arm-none-eabi/lib/thumb/v7e-m+fp/hard\libc_nano.a(lib_a-snprintf.o)
                              ./Src/esp82xx_lib.o (snprintf)
c:/st/stm32cubeide_1.11.2/stm32cubeide/plugins/com.st.stm32cube.ide.mcu.externaltools.gnu-tools-for-stm32.10.3-2021.10.win32_1.0.100.202210260954/tools/bin/../lib/gcc/arm-none-eabi/10.3.1/../../../../arm-none-eabi/lib/thumb/v7e-m+fp/hard\libc_nano.a(lib_a-sprintf.o)
                              ./Src/esp82xx_lib.o (sprintf)
c:/st/stm32cubeide_1.11.2/stm32cubeide/plugins/com.st.stm32cube.ide.mcu.externaltools.gnu-tools-for-stm32.10.3-2021.10.win32_1.0.100.202210260954/tools/bin/../lib/gcc/arm-none-eabi/10.3.1/../../../../arm-none-eabi/lib/thumb/v7e-m+fp/hard\libc_nano.a(lib_a-strlen.o)
                              ./Src/circular_buffer.o (strlen)
c:/st/stm32cubeide_1.11.2/stm32cubeide/plugins/com.st.stm32cube.ide.mcu.externaltools.gnu-tools-for-stm32.10.3-2021.10.win32_1.0.100.202210260954/tools/bin/../lib/gcc/arm-none-eabi/10.3.1/../../../../arm-none-eabi/lib/thumb/v7e-m+fp/hard\libc_nano.a(lib_a-nano-svfprintf.o)
                              c:/st/stm32cubeide_1.11.2/stm32cubeide/plugins/com.st.stm32cube.ide.mcu.externaltools.gnu-tools-for-stm32.10.3-2021.10.win32_1.0.100.202210260954/tools/bin/../lib/gcc/arm-none-eabi/10.3.1/../../../../arm-none-eabi/lib/thumb/v7e-m+fp/hard\libc_nano.a(lib_a-snprintf.o) (_svfprintf_r)
c:/st/stm32cubeide_1.11.2/stm32cubeide/plugins/com.st.stm32cube.ide.mcu.externaltools.gnu-tools-for-stm32.10.3-2021.10.win32_1.0.100.202210260954/tools/bin/../lib/gcc/arm-none-eabi/10.3.1/../../../../arm-none-eabi/lib/thumb/v7e-m+fp/hard\libc_nano.a(lib_a-nano-vfprintf_i.o)
                              c:/st/stm32cubeide_1.11.2/stm32cubeide/plugins/com.st.stm32cube.ide.mcu.externaltools.gnu-tools-for-stm32.10.3-2021.10.win32_1.0.100.202210260954/tools/bin/../lib/gcc/arm-none-eabi/10.3.1/../../../../arm-none-eabi/lib/thumb/v7e-m+fp/hard\libc_nano.a(lib_a-nano-svfprintf.o) (_printf_i)
[...]
Memory Configuration

Name             Origin             Length             Attributes
RAM              0x0000000020000000 0x0000000000020000 xrw
FLASH            0x0000000008000000 0x0000000000080000 xr
*default*        0x0000000000000000 0xffffffffffffffff

Linker script and memory map

LOAD c:/st/stm32cubeide_1.11.2/stm32cubeide/plugins/com.st.stm32cube.ide.mcu.externaltools.gnu-tools-for-stm32.10.3-2021.10.win32_1.0.100.202210260954/tools/bin/../lib/gcc/arm-none-eabi/10.3.1/thumb/v7e-m+fp/hard/crti.o
LOAD c:/st/stm32cubeide_1.11.2/stm32cubeide/plugins/com.st.stm32cube.ide.mcu.externaltools.gnu-tools-for-stm32.10.3-2021.10.win32_1.0.100.202210260954/tools/bin/../lib/gcc/arm-none-eabi/10.3.1/thumb/v7e-m+fp/hard/crtbegin.o
LOAD c:/st/stm32cubeide_1.11.2/stm32cubeide/plugins/com.st.stm32cube.ide.mcu.externaltools.gnu-tools-for-stm32.10.3-2021.10.win32_1.0.100.202210260954/tools/bin/../lib/gcc/arm-none-eabi/10.3.1/../../../../arm-none-eabi/lib/thumb/v7e-m+fp/hard/crt0.o
LOAD ./Src/adc.o
LOAD ./Src/bsp.o
LOAD ./Src/circular_buffer.o
LOAD ./Src/esp82xx_driver.o
LOAD ./Src/esp82xx_lib.o
LOAD ./Src/flash_driver.o
LOAD ./Src/fota_processor.o
LOAD ./Src/fpu.o
LOAD ./Src/main.o
LOAD ./Src/syscalls.o
LOAD ./Src/sysmem.o
LOAD ./Src/timebase.o
LOAD ./Startup/startup_stm32f411retx.o
START GROUP
LOAD c:/st/stm32cubeide_1.11.2/stm32cubeide/plugins/com.st.stm32cube.ide.mcu.externaltools.gnu-tools-for-stm32.10.3-2021.10.win32_1.0.100.202210260954/tools/bin/../lib/gcc/arm-none-eabi/10.3.1/../../../../arm-none-eabi/lib/thumb/v7e-m+fp/hard\libc_nano.a
LOAD c:/st/stm32cubeide_1.11.2/stm32cubeide/plugins/com.st.stm32cube.ide.mcu.externaltools.gnu-tools-for-stm32.10.3-2021.10.win32_1.0.100.202210260954/tools/bin/../lib/gcc/arm-none-eabi/10.3.1/../../../../arm-none-eabi/lib/thumb/v7e-m+fp/hard\libm.a
END GROUP
START GROUP
LOAD c:/st/stm32cubeide_1.11.2/stm32cubeide/plugins/com.st.stm32cube.ide.mcu.externaltools.gnu-tools-for-stm32.10.3-2021.10.win32_1.0.100.202210260954/tools/bin/../lib/gcc/arm-none-eabi/10.3.1/thumb/v7e-m+fp/hard\libgcc.a
LOAD c:/st/stm32cubeide_1.11.2/stm32cubeide/plugins/com.st.stm32cube.ide.mcu.externaltools.gnu-tools-for-stm32.10.3-2021.10.win32_1.0.100.202210260954/tools/bin/../lib/gcc/arm-none-eabi/10.3.1/../../../../arm-none-eabi/lib/thumb/v7e-m+fp/hard\libc_nano.a
END GROUP
START GROUP
LOAD c:/st/stm32cubeide_1.11.2/stm32cubeide/plugins/com.st.stm32cube.ide.mcu.externaltools.gnu-tools-for-stm32.10.3-2021.10.win32_1.0.100.202210260954/tools/bin/../lib/gcc/arm-none-eabi/10.3.1/thumb/v7e-m+fp/hard\libgcc.a
LOAD c:/st/stm32cubeide_1.11.2/stm32cubeide/plugins/com.st.stm32cube.ide.mcu.externaltools.gnu-tools-for-stm32.10.3-2021.10.win32_1.0.100.202210260954/tools/bin/../lib/gcc/arm-none-eabi/10.3.1/../../../../arm-none-eabi/lib/thumb/v7e-m+fp/hard\libc_nano.a
LOAD c:/st/stm32cubeide_1.11.2/stm32cubeide/plugins/com.st.stm32cube.ide.mcu.externaltools.gnu-tools-for-stm32.10.3-2021.10.win32_1.0.100.202210260954/tools/bin/../lib/gcc/arm-none-eabi/10.3.1/../../../../arm-none-eabi/lib/thumb/v7e-m+fp/hard\libnosys.a
END GROUP
START GROUP
LOAD c:/st/stm32cubeide_1.11.2/stm32cubeide/plugins/com.st.stm32cube.ide.mcu.externaltools.gnu-tools-for-stm32.10.3-2021.10.win32_1.0.100.202210260954/tools/bin/../lib/gcc/arm-none-eabi/10.3.1/thumb/v7e-m+fp/hard\libgcc.a
LOAD c:/st/stm32cubeide_1.11.2/stm32cubeide/plugins/com.st.stm32cube.ide.mcu.externaltools.gnu-tools-for-stm32.10.3-2021.10.win32_1.0.100.202210260954/tools/bin/../lib/gcc/arm-none-eabi/10.3.1/../../../../arm-none-eabi/lib/thumb/v7e-m+fp/hard\libc_nano.a
LOAD c:/st/stm32cubeide_1.11.2/stm32cubeide/plugins/com.st.stm32cube.ide.mcu.externaltools.gnu-tools-for-stm32.10.3-2021.10.win32_1.0.100.202210260954/tools/bin/../lib/gcc/arm-none-eabi/10.3.1/../../../../arm-none-eabi/lib/thumb/v7e-m+fp/hard\libnosys.a
END GROUP
LOAD c:/st/stm32cubeide_1.11.2/stm32cubeide/plugins/com.st.stm32cube.ide.mcu.externaltools.gnu-tools-for-stm32.10.3-2021.10.win32_1.0.100.202210260954/tools/bin/../lib/gcc/arm-none-eabi/10.3.1/thumb/v7e-m+fp/hard/crtend.o
LOAD c:/st/stm32cubeide_1.11.2/stm32cubeide/plugins/com.st.stm32cube.ide.mcu.externaltools.gnu-tools-for-stm32.10.3-2021.10.win32_1.0.100.202210260954/tools/bin/../lib/gcc/arm-none-eabi/10.3.1/thumb/v7e-m+fp/hard/crtn.o
                0x0000000020020000                _estack = (ORIGIN (RAM) + LENGTH (RAM))
                0x0000000000000200                _Min_Heap_Size = 0x200
                0x0000000000000400                _Min_Stack_Size = 0x400

.isr_vector     0x0000000008000000      0x198
                0x0000000008000000                . = ALIGN (0x4)
 *(.isr_vector)
 .isr_vector    0x0000000008000000      0x198 ./Startup/startup_stm32f411retx.o
                0x0000000008000000                g_pfnVectors
                0x0000000008000198                . = ALIGN (0x4)

.text           0x00000000080001a0     0x252c
                0x00000000080001a0                . = ALIGN (0x4)
 *(.text)
 .text          0x00000000080001a0       0x40 c:/st/stm32cubeide_1.11.2/stm32cubeide/plugins/com.st.stm32cube.ide.mcu.externaltools.gnu-tools-for-stm32.10.3-2021.10.win32_1.0.100.202210260954/tools/bin/../lib/gcc/arm-none-eabi/10.3.1/thumb/v7e-m+fp/hard/crtbegin.o
 .text          0x00000000080001e0       0x10 c:/st/stm32cubeide_1.11.2/stm32cubeide/plugins/com.st.stm32cube.ide.mcu.externaltools.gnu-tools-for-stm32.10.3-2021.10.win32_1.0.100.202210260954/tools/bin/../lib/gcc/arm-none-eabi/10.3.1/../../../../arm-none-eabi/lib/thumb/v7e-m+fp/hard\libc_nano.a(lib_a-strlen.o)
                0x00000000080001e0                strlen
 .text          0x00000000080001f0       0xa0 c:/st/stm32cubeide_1.11.2/stm32cubeide/plugins/com.st.stm32cube.ide.mcu.externaltools.gnu-tools-for-stm32.10.3-2021.10.win32_1.0.100.202210260954/tools/bin/../lib/gcc/arm-none-eabi/10.3.1/../../../../arm-none-eabi/lib/thumb/v7e-m+fp/hard\libc_nano.a(lib_a-memchr.o)
                0x00000000080001f0                memchr
 *(.text*)
 .text.led_init
                0x0000000008000290       0x3c ./Src/bsp.o
                0x0000000008000290                led_init
 .text.button_init
                0x00000000080002cc       0x3c ./Src/bsp.o
                0x00000000080002cc                button_init
 .text.get_btn_state
                0x0000000008000308       0x24 ./Src/bsp.o
                0x0000000008000308                get_btn_state
 .text.circular_buffer_init
                0x000000000800032c       0x68 ./Src/circular_buffer.o
                0x000000000800032c                circular_buffer_init
 .text.buff_store_char
                0x0000000008000394       0x68 ./Src/circular_buffer.o
 .text.buffer_clear
                0x00000000080003fc       0x68 ./Src/circular_buffer.o
                0x00000000080003fc                buffer_clear
 .text.buffer_peek
                0x0000000008000464       0x98 ./Src/circular_buffer.o
                0x0000000008000464                buffer_peek
 .text.buffer_read
                0x00000000080004fc      0x10c ./Src/circular_buffer.o
                0x00000000080004fc                buffer_read
 .text.buffer_write
                0x0000000008000608      0x108 ./Src/circular_buffer.o
                0x0000000008000608                buffer_write
 .text.is_data  0x0000000008000710       0x9c ./Src/circular_buffer.o
                0x0000000008000710                is_data
 .text.get_first_char
                0x00000000080007ac       0x7c ./Src/circular_buffer.o
 .text.is_response
                0x0000000008000828       0x72 ./Src/circular_buffer.o
                0x0000000008000828                is_response
 .text.buffer_send_string
                0x000000000800089a       0x32 ./Src/circular_buffer.o
                0x000000000800089a                buffer_send_string
 .text.slave_dev_uart_callback
                0x00000000080008cc       0xc8 ./Src/circular_buffer.o
                0x00000000080008cc                slave_dev_uart_callback
 .text.debug_uart_callback
                0x0000000008000994       0xc8 ./Src/circular_buffer.o
                0x0000000008000994                debug_uart_callback
 .text.process_copy
                0x0000000008000a5c      0x128 ./Src/circular_buffer.o
 .text.copy_up_to_string
                0x0000000008000b84       0x1e ./Src/circular_buffer.o
                0x0000000008000b84                copy_up_to_string
 .text.USART2_IRQHandler
                0x0000000008000ba2        0xc ./Src/circular_buffer.o
                0x0000000008000ba2                USART2_IRQHandler
 .text.USART1_IRQHandler
                0x0000000008000bae        0xc ./Src/circular_buffer.o
                0x0000000008000bae                USART1_IRQHandler
 *fill*         0x0000000008000bba        0x2 
 .text.__NVIC_EnableIRQ
                0x0000000008000bbc       0x3c ./Src/esp82xx_driver.o
 .text.debug_uart_init
                0x0000000008000bf8       0xf0 ./Src/esp82xx_driver.o
                0x0000000008000bf8                debug_uart_init
 .text.esp_uart_init
                0x0000000008000ce8       0xf8 ./Src/esp82xx_driver.o
                0x0000000008000ce8                esp_uart_init
 .text.compute_uart_bd
                0x0000000008000de0       0x26 ./Src/esp82xx_driver.o
 *fill*         0x0000000008000e06        0x2 
 .text.uart_set_baudrate
                0x0000000008000e08       0x28 ./Src/esp82xx_driver.o
 .text.esp8266_init
                0x0000000008000e30       0x26 ./Src/esp82xx_lib.o
                0x0000000008000e30                esp8266_init
 *fill*         0x0000000008000e56        0x2 
 .text.esp82xx_startup_test
                0x0000000008000e58       0x38 ./Src/esp82xx_lib.o
 .text.esp82xx_reset
                0x0000000008000e90       0x40 ./Src/esp82xx_lib.o
 .text.esp82xx_sta_mode
                0x0000000008000ed0       0x38 ./Src/esp82xx_lib.o
 .text.esp82xx_ap_connect
                0x0000000008000f08       0x74 ./Src/esp82xx_lib.o
 .text.esp82xx_get_firmware
                0x0000000008000f7c      0x130 ./Src/esp82xx_lib.o
                0x0000000008000f7c                esp82xx_get_firmware
 .text.esp82xx_get_version_file
                0x00000000080010ac      0x11c ./Src/esp82xx_lib.o
                0x00000000080010ac                esp82xx_get_version_file
 .text.flash_ex_erase
                0x00000000080011c8       0xc0 ./Src/flash_driver.o
                0x00000000080011c8                flash_ex_erase
 .text.flash_sector_erase
                0x0000000008001288       0x88 ./Src/flash_driver.o
                0x0000000008001288                flash_sector_erase
 .text.flash_mass_erase
                0x0000000008001310       0x44 ./Src/flash_driver.o
                0x0000000008001310                flash_mass_erase
 .text.flash_wait_for_last_operation
                0x0000000008001354       0x6c ./Src/flash_driver.o
                0x0000000008001354                flash_wait_for_last_operation
 .text.flash_program
                0x00000000080013c0       0x8c ./Src/flash_driver.o
                0x00000000080013c0                flash_program
 .text.flash_program_byte
                0x000000000800144c       0x44 ./Src/flash_driver.o
                0x000000000800144c                flash_program_byte
 .text.flash_program_halfword
                0x0000000008001490       0x48 ./Src/flash_driver.o
                0x0000000008001490                flash_program_halfword
 .text.flash_program_word
                0x00000000080014d8       0x44 ./Src/flash_driver.o
                0x00000000080014d8                flash_program_word
 .text.flash_program_doubleword
                0x000000000800151c       0x64 ./Src/flash_driver.o
                0x000000000800151c                flash_program_doubleword
 .text.flush_caches
                0x0000000008001580       0x8c ./Src/flash_driver.o
 .text.flash_unlock
                0x000000000800160c       0x44 ./Src/flash_driver.o
                0x000000000800160c                flash_unlock
 .text.flash_get_error
                0x0000000008001650       0x18 ./Src/flash_driver.o
                0x0000000008001650                flash_get_error
 .text.get_sector
                0x0000000008001668       0xf4 ./Src/flash_driver.o
 .text.flash_write_data_byte
                0x000000000800175c       0xac ./Src/flash_driver.o
                0x000000000800175c                flash_write_data_byte
 .text.jump_to_app
                0x0000000008001808       0x58 ./Src/fota_processor.o
                0x0000000008001808                jump_to_app
 .text.string_length
                0x0000000008001860       0x2e ./Src/fota_processor.o
                0x0000000008001860                string_length
 .text.find_substring
                0x000000000800188e       0x7a ./Src/fota_processor.o
                0x000000000800188e                find_substring
 .text.firmware_parse
                0x0000000008001908       0xec ./Src/fota_processor.o
                0x0000000008001908                firmware_parse
 .text.firmware_update
                0x00000000080019f4       0x5c ./Src/fota_processor.o
                0x00000000080019f4                firmware_update
 .text.fpu_enable
                0x0000000008001a50       0x54 ./Src/fpu.o
                0x0000000008001a50                fpu_enable
 .text.main     0x0000000008001aa4       0xd0 ./Src/main.o
                0x0000000008001aa4                main
 .text._sbrk    0x0000000008001b74       0x6c ./Src/sysmem.o
                0x0000000008001b74                _sbrk
 .text.systick_delay_ms
                0x0000000008001be0       0x3c ./Src/timebase.o
                0x0000000008001be0                systick_delay_ms
 .text.get_tick
                0x0000000008001c1c       0x2c ./Src/timebase.o
                0x0000000008001c1c                get_tick
 .text.tick_increment
                0x0000000008001c48       0x1c ./Src/timebase.o
 .text.timebase_init
                0x0000000008001c64       0x48 ./Src/timebase.o
                0x0000000008001c64                timebase_init
 .text.SysTick_Handler
                0x0000000008001cac        0xc ./Src/timebase.o
                0x0000000008001cac                SysTick_Handler
 .text.Reset_Handler
                0x0000000008001cb8       0x50 ./Startup/startup_stm32f411retx.o
                0x0000000008001cb8                Reset_Handler
 .text.Default_Handler
                0x0000000008001d08        0x2 ./Startup/startup_stm32f411retx.o
                0x0000000008001d08                RTC_Alarm_IRQHandler
                0x0000000008001d08                EXTI2_IRQHandler
                0x0000000008001d08                DebugMon_Handler
                0x0000000008001d08                SPI4_IRQHandler
                0x0000000008001d08                TIM1_CC_IRQHandler
                0x0000000008001d08                DMA2_Stream5_IRQHandler
                0x0000000008001d08                HardFault_Handler
                0x0000000008001d08                DMA1_Stream5_IRQHandler
                0x0000000008001d08                PVD_IRQHandler
                0x0000000008001d08                SDIO_IRQHandler
                0x0000000008001d08                TAMP_STAMP_IRQHandler
                0x0000000008001d08                PendSV_Handler
                0x0000000008001d08                NMI_Handler
                0x0000000008001d08                EXTI3_IRQHandler
                0x0000000008001d08                TIM1_UP_TIM10_IRQHandler
                0x0000000008001d08                I2C3_ER_IRQHandler
                0x0000000008001d08                EXTI0_IRQHandler
                0x0000000008001d08                I2C2_EV_IRQHandler
                0x0000000008001d08                DMA1_Stream2_IRQHandler
                0x0000000008001d08                FPU_IRQHandler
                0x0000000008001d08                UsageFault_Handler
                0x0000000008001d08                DMA2_Stream2_IRQHandler
                0x0000000008001d08                SPI1_IRQHandler
                0x0000000008001d08                TIM1_BRK_TIM9_IRQHandler
                0x0000000008001d08                DMA2_Stream3_IRQHandler
                0x0000000008001d08                USART6_IRQHandler
                0x0000000008001d08                DMA2_Stream0_IRQHandler
                0x0000000008001d08                TIM4_IRQHandler
                0x0000000008001d08                I2C1_EV_IRQHandler
                0x0000000008001d08                DMA1_Stream6_IRQHandler
                0x0000000008001d08                DMA1_Stream1_IRQHandler
                0x0000000008001d08                TIM3_IRQHandler
                0x0000000008001d08                RCC_IRQHandler
                0x0000000008001d08                Default_Handler
                0x0000000008001d08                EXTI15_10_IRQHandler
                0x0000000008001d08                ADC_IRQHandler
                0x0000000008001d08                DMA1_Stream7_IRQHandler
                0x0000000008001d08                SPI5_IRQHandler
                0x0000000008001d08                TIM5_IRQHandler
                0x0000000008001d08                DMA2_Stream7_IRQHandler
                0x0000000008001d08                I2C3_EV_IRQHandler
                0x0000000008001d08                EXTI9_5_IRQHandler
                0x0000000008001d08                RTC_WKUP_IRQHandler
                0x0000000008001d08                SPI2_IRQHandler
                0x0000000008001d08                MemManage_Handler
                0x0000000008001d08                DMA1_Stream0_IRQHandler
                0x0000000008001d08                SVC_Handler
                0x0000000008001d08                EXTI4_IRQHandler
                0x0000000008001d08                WWDG_IRQHandler
                0x0000000008001d08                TIM2_IRQHandler
                0x0000000008001d08                OTG_FS_WKUP_IRQHandler
                0x0000000008001d08                TIM1_TRG_COM_TIM11_IRQHandler
                0x0000000008001d08                EXTI1_IRQHandler
                0x0000000008001d08                I2C2_ER_IRQHandler
                0x0000000008001d08                DMA2_Stream1_IRQHandler
                0x0000000008001d08                FLASH_IRQHandler
                0x0000000008001d08                DMA2_Stream4_IRQHandler
                0x0000000008001d08                BusFault_Handler
                0x0000000008001d08                OTG_FS_IRQHandler
                0x0000000008001d08                SPI3_IRQHandler
                0x0000000008001d08                DMA1_Stream4_IRQHandler
                0x0000000008001d08                I2C1_ER_IRQHandler
                0x0000000008001d08                DMA2_Stream6_IRQHandler
                0x0000000008001d08                DMA1_Stream3_IRQHandler
 *fill*         0x0000000008001d0a        0x2 
 .text.__errno  0x0000000008001d0c        0xc c:/st/stm32cubeide_1.11.2/stm32cubeide/plugins/com.st.stm32cube.ide.mcu.externaltools.gnu-tools-for-stm32.10.3-2021.10.win32_1.0.100.202210260954/tools/bin/../lib/gcc/arm-none-eabi/10.3.1/../../../../arm-none-eabi/lib/thumb/v7e-m+fp/hard\libc_nano.a(lib_a-errno.o)
                0x0000000008001d0c                __errno
 .text.__libc_init_array
                0x0000000008001d18       0x48 c:/st/stm32cubeide_1.11.2/stm32cubeide/plugins/com.st.stm32cube.ide.mcu.externaltools.gnu-tools-for-stm32.10.3-2021.10.win32_1.0.100.202210260954/tools/bin/../lib/gcc/arm-none-eabi/10.3.1/../../../../arm-none-eabi/lib/thumb/v7e-m+fp/hard\libc_nano.a(lib_a-init.o)
                0x0000000008001d18                __libc_init_array
 .text.memset   0x0000000008001d60       0x10 c:/st/stm32cubeide_1.11.2/stm32cubeide/plugins/com.st.stm32cube.ide.mcu.externaltools.gnu-tools-for-stm32.10.3-2021.10.win32_1.0.100.202210260954/tools/bin/../lib/gcc/arm-none-eabi/10.3.1/../../../../arm-none-eabi/lib/thumb/v7e-m+fp/hard\libc_nano.a(lib_a-memset.o)
                0x0000000008001d60                memset
 .text.snprintf
                0x0000000008001d70       0x68 c:/st/stm32cubeide_1.11.2/stm32cubeide/plugins/com.st.stm32cube.ide.mcu.externaltools.gnu-tools-for-stm32.10.3-2021.10.win32_1.0.100.202210260954/tools/bin/../lib/gcc/arm-none-eabi/10.3.1/../../../../arm-none-eabi/lib/thumb/v7e-m+fp/hard\libc_nano.a(lib_a-snprintf.o)
                0x0000000008001d70                sniprintf
                0x0000000008001d70                snprintf
 .text.sprintf  0x0000000008001dd8       0x40 c:/st/stm32cubeide_1.11.2/stm32cubeide/plugins/com.st.stm32cube.ide.mcu.externaltools.gnu-tools-for-stm32.10.3-2021.10.win32_1.0.100.202210260954/tools/bin/../lib/gcc/arm-none-eabi/10.3.1/../../../../arm-none-eabi/lib/thumb/v7e-m+fp/hard\libc_nano.a(lib_a-sprintf.o)
                0x0000000008001dd8                siprintf
                0x0000000008001dd8                sprintf
 .text.__ssputs_r
                0x0000000008001e18       0xb6 c:/st/stm32cubeide_1.11.2/stm32cubeide/plugins/com.st.stm32cube.ide.mcu.externaltools.gnu-tools-for-stm32.10.3-2021.10.win32_1.0.100.202210260954/tools/bin/../lib/gcc/arm-none-eabi/10.3.1/../../../../arm-none-eabi/lib/thumb/v7e-m+fp/hard\libc_nano.a(lib_a-nano-svfprintf.o)
                0x0000000008001e18                __ssputs_r
 *fill*         0x0000000008001ece        0x2 
 .text._svfprintf_r
                0x0000000008001ed0      0x200 c:/st/stm32cubeide_1.11.2/stm32cubeide/plugins/com.st.stm32cube.ide.mcu.externaltools.gnu-tools-for-stm32.10.3-2021.10.win32_1.0.100.202210260954/tools/bin/../lib/gcc/arm-none-eabi/10.3.1/../../../../arm-none-eabi/lib/thumb/v7e-m+fp/hard\libc_nano.a(lib_a-nano-svfprintf.o)
                0x0000000008001ed0                _svfiprintf_r
                0x0000000008001ed0                _svfprintf_r
 .text._printf_common
                0x00000000080020d0       0xda c:/st/stm32cubeide_1.11.2/stm32cubeide/plugins/com.st.stm32cube.ide.mcu.externaltools.gnu-tools-for-stm32.10.3-2021.10.win32_1.0.100.202210260954/tools/bin/../lib/gcc/arm-none-eabi/10.3.1/../../../../arm-none-eabi/lib/thumb/v7e-m+fp/hard\libc_nano.a(lib_a-nano-vfprintf_i.o)
                0x00000000080020d0                _printf_common
 *fill*         0x00000000080021aa        0x2 
 .text._printf_i
                0x00000000080021ac      0x24c c:/st/stm32cubeide_1.11.2/stm32cubeide/plugins/com.st.stm32cube.ide.mcu.externaltools.gnu-tools-for-stm32.10.3-2021.10.win32_1.0.100.202210260954/tools/bin/../lib/gcc/arm-none-eabi/10.3.1/../../../../arm-none-eabi/lib/thumb/v7e-m+fp/hard\libc_nano.a(lib_a-nano-vfprintf_i.o)
                0x00000000080021ac                _printf_i
 .text.memcpy   0x00000000080023f8       0x1c c:/st/stm32cubeide_1.11.2/stm32cubeide/plugins/com.st.stm32cube.ide.mcu.externaltools.gnu-tools-for-stm32.10.3-2021.10.win32_1.0.100.202210260954/tools/bin/../lib/gcc/arm-none-eabi/10.3.1/../../../../arm-none-eabi/lib/thumb/v7e-m+fp/hard\libc_nano.a(lib_a-memcpy-stub.o)
                0x00000000080023f8                memcpy
 .text.memmove  0x0000000008002414       0x34 c:/st/stm32cubeide_1.11.2/stm32cubeide/plugins/com.st.stm32cube.ide.mcu.externaltools.gnu-tools-for-stm32.10.3-2021.10.win32_1.0.100.202210260954/tools/bin/../lib/gcc/arm-none-eabi/10.3.1/../../../../arm-none-eabi/lib/thumb/v7e-m+fp/hard\libc_nano.a(lib_a-memmove.o)
                0x0000000008002414                memmove
 .text._free_r  0x0000000008002448       0x98 c:/st/stm32cubeide_1.11.2/stm32cubeide/plugins/com.st.stm32cube.ide.mcu.externaltools.gnu-tools-for-stm32.10.3-2021.10.win32_1.0.100.202210260954/tools/bin/../lib/gcc/arm-none-eabi/10.3.1/../../../../arm-none-eabi/lib/thumb/v7e-m+fp/hard\libc_nano.a(lib_a-nano-freer.o)
                0x0000000008002448                _free_r
 .text.sbrk_aligned
                0x00000000080024e0       0x40 c:/st/stm32cubeide_1.11.2/stm32cubeide/plugins/com.st.stm32cube.ide.mcu.externaltools.gnu-tools-for-stm32.10.3-2021.10.win32_1.0.100.202210260954/tools/bin/../lib/gcc/arm-none-eabi/10.3.1/../../../../arm-none-eabi/lib/thumb/v7e-m+fp/hard\libc_nano.a(lib_a-nano-mallocr.o)
 .text._malloc_r
                0x0000000008002520       0xe8 c:/st/stm32cubeide_1.11.2/stm32cubeide/plugins/com.st.stm32cube.ide.mcu.externaltools.gnu-tools-for-stm32.10.3-2021.10.win32_1.0.100.202210260954/tools/bin/../lib/gcc/arm-none-eabi/10.3.1/../../../../arm-none-eabi/lib/thumb/v7e-m+fp/hard\libc_nano.a(lib_a-nano-mallocr.o)
                0x0000000008002520                _malloc_r
 .text._realloc_r
                0x0000000008002608       0x5e c:/st/stm32cubeide_1.11.2/stm32cubeide/plugins/com.st.stm32cube.ide.mcu.externaltools.gnu-tools-for-stm32.10.3-2021.10.win32_1.0.100.202210260954/tools/bin/../lib/gcc/arm-none-eabi/10.3.1/../../../../arm-none-eabi/lib/thumb/v7e-m+fp/hard\libc_nano.a(lib_a-nano-reallocr.o)
                0x0000000008002608                _realloc_r
 *fill*         0x0000000008002666        0x2 
 .text._sbrk_r  0x0000000008002668       0x20 c:/st/stm32cubeide_1.11.2/stm32cubeide/plugins/com.st.stm32cube.ide.mcu.externaltools.gnu-tools-for-stm32.10.3-2021.10.win32_1.0.100.202210260954/tools/bin/../lib/gcc/arm-none-eabi/10.3.1/../../../../arm-none-eabi/lib/thumb/v7e-m+fp/hard\libc_nano.a(lib_a-sbrkr.o)
                0x0000000008002668                _sbrk_r
 .text.__malloc_lock
                0x0000000008002688        0xc c:/st/stm32cubeide_1.11.2/stm32cubeide/plugins/com.st.stm32cube.ide.mcu.externaltools.gnu-tools-for-stm32.10.3-2021.10.win32_1.0.100.202210260954/tools/bin/../lib/gcc/arm-none-eabi/10.3.1/../../../../arm-none-eabi/lib/thumb/v7e-m+fp/hard\libc_nano.a(lib_a-mlock.o)
                0x0000000008002688                __malloc_lock
 .text.__malloc_unlock
                0x0000000008002694        0xc c:/st/stm32cubeide_1.11.2/stm32cubeide/plugins/com.st.stm32cube.ide.mcu.externaltools.gnu-tools-for-stm32.10.3-2021.10.win32_1.0.100.202210260954/tools/bin/../lib/gcc/arm-none-eabi/10.3.1/../../../../arm-none-eabi/lib/thumb/v7e-m+fp/hard\libc_nano.a(lib_a-mlock.o)
                0x0000000008002694                __malloc_unlock
 .text._malloc_usable_size_r
                0x00000000080026a0       0x10 c:/st/stm32cubeide_1.11.2/stm32cubeide/plugins/com.st.stm32cube.ide.mcu.externaltools.gnu-tools-for-stm32.10.3-2021.10.win32_1.0.100.202210260954/tools/bin/../lib/gcc/arm-none-eabi/10.3.1/../../../../arm-none-eabi/lib/thumb/v7e-m+fp/hard\libc_nano.a(lib_a-nano-msizer.o)
                0x00000000080026a0                _malloc_usable_size_r
 .text.__retarget_lock_acquire_recursive
                0x00000000080026b0        0x2 c:/st/stm32cubeide_1.11.2/stm32cubeide/plugins/com.st.stm32cube.ide.mcu.externaltools.gnu-tools-for-stm32.10.3-2021.10.win32_1.0.100.202210260954/tools/bin/../lib/gcc/arm-none-eabi/10.3.1/../../../../arm-none-eabi/lib/thumb/v7e-m+fp/hard\libc_nano.a(lib_a-lock.o)
                0x00000000080026b0                __retarget_lock_acquire_recursive
 .text.__retarget_lock_release_recursive
                0x00000000080026b2        0x2 c:/st/stm32cubeide_1.11.2/stm32cubeide/plugins/com.st.stm32cube.ide.mcu.externaltools.gnu-tools-for-stm32.10.3-2021.10.win32_1.0.100.202210260954/tools/bin/../lib/gcc/arm-none-eabi/10.3.1/../../../../arm-none-eabi/lib/thumb/v7e-m+fp/hard\libc_nano.a(lib_a-lock.o)
                0x00000000080026b2                __retarget_lock_release_recursive
 *(.glue_7)
 .glue_7        0x00000000080026b4        0x0 linker stubs
 *(.glue_7t)
 .glue_7t       0x00000000080026b4        0x0 linker stubs
 *(.eh_frame)
 .eh_frame      0x00000000080026b4        0x0 c:/st/stm32cubeide_1.11.2/stm32cubeide/plugins/com.st.stm32cube.ide.mcu.externaltools.gnu-tools-for-stm32.10.3-2021.10.win32_1.0.100.202210260954/tools/bin/../lib/gcc/arm-none-eabi/10.3.1/thumb/v7e-m+fp/hard/crtbegin.o
 *(.init)
 .init          0x00000000080026b4        0x4 c:/st/stm32cubeide_1.11.2/stm32cubeide/plugins/com.st.stm32cube.ide.mcu.externaltools.gnu-tools-for-stm32.10.3-2021.10.win32_1.0.100.202210260954/tools/bin/../lib/gcc/arm-none-eabi/10.3.1/thumb/v7e-m+fp/hard/crti.o
                0x00000000080026b4                _init
 .init          0x00000000080026b8        0x8 c:/st/stm32cubeide_1.11.2/stm32cubeide/plugins/com.st.stm32cube.ide.mcu.externaltools.gnu-tools-for-stm32.10.3-2021.10.win32_1.0.100.202210260954/tools/bin/../lib/gcc/arm-none-eabi/10.3.1/thumb/v7e-m+fp/hard/crtn.o
 *(.fini)
 .fini          0x00000000080026c0        0x4 c:/st/stm32cubeide_1.11.2/stm32cubeide/plugins/com.st.stm32cube.ide.mcu.externaltools.gnu-tools-for-stm32.10.3-2021.10.win32_1.0.100.202210260954/tools/bin/../lib/gcc/arm-none-eabi/10.3.1/thumb/v7e-m+fp/hard/crti.o
                0x00000000080026c0                _fini
 .fini          0x00000000080026c4        0x8 c:/st/stm32cubeide_1.11.2/stm32cubeide/plugins/com.st.stm32cube.ide.mcu.externaltools.gnu-tools-for-stm32.10.3-2021.10.win32_1.0.100.202210260954/tools/bin/../lib/gcc/arm-none-eabi/10.3.1/thumb/v7e-m+fp/hard/crtn.o
                0x00000000080026cc                . = ALIGN (0x4)
                0x00000000080026cc                _etext = .

.vfp11_veneer   0x00000000080026cc        0x0
 .vfp11_veneer  0x00000000080026cc        0x0 linker stubs

.v4_bx          0x00000000080026cc        0x0
 .v4_bx         0x00000000080026cc        0x0 linker stubs

.iplt           0x00000000080026cc        0x0
 .iplt          0x00000000080026cc        0x0 c:/st/stm32cubeide_1.11.2/stm32cubeide/plugins/com.st.stm32cube.ide.mcu.externaltools.gnu-tools-for-stm32.10.3-2021.10.win32_1.0.100.202210260954/tools/bin/../lib/gcc/arm-none-eabi/10.3.1/thumb/v7e-m+fp/hard/crtbegin.o

.rodata         0x00000000080026cc      0x3dc
                0x00000000080026cc                . = ALIGN (0x4)
 *(.rodata)
 .rodata        0x00000000080026cc      0x207 ./Src/esp82xx_lib.o
 *fill*         0x00000000080028d3        0x1 
 .rodata        0x00000000080028d4       0xa0 ./Src/fota_processor.o
 .rodata        0x0000000008002974       0xff ./Src/main.o
 *(.rodata*)
 .rodata._svfprintf_r.str1.1
                0x0000000008002a73       0x11 c:/st/stm32cubeide_1.11.2/stm32cubeide/plugins/com.st.stm32cube.ide.mcu.externaltools.gnu-tools-for-stm32.10.3-2021.10.win32_1.0.100.202210260954/tools/bin/../lib/gcc/arm-none-eabi/10.3.1/../../../../arm-none-eabi/lib/thumb/v7e-m+fp/hard\libc_nano.a(lib_a-nano-svfprintf.o)
 .rodata._printf_i.str1.1
                0x0000000008002a84       0x22 c:/st/stm32cubeide_1.11.2/stm32cubeide/plugins/com.st.stm32cube.ide.mcu.externaltools.gnu-tools-for-stm32.10.3-2021.10.win32_1.0.100.202210260954/tools/bin/../lib/gcc/arm-none-eabi/10.3.1/../../../../arm-none-eabi/lib/thumb/v7e-m+fp/hard\libc_nano.a(lib_a-nano-vfprintf_i.o)
                0x0000000008002aa8                . = ALIGN (0x4)
 *fill*         0x0000000008002aa6        0x2 

.rel.dyn        0x0000000008002aa8        0x0
 .rel.iplt      0x0000000008002aa8        0x0 c:/st/stm32cubeide_1.11.2/stm32cubeide/plugins/com.st.stm32cube.ide.mcu.externaltools.gnu-tools-for-stm32.10.3-2021.10.win32_1.0.100.202210260954/tools/bin/../lib/gcc/arm-none-eabi/10.3.1/thumb/v7e-m+fp/hard/crtbegin.o

.ARM.extab      0x0000000008002aa8        0x0
                0x0000000008002aa8                . = ALIGN (0x4)
 *(.ARM.extab* .gnu.linkonce.armextab.*)
                0x0000000008002aa8                . = ALIGN (0x4)

.ARM            0x0000000008002aa8        0x0
                0x0000000008002aa8                . = ALIGN (0x4)
                0x0000000008002aa8                __exidx_start = .
 *(.ARM.exidx*)
                0x0000000008002aa8                __exidx_end = .
                0x0000000008002aa8                . = ALIGN (0x4)

.preinit_array  0x0000000008002aa8        0x0
                0x0000000008002aa8                . = ALIGN (0x4)
                0x0000000008002aa8                PROVIDE (__preinit_array_start = .)
 *(.preinit_array*)
                0x0000000008002aa8                PROVIDE (__preinit_array_end = .)
                0x0000000008002aa8                . = ALIGN (0x4)

.init_array     0x0000000008002aa8        0x4
                0x0000000008002aa8                . = ALIGN (0x4)
                0x0000000008002aa8                PROVIDE (__init_array_start = .)
 *(SORT_BY_NAME(.init_array.*))
 *(.init_array*)
 .init_array    0x0000000008002aa8        0x4 c:/st/stm32cubeide_1.11.2/stm32cubeide/plugins/com.st.stm32cube.ide.mcu.externaltools.gnu-tools-for-stm32.10.3-2021.10.win32_1.0.100.202210260954/tools/bin/../lib/gcc/arm-none-eabi/10.3.1/thumb/v7e-m+fp/hard/crtbegin.o
                0x0000000008002aac                PROVIDE (__init_array_end = .)
                0x0000000008002aac                . = ALIGN (0x4)

.fini_array     0x0000000008002aac        0x4
                0x0000000008002aac                . = ALIGN (0x4)
                [!provide]                        PROVIDE (__fini_array_start = .)
 *(SORT_BY_NAME(.fini_array.*))
 *(.fini_array*)
 .fini_array    0x0000000008002aac        0x4 c:/st/stm32cubeide_1.11.2/stm32cubeide/plugins/com.st.stm32cube.ide.mcu.externaltools.gnu-tools-for-stm32.10.3-2021.10.win32_1.0.100.202210260954/tools/bin/../lib/gcc/arm-none-eabi/10.3.1/thumb/v7e-m+fp/hard/crtbegin.o
                [!provide]                        PROVIDE (__fini_array_end = .)
                0x0000000008002ab0                . = ALIGN (0x4)
                0x0000000008002ab0                _sidata = LOADADDR (.data)

.data           0x0000000020000000       0x64 load address 0x0000000008002ab0
                0x0000000020000000                . = ALIGN (0x4)
                0x0000000020000000                _sdata = .
 *(.data)
 *(.data*)
 .data._impure_ptr
                0x0000000020000000        0x4 c:/st/stm32cubeide_1.11.2/stm32cubeide/plugins/com.st.stm32cube.ide.mcu.externaltools.gnu-tools-for-stm32.10.3-2021.10.win32_1.0.100.202210260954/tools/bin/../lib/gcc/arm-none-eabi/10.3.1/../../../../arm-none-eabi/lib/thumb/v7e-m+fp/hard\libc_nano.a(lib_a-impure.o)
                0x0000000020000000                _impure_ptr
 .data.impure_data
                0x0000000020000004       0x60 c:/st/stm32cubeide_1.11.2/stm32cubeide/plugins/com.st.stm32cube.ide.mcu.externaltools.gnu-tools-for-stm32.10.3-2021.10.win32_1.0.100.202210260954/tools/bin/../lib/gcc/arm-none-eabi/10.3.1/../../../../arm-none-eabi/lib/thumb/v7e-m+fp/hard\libc_nano.a(lib_a-impure.o)
 *(.RamFunc)
 *(.RamFunc*)
                0x0000000020000064                . = ALIGN (0x4)
                0x0000000020000064                _edata = .

.igot.plt       0x0000000020000064        0x0 load address 0x0000000008002b14
 .igot.plt      0x0000000020000064        0x0 c:/st/stm32cubeide_1.11.2/stm32cubeide/plugins/com.st.stm32cube.ide.mcu.externaltools.gnu-tools-for-stm32.10.3-2021.10.win32_1.0.100.202210260954/tools/bin/../lib/gcc/arm-none-eabi/10.3.1/thumb/v7e-m+fp/hard/crtbegin.o
                0x0000000020000064                . = ALIGN (0x4)

.bss            0x0000000020000064     0xb264 load address 0x0000000008002b14
                0x0000000020000064                _sbss = .
                0x0000000020000064                __bss_start__ = _sbss
 *(.bss)
 .bss           0x0000000020000064       0x1c c:/st/stm32cubeide_1.11.2/stm32cubeide/plugins/com.st.stm32cube.ide.mcu.externaltools.gnu-tools-for-stm32.10.3-2021.10.win32_1.0.100.202210260954/tools/bin/../lib/gcc/arm-none-eabi/10.3.1/thumb/v7e-m+fp/hard/crtbegin.o
 *(.bss*)
 .bss.rx_buffer1
                0x0000000020000080     0x1778 ./Src/circular_buffer.o
                0x0000000020000080                rx_buffer1
 .bss.tx_buffer1
                0x00000000200017f8     0x1778 ./Src/circular_buffer.o
                0x00000000200017f8                tx_buffer1
 .bss.rx_buffer2
                0x0000000020002f70     0x1778 ./Src/circular_buffer.o
                0x0000000020002f70                rx_buffer2
 .bss.tx_buffer2
                0x00000000200046e8     0x1778 ./Src/circular_buffer.o
                0x00000000200046e8                tx_buffer2
 .bss._rx_buffer1
                0x0000000020005e60        0x4 ./Src/circular_buffer.o
                0x0000000020005e60                _rx_buffer1
 .bss._tx_buffer1
                0x0000000020005e64        0x4 ./Src/circular_buffer.o
                0x0000000020005e64                _tx_buffer1
 .bss._rx_buffer2
                0x0000000020005e68        0x4 ./Src/circular_buffer.o
                0x0000000020005e68                _rx_buffer2
 .bss._tx_buffer2
                0x0000000020005e6c        0x4 ./Src/circular_buffer.o
                0x0000000020005e6c                _tx_buffer2
 .bss.pFlash    0x0000000020005e70       0x18 ./Src/flash_driver.o
                0x0000000020005e70                pFlash
 .bss.firmware_buffer
                0x0000000020005e88     0x2904 ./Src/fota_processor.o
                0x0000000020005e88                firmware_buffer
 .bss.temp_rx_buffer
                0x000000002000878c     0x2af8 ./Src/fota_processor.o
                0x000000002000878c                temp_rx_buffer
 .bss.version_buff
                0x000000002000b284        0xa ./Src/main.o
                0x000000002000b284                version_buff
 *fill*         0x000000002000b28e        0x2 
 .bss.temp_ver_buffer
                0x000000002000b290       0x19 ./Src/main.o
                0x000000002000b290                temp_ver_buffer
 *fill*         0x000000002000b2a9        0x3 
 .bss.__sbrk_heap_end
                0x000000002000b2ac        0x4 ./Src/sysmem.o
 .bss.g_curr_tick
                0x000000002000b2b0        0x4 ./Src/timebase.o
                0x000000002000b2b0                g_curr_tick
 .bss.g_curr_tick_p
                0x000000002000b2b4        0x4 ./Src/timebase.o
                0x000000002000b2b4                g_curr_tick_p
 .bss.__malloc_free_list
                0x000000002000b2b8        0x4 c:/st/stm32cubeide_1.11.2/stm32cubeide/plugins/com.st.stm32cube.ide.mcu.externaltools.gnu-tools-for-stm32.10.3-2021.10.win32_1.0.100.202210260954/tools/bin/../lib/gcc/arm-none-eabi/10.3.1/../../../../arm-none-eabi/lib/thumb/v7e-m+fp/hard\libc_nano.a(lib_a-nano-mallocr.o)
                0x000000002000b2b8                __malloc_free_list
 .bss.__malloc_sbrk_start
                0x000000002000b2bc        0x4 c:/st/stm32cubeide_1.11.2/stm32cubeide/plugins/com.st.stm32cube.ide.mcu.externaltools.gnu-tools-for-stm32.10.3-2021.10.win32_1.0.100.202210260954/tools/bin/../lib/gcc/arm-none-eabi/10.3.1/../../../../arm-none-eabi/lib/thumb/v7e-m+fp/hard\libc_nano.a(lib_a-nano-mallocr.o)
                0x000000002000b2bc                __malloc_sbrk_start
 .bss.errno     0x000000002000b2c0        0x4 c:/st/stm32cubeide_1.11.2/stm32cubeide/plugins/com.st.stm32cube.ide.mcu.externaltools.gnu-tools-for-stm32.10.3-2021.10.win32_1.0.100.202210260954/tools/bin/../lib/gcc/arm-none-eabi/10.3.1/../../../../arm-none-eabi/lib/thumb/v7e-m+fp/hard\libc_nano.a(lib_a-reent.o)
                0x000000002000b2c0                errno
 .bss.__lock___malloc_recursive_mutex
                0x000000002000b2c4        0x1 c:/st/stm32cubeide_1.11.2/stm32cubeide/plugins/com.st.stm32cube.ide.mcu.externaltools.gnu-tools-for-stm32.10.3-2021.10.win32_1.0.100.202210260954/tools/bin/../lib/gcc/arm-none-eabi/10.3.1/../../../../arm-none-eabi/lib/thumb/v7e-m+fp/hard\libc_nano.a(lib_a-lock.o)
                0x000000002000b2c4                __lock___malloc_recursive_mutex
 *(COMMON)
                0x000000002000b2c8                . = ALIGN (0x4)
 *fill*         0x000000002000b2c5        0x3 
                0x000000002000b2c8                _ebss = .
                0x000000002000b2c8                __bss_end__ = _ebss

._user_heap_stack
                0x000000002000b2c8      0x600 load address 0x0000000008002b14
                0x000000002000b2c8                . = ALIGN (0x8)
                [!provide]                        PROVIDE (end = .)
                0x000000002000b2c8                PROVIDE (_end = .)
                0x000000002000b4c8                . = (. + _Min_Heap_Size)
 *fill*         0x000000002000b2c8      0x200 
                0x000000002000b8c8                . = (. + _Min_Stack_Size)
 *fill*         0x000000002000b4c8      0x400 
                0x000000002000b8c8                . = ALIGN (0x8)

/DISCARD/
 libc.a(*)
 libm.a(*)
 libgcc.a(*)

.ARM.attributes
                0x0000000000000000       0x30
 *(.ARM.attributes)
 .ARM.attributes
                0x0000000000000000       0x1e c:/st/stm32cubeide_1.11.2/stm32cubeide/plugins/com.st.stm32cube.ide.mcu.externaltools.gnu-tools-for-stm32.10.3-2021.10.win32_1.0.100.202210260954/tools/bin/../lib/gcc/arm-none-eabi/10.3.1/thumb/v7e-m+fp/hard/crti.o
 .ARM.attributes
                0x000000000000001e       0x34 c:/st/stm32cubeide_1.11.2/stm32cubeide/plugins/com.st.stm32cube.ide.mcu.externaltools.gnu-tools-for-stm32.10.3-2021.10.win32_1.0.100.202210260954/tools/bin/../lib/gcc/arm-none-eabi/10.3.1/thumb/v7e-m+fp/hard/crtbegin.o
 .ARM.attributes
                0x0000000000000052       0x34 ./Src/bsp.o
 .ARM.attributes
                0x0000000000000086       0x34 ./Src/circular_buffer.o
 .ARM.attributes
                0x00000000000000ba       0x34 ./Src/esp82xx_driver.o
 .ARM.attributes
                0x00000000000000ee       0x34 ./Src/esp82xx_lib.o
 .ARM.attributes
                0x0000000000000122       0x34 ./Src/flash_driver.o
 .ARM.attributes
                0x0000000000000156       0x34 ./Src/fota_processor.o
 .ARM.attributes
                0x000000000000018a       0x34 ./Src/fpu.o
 .ARM.attributes
                0x00000000000001be       0x34 ./Src/main.o
 .ARM.attributes
                0x00000000000001f2       0x34 ./Src/sysmem.o
 .ARM.attributes
                0x0000000000000226       0x34 ./Src/timebase.o
 .ARM.attributes
                0x000000000000025a       0x21 ./Startup/startup_stm32f411retx.o
 .ARM.attributes
                0x000000000000027b       0x34 c:/st/stm32cubeide_1.11.2/stm32cubeide/plugins/com.st.stm32cube.ide.mcu.externaltools.gnu-tools-for-stm32.10.3-2021.10.win32_1.0.100.202210260954/tools/bin/../lib/gcc/arm-none-eabi/10.3.1/../../../../arm-none-eabi/lib/thumb/v7e-m+fp/hard\libc_nano.a(lib_a-errno.o)
 .ARM.attributes
                0x00000000000002af       0x34 c:/st/stm32cubeide_1.11.2/stm32cubeide/plugins/com.st.stm32cube.ide.mcu.externaltools.gnu-tools-for-stm32.10.3-2021.10.win32_1.0.100.202210260954/tools/bin/../lib/gcc/arm-none-eabi/10.3.1/../../../../arm-none-eabi/lib/thumb/v7e-m+fp/hard\libc_nano.a(lib_a-impure.o)
 .ARM.attributes
                0x00000000000002e3       0x34 c:/st/stm32cubeide_1.11.2/stm32cubeide/plugins/com.st.stm32cube.ide.mcu.externaltools.gnu-tools-for-stm32.10.3-2021.10.win32_1.0.100.202210260954/tools/bin/../lib/gcc/arm-none-eabi/10.3.1/../../../../arm-none-eabi/lib/thumb/v7e-m+fp/hard\libc_nano.a(lib_a-init.o)
 .ARM.attributes
                0x0000000000000317       0x34 c:/st/stm32cubeide_1.11.2/stm32cubeide/plugins/com.st.stm32cube.ide.mcu.externaltools.gnu-tools-for-stm32.10.3-2021.10.win32_1.0.100.202210260954/tools/bin/../lib/gcc/arm-none-eabi/10.3.1/../../../../arm-none-eabi/lib/thumb/v7e-m+fp/hard\libc_nano.a(lib_a-memset.o)
 .ARM.attributes
                0x000000000000034b       0x34 c:/st/stm32cubeide_1.11.2/stm32cubeide/plugins/com.st.stm32cube.ide.mcu.externaltools.gnu-tools-for-stm32.10.3-2021.10.win32_1.0.100.202210260954/tools/bin/../lib/gcc/arm-none-eabi/10.3.1/../../../../arm-none-eabi/lib/thumb/v7e-m+fp/hard\libc_nano.a(lib_a-snprintf.o)
 .ARM.attributes
                0x000000000000037f       0x34 c:/st/stm32cubeide_1.11.2/stm32cubeide/plugins/com.st.stm32cube.ide.mcu.externaltools.gnu-tools-for-stm32.10.3-2021.10.win32_1.0.100.202210260954/tools/bin/../lib/gcc/arm-none-eabi/10.3.1/../../../../arm-none-eabi/lib/thumb/v7e-m+fp/hard\libc_nano.a(lib_a-sprintf.o)
 .ARM.attributes
                0x00000000000003b3       0x17 c:/st/stm32cubeide_1.11.2/stm32cubeide/plugins/com.st.stm32cube.ide.mcu.externaltools.gnu-tools-for-stm32.10.3-2021.10.win32_1.0.100.202210260954/tools/bin/../lib/gcc/arm-none-eabi/10.3.1/../../../../arm-none-eabi/lib/thumb/v7e-m+fp/hard\libc_nano.a(lib_a-strlen.o)
 .ARM.attributes
                0x00000000000003ca       0x34 c:/st/stm32cubeide_1.11.2/stm32cubeide/plugins/com.st.stm32cube.ide.mcu.externaltools.gnu-tools-for-stm32.10.3-2021.10.win32_1.0.100.202210260954/tools/bin/../lib/gcc/arm-none-eabi/10.3.1/../../../../arm-none-eabi/lib/thumb/v7e-m+fp/hard\libc_nano.a(lib_a-nano-svfprintf.o)
 .ARM.attributes
                0x00000000000003fe       0x34 c:/st/stm32cubeide_1.11.2/stm32cubeide/plugins/com.st.stm32cube.ide.mcu.externaltools.gnu-tools-for-stm32.10.3-2021.10.win32_1.0.100.202210260954/tools/bin/../lib/gcc/arm-none-eabi/10.3.1/../../../../arm-none-eabi/lib/thumb/v7e-m+fp/hard\libc_nano.a(lib_a-nano-vfprintf_i.o)
 .ARM.attributes
                0x0000000000000432       0x1c c:/st/stm32cubeide_1.11.2/stm32cubeide/plugins/com.st.stm32cube.ide.mcu.externaltools.gnu-tools-for-stm32.10.3-2021.10.win32_1.0.100.202210260954/tools/bin/../lib/gcc/arm-none-eabi/10.3.1/../../../../arm-none-eabi/lib/thumb/v7e-m+fp/hard\libc_nano.a(lib_a-memchr.o)
 .ARM.attributes
                0x000000000000044e       0x34 c:/st/stm32cubeide_1.11.2/stm32cubeide/plugins/com.st.stm32cube.ide.mcu.externaltools.gnu-tools-for-stm32.10.3-2021.10.win32_1.0.100.202210260954/tools/bin/../lib/gcc/arm-none-eabi/10.3.1/../../../../arm-none-eabi/lib/thumb/v7e-m+fp/hard\libc_nano.a(lib_a-memcpy-stub.o)
 .ARM.attributes
                0x0000000000000482       0x34 c:/st/stm32cubeide_1.11.2/stm32cubeide/plugins/com.st.stm32cube.ide.mcu.externaltools.gnu-tools-for-stm32.10.3-2021.10.win32_1.0.100.202210260954/tools/bin/../lib/gcc/arm-none-eabi/10.3.1/../../../../arm-none-eabi/lib/thumb/v7e-m+fp/hard\libc_nano.a(lib_a-memmove.o)
 .ARM.attributes
                0x00000000000004b6       0x34 c:/st/stm32cubeide_1.11.2/stm32cubeide/plugins/com.st.stm32cube.ide.mcu.externaltools.gnu-tools-for-stm32.10.3-2021.10.win32_1.0.100.202210260954/tools/bin/../lib/gcc/arm-none-eabi/10.3.1/../../../../arm-none-eabi/lib/thumb/v7e-m+fp/hard\libc_nano.a(lib_a-nano-freer.o)
 .ARM.attributes
                0x00000000000004ea       0x34 c:/st/stm32cubeide_1.11.2/stm32cubeide/plugins/com.st.stm32cube.ide.mcu.externaltools.gnu-tools-for-stm32.10.3-2021.10.win32_1.0.100.202210260954/tools/bin/../lib/gcc/arm-none-eabi/10.3.1/../../../../arm-none-eabi/lib/thumb/v7e-m+fp/hard\libc_nano.a(lib_a-nano-mallocr.o)
 .ARM.attributes
                0x000000000000051e       0x34 c:/st/stm32cubeide_1.11.2/stm32cubeide/plugins/com.st.stm32cube.ide.mcu.externaltools.gnu-tools-for-stm32.10.3-2021.10.win32_1.0.100.202210260954/tools/bin/../lib/gcc/arm-none-eabi/10.3.1/../../../../arm-none-eabi/lib/thumb/v7e-m+fp/hard\libc_nano.a(lib_a-nano-reallocr.o)
 .ARM.attributes
                0x0000000000000552       0x34 c:/st/stm32cubeide_1.11.2/stm32cubeide/plugins/com.st.stm32cube.ide.mcu.externaltools.gnu-tools-for-stm32.10.3-2021.10.win32_1.0.100.202210260954/tools/bin/../lib/gcc/arm-none-eabi/10.3.1/../../../../arm-none-eabi/lib/thumb/v7e-m+fp/hard\libc_nano.a(lib_a-sbrkr.o)
 .ARM.attributes
                0x0000000000000586       0x34 c:/st/stm32cubeide_1.11.2/stm32cubeide/plugins/com.st.stm32cube.ide.mcu.externaltools.gnu-tools-for-stm32.10.3-2021.10.win32_1.0.100.202210260954/tools/bin/../lib/gcc/arm-none-eabi/10.3.1/../../../../arm-none-eabi/lib/thumb/v7e-m+fp/hard\libc_nano.a(lib_a-mlock.o)
 .ARM.attributes
                0x00000000000005ba       0x34 c:/st/stm32cubeide_1.11.2/stm32cubeide/plugins/com.st.stm32cube.ide.mcu.externaltools.gnu-tools-for-stm32.10.3-2021.10.win32_1.0.100.202210260954/tools/bin/../lib/gcc/arm-none-eabi/10.3.1/../../../../arm-none-eabi/lib/thumb/v7e-m+fp/hard\libc_nano.a(lib_a-nano-msizer.o)
 .ARM.attributes
                0x00000000000005ee       0x34 c:/st/stm32cubeide_1.11.2/stm32cubeide/plugins/com.st.stm32cube.ide.mcu.externaltools.gnu-tools-for-stm32.10.3-2021.10.win32_1.0.100.202210260954/tools/bin/../lib/gcc/arm-none-eabi/10.3.1/../../../../arm-none-eabi/lib/thumb/v7e-m+fp/hard\libc_nano.a(lib_a-reent.o)
 .ARM.attributes
                0x0000000000000622       0x34 c:/st/stm32cubeide_1.11.2/stm32cubeide/plugins/com.st.stm32cube.ide.mcu.externaltools.gnu-tools-for-stm32.10.3-2021.10.win32_1.0.100.202210260954/tools/bin/../lib/gcc/arm-none-eabi/10.3.1/../../../../arm-none-eabi/lib/thumb/v7e-m+fp/hard\libc_nano.a(lib_a-lock.o)
 .ARM.attributes
                0x0000000000000656       0x1e c:/st/stm32cubeide_1.11.2/stm32cubeide/plugins/com.st.stm32cube.ide.mcu.externaltools.gnu-tools-for-stm32.10.3-2021.10.win32_1.0.100.202210260954/tools/bin/../lib/gcc/arm-none-eabi/10.3.1/thumb/v7e-m+fp/hard/crtn.o
OUTPUT(9_esp82xx_fota2.elf elf32-littlearm)
LOAD linker stubs
LOAD c:/st/stm32cubeide_1.11.2/stm32cubeide/plugins/com.st.stm32cube.ide.mcu.externaltools.gnu-tools-for-stm32.10.3-2021.10.win32_1.0.100.202210260954/tools/bin/../lib/gcc/arm-none-eabi/10.3.1/../../../../arm-none-eabi/lib/thumb/v7e-m+fp/hard\libc.a
LOAD c:/st/stm32cubeide_1.11.2/stm32cubeide/plugins/com.st.stm32cube.ide.mcu.externaltools.gnu-tools-for-stm32.10.3-2021.10.win32_1.0.100.202210260954/tools/bin/../lib/gcc/arm-none-eabi/10.3.1/../../../../arm-none-eabi/lib/thumb/v7e-m+fp/hard\libm.a
LOAD c:/st/stm32cubeide_1.11.2/stm32cubeide/plugins/com.st.stm32cube.ide.mcu.externaltools.gnu-tools-for-stm32.10.3-2021.10.win32_1.0.100.202210260954/tools/bin/../lib/gcc/arm-none-eabi/10.3.1/thumb/v7e-m+fp/hard\libgcc.a

.debug_info     0x0000000000000000     0x2e10
 .debug_info    0x0000000000000000      0x394 ./Src/bsp.o
 .debug_info    0x0000000000000394      0x6cc ./Src/circular_buffer.o
 .debug_info    0x0000000000000a60      0x7ef ./Src/esp82xx_driver.o
 .debug_info    0x000000000000124f      0x34d ./Src/esp82xx_lib.o
 .debug_info    0x000000000000159c      0xa3b ./Src/flash_driver.o
 .debug_info    0x0000000000001fd7      0x647 ./Src/fota_processor.o
 .debug_info    0x000000000000261e      0x272 ./Src/fpu.o
 .debug_info    0x0000000000002890      0x1fb ./Src/main.o
 .debug_info    0x0000000000002a8b      0x171 ./Src/sysmem.o
 .debug_info    0x0000000000002bfc      0x1f2 ./Src/timebase.o
 .debug_info    0x0000000000002dee       0x22 ./Startup/startup_stm32f411retx.o

.debug_abbrev   0x0000000000000000     0x102d
 .debug_abbrev  0x0000000000000000       0xcb ./Src/bsp.o
 .debug_abbrev  0x00000000000000cb      0x2f8 ./Src/circular_buffer.o
 .debug_abbrev  0x00000000000003c3      0x1e1 ./Src/esp82xx_driver.o
 .debug_abbrev  0x00000000000005a4      0x15c ./Src/esp82xx_lib.o
 .debug_abbrev  0x0000000000000700      0x2fb ./Src/flash_driver.o
 .debug_abbrev  0x00000000000009fb      0x23f ./Src/fota_processor.o
 .debug_abbrev  0x0000000000000c3a       0xb6 ./Src/fpu.o
 .debug_abbrev  0x0000000000000cf0      0x107 ./Src/main.o
 .debug_abbrev  0x0000000000000df7       0xbb ./Src/sysmem.o
 .debug_abbrev  0x0000000000000eb2      0x169 ./Src/timebase.o
 .debug_abbrev  0x000000000000101b       0x12 ./Startup/startup_stm32f411retx.o

.debug_aranges  0x0000000000000000      0x368
 .debug_aranges
                0x0000000000000000       0x40 ./Src/bsp.o
 .debug_aranges
                0x0000000000000040       0xa0 ./Src/circular_buffer.o
 .debug_aranges
                0x00000000000000e0       0x60 ./Src/esp82xx_driver.o
 .debug_aranges
                0x0000000000000140       0x50 ./Src/esp82xx_lib.o
 .debug_aranges
                0x0000000000000190       0xd0 ./Src/flash_driver.o
 .debug_aranges
                0x0000000000000260       0x40 ./Src/fota_processor.o
 .debug_aranges
                0x00000000000002a0       0x20 ./Src/fpu.o
 .debug_aranges
                0x00000000000002c0       0x20 ./Src/main.o
 .debug_aranges
                0x00000000000002e0       0x20 ./Src/sysmem.o
 .debug_aranges
                0x0000000000000300       0x40 ./Src/timebase.o
 .debug_aranges
                0x0000000000000340       0x28 ./Startup/startup_stm32f411retx.o

.debug_ranges   0x0000000000000000      0x2c0
 .debug_ranges  0x0000000000000000       0x30 ./Src/bsp.o
 .debug_ranges  0x0000000000000030       0x90 ./Src/circular_buffer.o
 .debug_ranges  0x00000000000000c0       0x50 ./Src/esp82xx_driver.o
 .debug_ranges  0x0000000000000110       0x40 ./Src/esp82xx_lib.o
 .debug_ranges  0x0000000000000150       0xc0 ./Src/flash_driver.o
 .debug_ranges  0x0000000000000210       0x30 ./Src/fota_processor.o
 .debug_ranges  0x0000000000000240       0x10 ./Src/fpu.o
 .debug_ranges  0x0000000000000250       0x10 ./Src/main.o
 .debug_ranges  0x0000000000000260       0x10 ./Src/sysmem.o
 .debug_ranges  0x0000000000000270       0x30 ./Src/timebase.o
 .debug_ranges  0x00000000000002a0       0x20 ./Startup/startup_stm32f411retx.o

.debug_macro    0x0000000000000000     0x242e
 .debug_macro   0x0000000000000000      0x105 ./Src/bsp.o
 .debug_macro   0x0000000000000105       0x22 ./Src/bsp.o
 .debug_macro   0x0000000000000127      0x1d2 ./Src/circular_buffer.o
 .debug_macro   0x00000000000002f9       0x10 ./Src/circular_buffer.o
 .debug_macro   0x0000000000000309       0x52 ./Src/circular_buffer.o
 .debug_macro   0x000000000000035b       0x1e ./Src/circular_buffer.o
 .debug_macro   0x0000000000000379       0x3c ./Src/circular_buffer.o
 .debug_macro   0x00000000000003b5       0x34 ./Src/circular_buffer.o
 .debug_macro   0x00000000000003e9      0x174 ./Src/circular_buffer.o
 .debug_macro   0x000000000000055d       0x16 ./Src/circular_buffer.o
 .debug_macro   0x0000000000000573       0x43 ./Src/circular_buffer.o
 .debug_macro   0x00000000000005b6       0x34 ./Src/circular_buffer.o
 .debug_macro   0x00000000000005ea       0x10 ./Src/circular_buffer.o
 .debug_macro   0x00000000000005fa       0x58 ./Src/circular_buffer.o
 .debug_macro   0x0000000000000652       0x71 ./Src/circular_buffer.o
 .debug_macro   0x00000000000006c3       0x1c ./Src/circular_buffer.o
 .debug_macro   0x00000000000006df      0x12a ./Src/circular_buffer.o
 .debug_macro   0x0000000000000809      0x341 ./Src/circular_buffer.o
 .debug_macro   0x0000000000000b4a       0x10 ./Src/circular_buffer.o
 .debug_macro   0x0000000000000b5a       0x35 ./Src/circular_buffer.o
 .debug_macro   0x0000000000000b8f       0x20 ./Src/circular_buffer.o
 .debug_macro   0x0000000000000baf      0x11a ./Src/esp82xx_driver.o
 .debug_macro   0x0000000000000cc9      0x2e5 ./Src/esp82xx_lib.o
 .debug_macro   0x0000000000000fae       0x16 ./Src/esp82xx_lib.o
 .debug_macro   0x0000000000000fc4       0x97 ./Src/esp82xx_lib.o
 .debug_macro   0x000000000000105b       0xfd ./Src/esp82xx_lib.o
 .debug_macro   0x0000000000001158       0x10 ./Src/esp82xx_lib.o
 .debug_macro   0x0000000000001168       0x10 ./Src/esp82xx_lib.o
 .debug_macro   0x0000000000001178       0x1c ./Src/esp82xx_lib.o
 .debug_macro   0x0000000000001194       0x52 ./Src/esp82xx_lib.o
 .debug_macro   0x00000000000011e6       0x22 ./Src/esp82xx_lib.o
 .debug_macro   0x0000000000001208       0x10 ./Src/esp82xx_lib.o
 .debug_macro   0x0000000000001218       0x52 ./Src/esp82xx_lib.o
 .debug_macro   0x000000000000126a       0xd5 ./Src/esp82xx_lib.o
 .debug_macro   0x000000000000133f       0x1c ./Src/esp82xx_lib.o
 .debug_macro   0x000000000000135b       0x3d ./Src/esp82xx_lib.o
 .debug_macro   0x0000000000001398       0x16 ./Src/esp82xx_lib.o
 .debug_macro   0x00000000000013ae      0x145 ./Src/esp82xx_lib.o
 .debug_macro   0x00000000000014f3       0x16 ./Src/esp82xx_lib.o
 .debug_macro   0x0000000000001509       0x10 ./Src/esp82xx_lib.o
 .debug_macro   0x0000000000001519       0x10 ./Src/esp82xx_lib.o
 .debug_macro   0x0000000000001529      0x1b9 ./Src/flash_driver.o
 .debug_macro   0x00000000000016e2       0x4c ./Src/flash_driver.o
 .debug_macro   0x000000000000172e       0x94 ./Src/flash_driver.o
 .debug_macro   0x00000000000017c2       0x57 ./Src/flash_driver.o
 .debug_macro   0x0000000000001819       0x9a ./Src/flash_driver.o
 .debug_macro   0x00000000000018b3      0x2c5 ./Src/fota_processor.o
 .debug_macro   0x0000000000001b78       0xa0 ./Src/fota_processor.o
 .debug_macro   0x0000000000001c18       0x22 ./Src/fota_processor.o
 .debug_macro   0x0000000000001c3a       0xce ./Src/fpu.o
 .debug_macro   0x0000000000001d08      0x2e4 ./Src/main.o
 .debug_macro   0x0000000000001fec       0xff ./Src/sysmem.o
 .debug_macro   0x00000000000020eb      0x23b ./Src/sysmem.o
 .debug_macro   0x0000000000002326      0x108 ./Src/timebase.o

.debug_line     0x0000000000000000     0x4cdd
 .debug_line    0x0000000000000000      0x550 ./Src/bsp.o
 .debug_line    0x0000000000000550      0xb8e ./Src/circular_buffer.o
 .debug_line    0x00000000000010de      0x64c ./Src/esp82xx_driver.o
 .debug_line    0x000000000000172a      0x8f5 ./Src/esp82xx_lib.o
 .debug_line    0x000000000000201f      0xbff ./Src/flash_driver.o
 .debug_line    0x0000000000002c1e      0x92b ./Src/fota_processor.o
 .debug_line    0x0000000000003549      0x4ca ./Src/fpu.o
 .debug_line    0x0000000000003a13      0x7a5 ./Src/main.o
 .debug_line    0x00000000000041b8      0x4ef ./Src/sysmem.o
 .debug_line    0x00000000000046a7      0x5b2 ./Src/timebase.o
 .debug_line    0x0000000000004c59       0x84 ./Startup/startup_stm32f411retx.o

.debug_str      0x0000000000000000    0x551df
 .debug_str     0x0000000000000000    0x4f5c2 ./Src/bsp.o
                                      0x4f736 (size before relaxing)
 .debug_str     0x000000000004f5c2     0x3358 ./Src/circular_buffer.o
                                      0x5294f (size before relaxing)
 .debug_str     0x000000000005291a      0x516 ./Src/esp82xx_driver.o
                                      0x4fbed (size before relaxing)
 .debug_str     0x0000000000052e30     0x1360 ./Src/esp82xx_lib.o
                                      0x53aa9 (size before relaxing)
 .debug_str     0x0000000000054190      0x737 ./Src/flash_driver.o
                                      0x52e44 (size before relaxing)
 .debug_str     0x00000000000548c7      0x237 ./Src/fota_processor.o
                                      0x53d78 (size before relaxing)
 .debug_str     0x0000000000054afe       0x6c ./Src/fpu.o
                                      0x4f591 (size before relaxing)
 .debug_str     0x0000000000054b6a       0x80 ./Src/main.o
                                      0x53bf6 (size before relaxing)
 .debug_str     0x0000000000054bea      0x4d5 ./Src/sysmem.o
                                       0x5dc1 (size before relaxing)
 .debug_str     0x00000000000550bf       0xef ./Src/timebase.o
                                      0x4f67a (size before relaxing)
 .debug_str     0x00000000000551ae       0x31 ./Startup/startup_stm32f411retx.o
                                         0x72 (size before relaxing)

.comment        0x0000000000000000       0x50
 .comment       0x0000000000000000       0x50 ./Src/bsp.o
                                         0x51 (size before relaxing)
 .comment       0x0000000000000050       0x51 ./Src/circular_buffer.o
 .comment       0x0000000000000050       0x51 ./Src/esp82xx_driver.o
 .comment       0x0000000000000050       0x51 ./Src/esp82xx_lib.o
 .comment       0x0000000000000050       0x51 ./Src/flash_driver.o
 .comment       0x0000000000000050       0x51 ./Src/fota_processor.o
 .comment       0x0000000000000050       0x51 ./Src/fpu.o
 .comment       0x0000000000000050       0x51 ./Src/main.o
 .comment       0x0000000000000050       0x51 ./Src/sysmem.o
 .comment       0x0000000000000050       0x51 ./Src/timebase.o

.debug_frame    0x0000000000000000      0xfbc
 .debug_frame   0x0000000000000000       0xb0 ./Src/bsp.o
 .debug_frame   0x00000000000000b0      0x274 ./Src/circular_buffer.o
 .debug_frame   0x0000000000000324      0x148 ./Src/esp82xx_driver.o
 .debug_frame   0x000000000000046c       0xfc ./Src/esp82xx_lib.o
 .debug_frame   0x0000000000000568      0x378 ./Src/flash_driver.o
 .debug_frame   0x00000000000008e0       0xc0 ./Src/fota_processor.o
 .debug_frame   0x00000000000009a0       0x30 ./Src/fpu.o
 .debug_frame   0x00000000000009d0       0x2c ./Src/main.o
 .debug_frame   0x00000000000009fc       0x34 ./Src/sysmem.o
 .debug_frame   0x0000000000000a30       0xb0 ./Src/timebase.o
 .debug_frame   0x0000000000000ae0       0x20 c:/st/stm32cubeide_1.11.2/stm32cubeide/plugins/com.st.stm32cube.ide.mcu.externaltools.gnu-tools-for-stm32.10.3-2021.10.win32_1.0.100.202210260954/tools/bin/../lib/gcc/arm-none-eabi/10.3.1/../../../../arm-none-eabi/lib/thumb/v7e-m+fp/hard\libc_nano.a(lib_a-errno.o)
 .debug_frame   0x0000000000000b00       0x2c c:/st/stm32cubeide_1.11.2/stm32cubeide/plugins/com.st.stm32cube.ide.mcu.externaltools.gnu-tools-for-stm32.10.3-2021.10.win32_1.0.100.202210260954/tools/bin/../lib/gcc/arm-none-eabi/10.3.1/../../../../arm-none-eabi/lib/thumb/v7e-m+fp/hard\libc_nano.a(lib_a-init.o)
 .debug_frame   0x0000000000000b2c       0x20 c:/st/stm32cubeide_1.11.2/stm32cubeide/plugins/com.st.stm32cube.ide.mcu.externaltools.gnu-tools-for-stm32.10.3-2021.10.win32_1.0.100.202210260954/tools/bin/../lib/gcc/arm-none-eabi/10.3.1/../../../../arm-none-eabi/lib/thumb/v7e-m+fp/hard\libc_nano.a(lib_a-memset.o)
 .debug_frame   0x0000000000000b4c       0x7c c:/st/stm32cubeide_1.11.2/stm32cubeide/plugins/com.st.stm32cube.ide.mcu.externaltools.gnu-tools-for-stm32.10.3-2021.10.win32_1.0.100.202210260954/tools/bin/../lib/gcc/arm-none-eabi/10.3.1/../../../../arm-none-eabi/lib/thumb/v7e-m+fp/hard\libc_nano.a(lib_a-snprintf.o)
 .debug_frame   0x0000000000000bc8       0x6c c:/st/stm32cubeide_1.11.2/stm32cubeide/plugins/com.st.stm32cube.ide.mcu.externaltools.gnu-tools-for-stm32.10.3-2021.10.win32_1.0.100.202210260954/tools/bin/../lib/gcc/arm-none-eabi/10.3.1/../../../../arm-none-eabi/lib/thumb/v7e-m+fp/hard\libc_nano.a(lib_a-sprintf.o)
 .debug_frame   0x0000000000000c34       0x90 c:/st/stm32cubeide_1.11.2/stm32cubeide/plugins/com.st.stm32cube.ide.mcu.externaltools.gnu-tools-for-stm32.10.3-2021.10.win32_1.0.100.202210260954/tools/bin/../lib/gcc/arm-none-eabi/10.3.1/../../../../arm-none-eabi/lib/thumb/v7e-m+fp/hard\libc_nano.a(lib_a-nano-svfprintf.o)
 .debug_frame   0x0000000000000cc4       0x60 c:/st/stm32cubeide_1.11.2/stm32cubeide/plugins/com.st.stm32cube.ide.mcu.externaltools.gnu-tools-for-stm32.10.3-2021.10.win32_1.0.100.202210260954/tools/bin/../lib/gcc/arm-none-eabi/10.3.1/../../../../arm-none-eabi/lib/thumb/v7e-m+fp/hard\libc_nano.a(lib_a-nano-vfprintf_i.o)
 .debug_frame   0x0000000000000d24       0x28 c:/st/stm32cubeide_1.11.2/stm32cubeide/plugins/com.st.stm32cube.ide.mcu.externaltools.gnu-tools-for-stm32.10.3-2021.10.win32_1.0.100.202210260954/tools/bin/../lib/gcc/arm-none-eabi/10.3.1/../../../../arm-none-eabi/lib/thumb/v7e-m+fp/hard\libc_nano.a(lib_a-memcpy-stub.o)
 .debug_frame   0x0000000000000d4c       0x28 c:/st/stm32cubeide_1.11.2/stm32cubeide/plugins/com.st.stm32cube.ide.mcu.externaltools.gnu-tools-for-stm32.10.3-2021.10.win32_1.0.100.202210260954/tools/bin/../lib/gcc/arm-none-eabi/10.3.1/../../../../arm-none-eabi/lib/thumb/v7e-m+fp/hard\libc_nano.a(lib_a-memmove.o)
 .debug_frame   0x0000000000000d74       0x38 c:/st/stm32cubeide_1.11.2/stm32cubeide/plugins/com.st.stm32cube.ide.mcu.externaltools.gnu-tools-for-stm32.10.3-2021.10.win32_1.0.100.202210260954/tools/bin/../lib/gcc/arm-none-eabi/10.3.1/../../../../arm-none-eabi/lib/thumb/v7e-m+fp/hard\libc_nano.a(lib_a-nano-freer.o)
 .debug_frame   0x0000000000000dac       0x4c c:/st/stm32cubeide_1.11.2/stm32cubeide/plugins/com.st.stm32cube.ide.mcu.externaltools.gnu-tools-for-stm32.10.3-2021.10.win32_1.0.100.202210260954/tools/bin/../lib/gcc/arm-none-eabi/10.3.1/../../../../arm-none-eabi/lib/thumb/v7e-m+fp/hard\libc_nano.a(lib_a-nano-mallocr.o)
 .debug_frame   0x0000000000000df8       0x3c c:/st/stm32cubeide_1.11.2/stm32cubeide/plugins/com.st.stm32cube.ide.mcu.externaltools.gnu-tools-for-stm32.10.3-2021.10.win32_1.0.100.202210260954/tools/bin/../lib/gcc/arm-none-eabi/10.3.1/../../../../arm-none-eabi/lib/thumb/v7e-m+fp/hard\libc_nano.a(lib_a-nano-reallocr.o)
 .debug_frame   0x0000000000000e34       0x2c c:/st/stm32cubeide_1.11.2/stm32cubeide/plugins/com.st.stm32cube.ide.mcu.externaltools.gnu-tools-for-stm32.10.3-2021.10.win32_1.0.100.202210260954/tools/bin/../lib/gcc/arm-none-eabi/10.3.1/../../../../arm-none-eabi/lib/thumb/v7e-m+fp/hard\libc_nano.a(lib_a-sbrkr.o)
 .debug_frame   0x0000000000000e60       0x30 c:/st/stm32cubeide_1.11.2/stm32cubeide/plugins/com.st.stm32cube.ide.mcu.externaltools.gnu-tools-for-stm32.10.3-2021.10.win32_1.0.100.202210260954/tools/bin/../lib/gcc/arm-none-eabi/10.3.1/../../../../arm-none-eabi/lib/thumb/v7e-m+fp/hard\libc_nano.a(lib_a-mlock.o)
 .debug_frame   0x0000000000000e90       0x20 c:/st/stm32cubeide_1.11.2/stm32cubeide/plugins/com.st.stm32cube.ide.mcu.externaltools.gnu-tools-for-stm32.10.3-2021.10.win32_1.0.100.202210260954/tools/bin/../lib/gcc/arm-none-eabi/10.3.1/../../../../arm-none-eabi/lib/thumb/v7e-m+fp/hard\libc_nano.a(lib_a-nano-msizer.o)
 .debug_frame   0x0000000000000eb0       0x5c c:/st/stm32cubeide_1.11.2/stm32cubeide/plugins/com.st.stm32cube.ide.mcu.externaltools.gnu-tools-for-stm32.10.3-2021.10.win32_1.0.100.202210260954/tools/bin/../lib/gcc/arm-none-eabi/10.3.1/../../../../arm-none-eabi/lib/thumb/v7e-m+fp/hard\libc_nano.a(lib_a-reent.o)
 .debug_frame   0x0000000000000f0c       0xb0 c:/st/stm32cubeide_1.11.2/stm32cubeide/plugins/com.st.stm32cube.ide.mcu.externaltools.gnu-tools-for-stm32.10.3-2021.10.win32_1.0.100.202210260954/tools/bin/../lib/gcc/arm-none-eabi/10.3.1/../../../../arm-none-eabi/lib/thumb/v7e-m+fp/hard\libc_nano.a(lib_a-lock.o)
