11:10:00 **** Build of configuration Debug for project 5_system_drivers-adc ****
make -j8 all 
arm-none-eabi-gcc -mcpu=cortex-m4 -g3 -c -x assembler-with-cpp -MMD -MP -MF"Startup/startup_stm32f411retx.d" -MT"Startup/startup_stm32f411retx.o" --specs=nano.specs -mfpu=fpv4-sp-d16 -mfloat-abi=hard -mthumb -o "Startup/startup_stm32f411retx.o" "../Startup/startup_stm32f411retx.s"
arm-none-eabi-gcc "../Src/adc.c" -mcpu=cortex-m4 -std=gnu11 -g3 -DDEBUG -DSTM32 -DSTM32F4 -DSTM32F411RETx -DSTM32F411xE -c -I../Inc -I"C:/Users/Ninsaw/Documents/BareMetal-CircularBuffer/5_system_drivers-adc/chip_headers/CMSIS/Include" -I"C:/Users/Ninsaw/Documents/BareMetal-CircularBuffer/5_system_drivers-adc/chip_headers/CMSIS/Device/ST/STM32F4xx/Include" -O0 -ffunction-sections -fdata-sections -Wall -fstack-usage -fcyclomatic-complexity -MMD -MP -MF"Src/adc.d" -MT"Src/adc.o" --specs=nano.specs -mfpu=fpv4-sp-d16 -mfloat-abi=hard -mthumb -o "Src/adc.o"
arm-none-eabi-gcc "../Src/bsp.c" -mcpu=cortex-m4 -std=gnu11 -g3 -DDEBUG -DSTM32 -DSTM32F4 -DSTM32F411RETx -DSTM32F411xE -c -I../Inc -I"C:/Users/Ninsaw/Documents/BareMetal-CircularBuffer/5_system_drivers-adc/chip_headers/CMSIS/Include" -I"C:/Users/Ninsaw/Documents/BareMetal-CircularBuffer/5_system_drivers-adc/chip_headers/CMSIS/Device/ST/STM32F4xx/Include" -O0 -ffunction-sections -fdata-sections -Wall -fstack-usage -fcyclomatic-complexity -MMD -MP -MF"Src/bsp.d" -MT"Src/bsp.o" --specs=nano.specs -mfpu=fpv4-sp-d16 -mfloat-abi=hard -mthumb -o "Src/bsp.o"
arm-none-eabi-gcc "../Src/fpu.c" -mcpu=cortex-m4 -std=gnu11 -g3 -DDEBUG -DSTM32 -DSTM32F4 -DSTM32F411RETx -DSTM32F411xE -c -I../Inc -I"C:/Users/Ninsaw/Documents/BareMetal-CircularBuffer/5_system_drivers-adc/chip_headers/CMSIS/Include" -I"C:/Users/Ninsaw/Documents/BareMetal-CircularBuffer/5_system_drivers-adc/chip_headers/CMSIS/Device/ST/STM32F4xx/Include" -O0 -ffunction-sections -fdata-sections -Wall -fstack-usage -fcyclomatic-complexity -MMD -MP -MF"Src/fpu.d" -MT"Src/fpu.o" --specs=nano.specs -mfpu=fpv4-sp-d16 -mfloat-abi=hard -mthumb -o "Src/fpu.o"
arm-none-eabi-gcc "../Src/main.c" -mcpu=cortex-m4 -std=gnu11 -g3 -DDEBUG -DSTM32 -DSTM32F4 -DSTM32F411RETx -DSTM32F411xE -c -I../Inc -I"C:/Users/Ninsaw/Documents/BareMetal-CircularBuffer/5_system_drivers-adc/chip_headers/CMSIS/Include" -I"C:/Users/Ninsaw/Documents/BareMetal-CircularBuffer/5_system_drivers-adc/chip_headers/CMSIS/Device/ST/STM32F4xx/Include" -O0 -ffunction-sections -fdata-sections -Wall -fstack-usage -fcyclomatic-complexity -MMD -MP -MF"Src/main.d" -MT"Src/main.o" --specs=nano.specs -mfpu=fpv4-sp-d16 -mfloat-abi=hard -mthumb -o "Src/main.o"
arm-none-eabi-gcc "../Src/syscalls.c" -mcpu=cortex-m4 -std=gnu11 -g3 -DDEBUG -DSTM32 -DSTM32F4 -DSTM32F411RETx -DSTM32F411xE -c -I../Inc -I"C:/Users/Ninsaw/Documents/BareMetal-CircularBuffer/5_system_drivers-adc/chip_headers/CMSIS/Include" -I"C:/Users/Ninsaw/Documents/BareMetal-CircularBuffer/5_system_drivers-adc/chip_headers/CMSIS/Device/ST/STM32F4xx/Include" -O0 -ffunction-sections -fdata-sections -Wall -fstack-usage -fcyclomatic-complexity -MMD -MP -MF"Src/syscalls.d" -MT"Src/syscalls.o" --specs=nano.specs -mfpu=fpv4-sp-d16 -mfloat-abi=hard -mthumb -o "Src/syscalls.o"
arm-none-eabi-gcc "../Src/sysmem.c" -mcpu=cortex-m4 -std=gnu11 -g3 -DDEBUG -DSTM32 -DSTM32F4 -DSTM32F411RETx -DSTM32F411xE -c -I../Inc -I"C:/Users/Ninsaw/Documents/BareMetal-CircularBuffer/5_system_drivers-adc/chip_headers/CMSIS/Include" -I"C:/Users/Ninsaw/Documents/BareMetal-CircularBuffer/5_system_drivers-adc/chip_headers/CMSIS/Device/ST/STM32F4xx/Include" -O0 -ffunction-sections -fdata-sections -Wall -fstack-usage -fcyclomatic-complexity -MMD -MP -MF"Src/sysmem.d" -MT"Src/sysmem.o" --specs=nano.specs -mfpu=fpv4-sp-d16 -mfloat-abi=hard -mthumb -o "Src/sysmem.o"
arm-none-eabi-gcc "../Src/timebase.c" -mcpu=cortex-m4 -std=gnu11 -g3 -DDEBUG -DSTM32 -DSTM32F4 -DSTM32F411RETx -DSTM32F411xE -c -I../Inc -I"C:/Users/Ninsaw/Documents/BareMetal-CircularBuffer/5_system_drivers-adc/chip_headers/CMSIS/Include" -I"C:/Users/Ninsaw/Documents/BareMetal-CircularBuffer/5_system_drivers-adc/chip_headers/CMSIS/Device/ST/STM32F4xx/Include" -O0 -ffunction-sections -fdata-sections -Wall -fstack-usage -fcyclomatic-complexity -MMD -MP -MF"Src/timebase.d" -MT"Src/timebase.o" --specs=nano.specs -mfpu=fpv4-sp-d16 -mfloat-abi=hard -mthumb -o "Src/timebase.o"
arm-none-eabi-gcc "../Src/uart.c" -mcpu=cortex-m4 -std=gnu11 -g3 -DDEBUG -DSTM32 -DSTM32F4 -DSTM32F411RETx -DSTM32F411xE -c -I../Inc -I"C:/Users/Ninsaw/Documents/BareMetal-CircularBuffer/5_system_drivers-adc/chip_headers/CMSIS/Include" -I"C:/Users/Ninsaw/Documents/BareMetal-CircularBuffer/5_system_drivers-adc/chip_headers/CMSIS/Device/ST/STM32F4xx/Include" -O0 -ffunction-sections -fdata-sections -Wall -fstack-usage -fcyclomatic-complexity -MMD -MP -MF"Src/uart.d" -MT"Src/uart.o" --specs=nano.specs -mfpu=fpv4-sp-d16 -mfloat-abi=hard -mthumb -o "Src/uart.o"
arm-none-eabi-gcc -o "5_system_drivers-adc.elf" @"objects.list"   -mcpu=cortex-m4 -T"C:\Users\Ninsaw\Documents\BareMetal-CircularBuffer\5_system_drivers-adc\STM32F411RETX_FLASH.ld" --specs=nosys.specs -Wl,-Map="5_system_drivers-adc.map" -Wl,--gc-sections -static --specs=nano.specs -mfpu=fpv4-sp-d16 -mfloat-abi=hard -mthumb -Wl,--start-group -lc -lm -Wl,--end-group
Finished building target: 5_system_drivers-adc.elf
 
arm-none-eabi-size   5_system_drivers-adc.elf 
arm-none-eabi-objdump -h -S  5_system_drivers-adc.elf  > "5_system_drivers-adc.list"
   text	   data	    bss	    dec	    hex	filename
   1424	      8	   1576	   3008	    bc0	5_system_drivers-adc.elf
Finished building: default.size.stdout
 
Finished building: 5_system_drivers-adc.list
 

11:10:02 Build Finished. 0 errors, 0 warnings. (took 1s.596ms)

