11:37:37 **** Incremental Build of configuration Debug for project 7_esp82xx_driver ****
make -j4 all 
arm-none-eabi-gcc -mcpu=cortex-m4 -g3 -c -x assembler-with-cpp -MMD -MP -MF"Startup/startup_stm32f411retx.d" -MT"Startup/startup_stm32f411retx.o" --specs=nano.specs -mfpu=fpv4-sp-d16 -mfloat-abi=hard -mthumb -o "Startup/startup_stm32f411retx.o" "../Startup/startup_stm32f411retx.s"
arm-none-eabi-gcc "../Src/adc.c" -mcpu=cortex-m4 -std=gnu11 -g3 -DDEBUG -DSTM32 -DSTM32F4 -DSTM32F411RETx -DSTM32F411xE -c -I../Inc -I"C:/Users/user/Documents/Embedded-FOTA-WiFi/7_esp82xx_driver/chip_headers/CMSIS/Include" -I"C:/Users/user/Documents/Embedded-FOTA-WiFi/7_esp82xx_driver/chip_headers/CMSIS/Device/ST/STM32F4xx/Include" -O0 -ffunction-sections -fdata-sections -Wall -fstack-usage -MMD -MP -MF"Src/adc.d" -MT"Src/adc.o" --specs=nano.specs -mfpu=fpv4-sp-d16 -mfloat-abi=hard -mthumb -o "Src/adc.o"
arm-none-eabi-gcc "../Src/bsp.c" -mcpu=cortex-m4 -std=gnu11 -g3 -DDEBUG -DSTM32 -DSTM32F4 -DSTM32F411RETx -DSTM32F411xE -c -I../Inc -I"C:/Users/user/Documents/Embedded-FOTA-WiFi/7_esp82xx_driver/chip_headers/CMSIS/Include" -I"C:/Users/user/Documents/Embedded-FOTA-WiFi/7_esp82xx_driver/chip_headers/CMSIS/Device/ST/STM32F4xx/Include" -O0 -ffunction-sections -fdata-sections -Wall -fstack-usage -MMD -MP -MF"Src/bsp.d" -MT"Src/bsp.o" --specs=nano.specs -mfpu=fpv4-sp-d16 -mfloat-abi=hard -mthumb -o "Src/bsp.o"
arm-none-eabi-gcc "../Src/circular_buffer.c" -mcpu=cortex-m4 -std=gnu11 -g3 -DDEBUG -DSTM32 -DSTM32F4 -DSTM32F411RETx -DSTM32F411xE -c -I../Inc -I"C:/Users/user/Documents/Embedded-FOTA-WiFi/7_esp82xx_driver/chip_headers/CMSIS/Include" -I"C:/Users/user/Documents/Embedded-FOTA-WiFi/7_esp82xx_driver/chip_headers/CMSIS/Device/ST/STM32F4xx/Include" -O0 -ffunction-sections -fdata-sections -Wall -fstack-usage -MMD -MP -MF"Src/circular_buffer.d" -MT"Src/circular_buffer.o" --specs=nano.specs -mfpu=fpv4-sp-d16 -mfloat-abi=hard -mthumb -o "Src/circular_buffer.o"
arm-none-eabi-gcc "../Src/esp82xx_driver.c" -mcpu=cortex-m4 -std=gnu11 -g3 -DDEBUG -DSTM32 -DSTM32F4 -DSTM32F411RETx -DSTM32F411xE -c -I../Inc -I"C:/Users/user/Documents/Embedded-FOTA-WiFi/7_esp82xx_driver/chip_headers/CMSIS/Include" -I"C:/Users/user/Documents/Embedded-FOTA-WiFi/7_esp82xx_driver/chip_headers/CMSIS/Device/ST/STM32F4xx/Include" -O0 -ffunction-sections -fdata-sections -Wall -fstack-usage -MMD -MP -MF"Src/esp82xx_driver.d" -MT"Src/esp82xx_driver.o" --specs=nano.specs -mfpu=fpv4-sp-d16 -mfloat-abi=hard -mthumb -o "Src/esp82xx_driver.o"
arm-none-eabi-gcc "../Src/esp82xx_lib.c" -mcpu=cortex-m4 -std=gnu11 -g3 -DDEBUG -DSTM32 -DSTM32F4 -DSTM32F411RETx -DSTM32F411xE -c -I../Inc -I"C:/Users/user/Documents/Embedded-FOTA-WiFi/7_esp82xx_driver/chip_headers/CMSIS/Include" -I"C:/Users/user/Documents/Embedded-FOTA-WiFi/7_esp82xx_driver/chip_headers/CMSIS/Device/ST/STM32F4xx/Include" -O0 -ffunction-sections -fdata-sections -Wall -fstack-usage -MMD -MP -MF"Src/esp82xx_lib.d" -MT"Src/esp82xx_lib.o" --specs=nano.specs -mfpu=fpv4-sp-d16 -mfloat-abi=hard -mthumb -o "Src/esp82xx_lib.o"
arm-none-eabi-gcc "../Src/fpu.c" -mcpu=cortex-m4 -std=gnu11 -g3 -DDEBUG -DSTM32 -DSTM32F4 -DSTM32F411RETx -DSTM32F411xE -c -I../Inc -I"C:/Users/user/Documents/Embedded-FOTA-WiFi/7_esp82xx_driver/chip_headers/CMSIS/Include" -I"C:/Users/user/Documents/Embedded-FOTA-WiFi/7_esp82xx_driver/chip_headers/CMSIS/Device/ST/STM32F4xx/Include" -O0 -ffunction-sections -fdata-sections -Wall -fstack-usage -MMD -MP -MF"Src/fpu.d" -MT"Src/fpu.o" --specs=nano.specs -mfpu=fpv4-sp-d16 -mfloat-abi=hard -mthumb -o "Src/fpu.o"
arm-none-eabi-gcc "../Src/main.c" -mcpu=cortex-m4 -std=gnu11 -g3 -DDEBUG -DSTM32 -DSTM32F4 -DSTM32F411RETx -DSTM32F411xE -c -I../Inc -I"C:/Users/user/Documents/Embedded-FOTA-WiFi/7_esp82xx_driver/chip_headers/CMSIS/Include" -I"C:/Users/user/Documents/Embedded-FOTA-WiFi/7_esp82xx_driver/chip_headers/CMSIS/Device/ST/STM32F4xx/Include" -O0 -ffunction-sections -fdata-sections -Wall -fstack-usage -MMD -MP -MF"Src/main.d" -MT"Src/main.o" --specs=nano.specs -mfpu=fpv4-sp-d16 -mfloat-abi=hard -mthumb -o "Src/main.o"
arm-none-eabi-gcc "../Src/syscalls.c" -mcpu=cortex-m4 -std=gnu11 -g3 -DDEBUG -DSTM32 -DSTM32F4 -DSTM32F411RETx -DSTM32F411xE -c -I../Inc -I"C:/Users/user/Documents/Embedded-FOTA-WiFi/7_esp82xx_driver/chip_headers/CMSIS/Include" -I"C:/Users/user/Documents/Embedded-FOTA-WiFi/7_esp82xx_driver/chip_headers/CMSIS/Device/ST/STM32F4xx/Include" -O0 -ffunction-sections -fdata-sections -Wall -fstack-usage -MMD -MP -MF"Src/syscalls.d" -MT"Src/syscalls.o" --specs=nano.specs -mfpu=fpv4-sp-d16 -mfloat-abi=hard -mthumb -o "Src/syscalls.o"
arm-none-eabi-gcc "../Src/sysmem.c" -mcpu=cortex-m4 -std=gnu11 -g3 -DDEBUG -DSTM32 -DSTM32F4 -DSTM32F411RETx -DSTM32F411xE -c -I../Inc -I"C:/Users/user/Documents/Embedded-FOTA-WiFi/7_esp82xx_driver/chip_headers/CMSIS/Include" -I"C:/Users/user/Documents/Embedded-FOTA-WiFi/7_esp82xx_driver/chip_headers/CMSIS/Device/ST/STM32F4xx/Include" -O0 -ffunction-sections -fdata-sections -Wall -fstack-usage -MMD -MP -MF"Src/sysmem.d" -MT"Src/sysmem.o" --specs=nano.specs -mfpu=fpv4-sp-d16 -mfloat-abi=hard -mthumb -o "Src/sysmem.o"
arm-none-eabi-gcc "../Src/timebase.c" -mcpu=cortex-m4 -std=gnu11 -g3 -DDEBUG -DSTM32 -DSTM32F4 -DSTM32F411RETx -DSTM32F411xE -c -I../Inc -I"C:/Users/user/Documents/Embedded-FOTA-WiFi/7_esp82xx_driver/chip_headers/CMSIS/Include" -I"C:/Users/user/Documents/Embedded-FOTA-WiFi/7_esp82xx_driver/chip_headers/CMSIS/Device/ST/STM32F4xx/Include" -O0 -ffunction-sections -fdata-sections -Wall -fstack-usage -MMD -MP -MF"Src/timebase.d" -MT"Src/timebase.o" --specs=nano.specs -mfpu=fpv4-sp-d16 -mfloat-abi=hard -mthumb -o "Src/timebase.o"
arm-none-eabi-gcc -o "7_esp82xx_driver.elf" @"objects.list"   -mcpu=cortex-m4 -T"C:\Users\user\Documents\Embedded-FOTA-WiFi\7_esp82xx_driver\STM32F411RETX_FLASH.ld" --specs=nosys.specs -Wl,-Map="7_esp82xx_driver.map" -Wl,--gc-sections -static --specs=nano.specs -mfpu=fpv4-sp-d16 -mfloat-abi=hard -mthumb -Wl,--start-group -lc -lm -Wl,--end-group
Finished building target: 7_esp82xx_driver.elf
 
arm-none-eabi-size   7_esp82xx_driver.elf 
arm-none-eabi-objdump -h -S  7_esp82xx_driver.elf  > "7_esp82xx_driver.list"
   text	   data	    bss	    dec	    hex	filename
   6516	    108	   2044	   8668	   21dc	7_esp82xx_driver.elf
Finished building: default.size.stdout
 
Finished building: 7_esp82xx_driver.list
 

11:37:39 Build Finished. 0 errors, 0 warnings. (took 2s.222ms)

