12:22:27 **** Incremental Build of configuration Debug for project 8_esp82xx_fota2 ****
make -j4 all 
arm-none-eabi-gcc "../Src/fota_processor.c" -mcpu=cortex-m4 -std=gnu11 -g3 -DDEBUG -DSTM32 -DSTM32F4 -DSTM32F411RETx -DSTM32F411xE -c -I../Inc -I"C:/Users/user/Documents/Embedded-FOTA-WiFi/8_esp82xx_fota2/chip_headers/CMSIS/Include" -I"C:/Users/user/Documents/Embedded-FOTA-WiFi/8_esp82xx_fota2/chip_headers/CMSIS/Device/ST/STM32F4xx/Include" -O0 -ffunction-sections -fdata-sections -Wall -fstack-usage -MMD -MP -MF"Src/fota_processor.d" -MT"Src/fota_processor.o" --specs=nano.specs -mfpu=fpv4-sp-d16 -mfloat-abi=hard -mthumb -o "Src/fota_processor.o"
arm-none-eabi-gcc "../Src/main.c" -mcpu=cortex-m4 -std=gnu11 -g3 -DDEBUG -DSTM32 -DSTM32F4 -DSTM32F411RETx -DSTM32F411xE -c -I../Inc -I"C:/Users/user/Documents/Embedded-FOTA-WiFi/8_esp82xx_fota2/chip_headers/CMSIS/Include" -I"C:/Users/user/Documents/Embedded-FOTA-WiFi/8_esp82xx_fota2/chip_headers/CMSIS/Device/ST/STM32F4xx/Include" -O0 -ffunction-sections -fdata-sections -Wall -fstack-usage -MMD -MP -MF"Src/main.d" -MT"Src/main.o" --specs=nano.specs -mfpu=fpv4-sp-d16 -mfloat-abi=hard -mthumb -o "Src/main.o"
arm-none-eabi-gcc -o "8_esp82xx_fota2.elf" @"objects.list"   -mcpu=cortex-m4 -T"C:\Users\user\Documents\Embedded-FOTA-WiFi\8_esp82xx_fota2\STM32F411RETX_FLASH.ld" --specs=nosys.specs -Wl,-Map="8_esp82xx_fota2.map" -Wl,--gc-sections -static --specs=nano.specs -mfpu=fpv4-sp-d16 -mfloat-abi=hard -mthumb -Wl,--start-group -lc -lm -Wl,--end-group
Finished building target: 8_esp82xx_fota2.elf
 
arm-none-eabi-size   8_esp82xx_fota2.elf 
arm-none-eabi-objdump -h -S  8_esp82xx_fota2.elf  > "8_esp82xx_fota2.list"
   text	   data	    bss	    dec	    hex	filename
  10912	    108	  47220	  58240	   e380	8_esp82xx_fota2.elf
Finished building: default.size.stdout
 
Finished building: 8_esp82xx_fota2.list
 

12:22:28 Build Finished. 0 errors, 0 warnings. (took 1s.75ms)

