11:45:52 **** Incremental Build of configuration Debug for project firmware-update-app ****
make -j4 all 
arm-none-eabi-gcc -mcpu=cortex-m4 -g3 -c -x assembler-with-cpp -MMD -MP -MF"Startup/startup_stm32f411retx.d" -MT"Startup/startup_stm32f411retx.o" --specs=nano.specs -mfpu=fpv4-sp-d16 -mfloat-abi=hard -mthumb -o "Startup/startup_stm32f411retx.o" "../Startup/startup_stm32f411retx.s"
arm-none-eabi-gcc "../Src/fpu.c" -mcpu=cortex-m4 -std=gnu11 -g3 -DDEBUG -DSTM32 -DSTM32F4 -DSTM32F411RETx -DSTM32F411xE -c -I../Inc -I"C:/Users/user/Documents/Embedded-FOTA-WiFi/firmware-update-app/chip_headers/CMSIS/Include" -I"C:/Users/user/Documents/Embedded-FOTA-WiFi/firmware-update-app/chip_headers/CMSIS/Device/ST/STM32F4xx/Include" -O0 -ffunction-sections -fdata-sections -Wall -fstack-usage -MMD -MP -MF"Src/fpu.d" -MT"Src/fpu.o" --specs=nano.specs -mfpu=fpv4-sp-d16 -mfloat-abi=hard -mthumb -o "Src/fpu.o"
arm-none-eabi-gcc "../Src/main.c" -mcpu=cortex-m4 -std=gnu11 -g3 -DDEBUG -DSTM32 -DSTM32F4 -DSTM32F411RETx -DSTM32F411xE -c -I../Inc -I"C:/Users/user/Documents/Embedded-FOTA-WiFi/firmware-update-app/chip_headers/CMSIS/Include" -I"C:/Users/user/Documents/Embedded-FOTA-WiFi/firmware-update-app/chip_headers/CMSIS/Device/ST/STM32F4xx/Include" -O0 -ffunction-sections -fdata-sections -Wall -fstack-usage -MMD -MP -MF"Src/main.d" -MT"Src/main.o" --specs=nano.specs -mfpu=fpv4-sp-d16 -mfloat-abi=hard -mthumb -o "Src/main.o"
arm-none-eabi-gcc "../Src/syscalls.c" -mcpu=cortex-m4 -std=gnu11 -g3 -DDEBUG -DSTM32 -DSTM32F4 -DSTM32F411RETx -DSTM32F411xE -c -I../Inc -I"C:/Users/user/Documents/Embedded-FOTA-WiFi/firmware-update-app/chip_headers/CMSIS/Include" -I"C:/Users/user/Documents/Embedded-FOTA-WiFi/firmware-update-app/chip_headers/CMSIS/Device/ST/STM32F4xx/Include" -O0 -ffunction-sections -fdata-sections -Wall -fstack-usage -MMD -MP -MF"Src/syscalls.d" -MT"Src/syscalls.o" --specs=nano.specs -mfpu=fpv4-sp-d16 -mfloat-abi=hard -mthumb -o "Src/syscalls.o"
arm-none-eabi-gcc "../Src/sysmem.c" -mcpu=cortex-m4 -std=gnu11 -g3 -DDEBUG -DSTM32 -DSTM32F4 -DSTM32F411RETx -DSTM32F411xE -c -I../Inc -I"C:/Users/user/Documents/Embedded-FOTA-WiFi/firmware-update-app/chip_headers/CMSIS/Include" -I"C:/Users/user/Documents/Embedded-FOTA-WiFi/firmware-update-app/chip_headers/CMSIS/Device/ST/STM32F4xx/Include" -O0 -ffunction-sections -fdata-sections -Wall -fstack-usage -MMD -MP -MF"Src/sysmem.d" -MT"Src/sysmem.o" --specs=nano.specs -mfpu=fpv4-sp-d16 -mfloat-abi=hard -mthumb -o "Src/sysmem.o"
arm-none-eabi-gcc "../Src/uart.c" -mcpu=cortex-m4 -std=gnu11 -g3 -DDEBUG -DSTM32 -DSTM32F4 -DSTM32F411RETx -DSTM32F411xE -c -I../Inc -I"C:/Users/user/Documents/Embedded-FOTA-WiFi/firmware-update-app/chip_headers/CMSIS/Include" -I"C:/Users/user/Documents/Embedded-FOTA-WiFi/firmware-update-app/chip_headers/CMSIS/Device/ST/STM32F4xx/Include" -O0 -ffunction-sections -fdata-sections -Wall -fstack-usage -MMD -MP -MF"Src/uart.d" -MT"Src/uart.o" --specs=nano.specs -mfpu=fpv4-sp-d16 -mfloat-abi=hard -mthumb -o "Src/uart.o"
arm-none-eabi-gcc -o "firmware-update-app.elf" @"objects.list"   -mcpu=cortex-m4 -T"C:\Users\user\Documents\Embedded-FOTA-WiFi\firmware-update-app\STM32F411RETX_FLASH.ld" --specs=nosys.specs -Wl,-Map="firmware-update-app.map" -Wl,--gc-sections -static --specs=nano.specs -mfpu=fpv4-sp-d16 -mfloat-abi=hard -mthumb -Wl,--start-group -lc -lm -Wl,--end-group
Finished building target: firmware-update-app.elf
 
arm-none-eabi-size   firmware-update-app.elf 
arm-none-eabi-objdump -h -S  firmware-update-app.elf  > "firmware-update-app.list"
arm-none-eabi-objcopy  -O binary  firmware-update-app.elf  "firmware-update-app.bin"
   text	   data	    bss	    dec	    hex	filename
   5700	    108	   1588	   7396	   1ce4	firmware-update-app.elf
Finished building: default.size.stdout
 
Finished building: firmware-update-app.bin
Finished building: firmware-update-app.list
 
 

11:45:53 Build Finished. 0 errors, 0 warnings. (took 1s.367ms)

