Archive member included to satisfy reference by file (symbol)

c:/st/stm32cubeide_1.11.2/stm32cubeide/plugins/com.st.stm32cube.ide.mcu.externaltools.gnu-tools-for-stm32.10.3-2021.10.win32_1.0.100.202210260954/tools/bin/../lib/gcc/arm-none-eabi/10.3.1/../../../../arm-none-eabi/lib/thumb/v7e-m+fp/hard\libc_nano.a(lib_a-errno.o)
                              ./Src/syscalls.o (__errno)
c:/st/stm32cubeide_1.11.2/stm32cubeide/plugins/com.st.stm32cube.ide.mcu.externaltools.gnu-tools-for-stm32.10.3-2021.10.win32_1.0.100.202210260954/tools/bin/../lib/gcc/arm-none-eabi/10.3.1/../../../../arm-none-eabi/lib/thumb/v7e-m+fp/hard\libc_nano.a(lib_a-exit.o)
                              c:/st/stm32cubeide_1.11.2/stm32cubeide/plugins/com.st.stm32cube.ide.mcu.externaltools.gnu-tools-for-stm32.10.3-2021.10.win32_1.0.100.202210260954/tools/bin/../lib/gcc/arm-none-eabi/10.3.1/../../../../arm-none-eabi/lib/thumb/v7e-m+fp/hard/crt0.o (exit)
c:/st/stm32cubeide_1.11.2/stm32cubeide/plugins/com.st.stm32cube.ide.mcu.externaltools.gnu-tools-for-stm32.10.3-2021.10.win32_1.0.100.202210260954/tools/bin/../lib/gcc/arm-none-eabi/10.3.1/../../../../arm-none-eabi/lib/thumb/v7e-m+fp/hard\libc_nano.a(lib_a-impure.o)
                              c:/st/stm32cubeide_1.11.2/stm32cubeide/plugins/com.st.stm32cube.ide.mcu.externaltools.gnu-tools-for-stm32.10.3-2021.10.win32_1.0.100.202210260954/tools/bin/../lib/gcc/arm-none-eabi/10.3.1/../../../../arm-none-eabi/lib/thumb/v7e-m+fp/hard\libc_nano.a(lib_a-exit.o) (_global_impure_ptr)
c:/st/stm32cubeide_1.11.2/stm32cubeide/plugins/com.st.stm32cube.ide.mcu.externaltools.gnu-tools-for-stm32.10.3-2021.10.win32_1.0.100.202210260954/tools/bin/../lib/gcc/arm-none-eabi/10.3.1/../../../../arm-none-eabi/lib/thumb/v7e-m+fp/hard\libc_nano.a(lib_a-init.o)
                              c:/st/stm32cubeide_1.11.2/stm32cubeide/plugins/com.st.stm32cube.ide.mcu.externaltools.gnu-tools-for-stm32.10.3-2021.10.win32_1.0.100.202210260954/tools/bin/../lib/gcc/arm-none-eabi/10.3.1/../../../../arm-none-eabi/lib/thumb/v7e-m+fp/hard/crt0.o (__libc_init_array)
c:/st/stm32cubeide_1.11.2/stm32cubeide/plugins/com.st.stm32cube.ide.mcu.externaltools.gnu-tools-for-stm32.10.3-2021.10.win32_1.0.100.202210260954/tools/bin/../lib/gcc/arm-none-eabi/10.3.1/../../../../arm-none-eabi/lib/thumb/v7e-m+fp/hard\libc_nano.a(lib_a-memset.o)
                              c:/st/stm32cubeide_1.11.2/stm32cubeide/plugins/com.st.stm32cube.ide.mcu.externaltools.gnu-tools-for-stm32.10.3-2021.10.win32_1.0.100.202210260954/tools/bin/../lib/gcc/arm-none-eabi/10.3.1/../../../../arm-none-eabi/lib/thumb/v7e-m+fp/hard/crt0.o (memset)
c:/st/stm32cubeide_1.11.2/stm32cubeide/plugins/com.st.stm32cube.ide.mcu.externaltools.gnu-tools-for-stm32.10.3-2021.10.win32_1.0.100.202210260954/tools/bin/../lib/gcc/arm-none-eabi/10.3.1/../../../../arm-none-eabi/lib/thumb/v7e-m+fp/hard\libc_nano.a(lib_a-snprintf.o)
                              ./Src/esp82xx_lib.o (snprintf)
c:/st/stm32cubeide_1.11.2/stm32cubeide/plugins/com.st.stm32cube.ide.mcu.externaltools.gnu-tools-for-stm32.10.3-2021.10.win32_1.0.100.202210260954/tools/bin/../lib/gcc/arm-none-eabi/10.3.1/../../../../arm-none-eabi/lib/thumb/v7e-m+fp/hard\libc_nano.a(lib_a-sprintf.o)
                              ./Src/esp82xx_lib.o (sprintf)
c:/st/stm32cubeide_1.11.2/stm32cubeide/plugins/com.st.stm32cube.ide.mcu.externaltools.gnu-tools-for-stm32.10.3-2021.10.win32_1.0.100.202210260954/tools/bin/../lib/gcc/arm-none-eabi/10.3.1/../../../../arm-none-eabi/lib/thumb/v7e-m+fp/hard\libc_nano.a(lib_a-strlen.o)
                              ./Src/circular_buffer.o (strlen)
c:/st/stm32cubeide_1.11.2/stm32cubeide/plugins/com.st.stm32cube.ide.mcu.externaltools.gnu-tools-for-stm32.10.3-2021.10.win32_1.0.100.202210260954/tools/bin/../lib/gcc/arm-none-eabi/10.3.1/../../../../arm-none-eabi/lib/thumb/v7e-m+fp/hard\libc_nano.a(lib_a-nano-svfprintf.o)
                              c:/st/stm32cubeide_1.11.2/stm32cubeide/plugins/com.st.stm32cube.ide.mcu.externaltools.gnu-tools-for-stm32.10.3-2021.10.win32_1.0.100.202210260954/tools/bin/../lib/gcc/arm-none-eabi/10.3.1/../../../../arm-none-eabi/lib/thumb/v7e-m+fp/hard\libc_nano.a(lib_a-snprintf.o) (_svfprintf_r)
c:/st/stm32cubeide_1.11.2/stm32cubeide/plugins/com.st.stm32cube.ide.mcu.externaltools.gnu-tools-for-stm32.10.3-2021.10.win32_1.0.100.202210260954/tools/bin/../lib/gcc/arm-none-eabi/10.3.1/../../../../arm-none-eabi/lib/thumb/v7e-m+fp/hard\libc_nano.a(lib_a-nano-vfprintf_i.o)
                              c:/st/stm32cubeide_1.11.2/stm32cubeide/plugins/com.st.stm32cube.ide.mcu.externaltools.gnu-tools-for-stm32.10.3-2021.10.win32_1.0.100.202210260954/tools/bin/../lib/gcc/arm-none-eabi/10.3.1/../../../../arm-none-eabi/lib/thumb/v7e-m+fp/hard\libc_nano.a(lib_a-nano-svfprintf.o) (_printf_i)
[...]
Memory Configuration

Name             Origin             Length             Attributes
RAM              0x0000000020000000 0x0000000000020000 xrw
FLASH            0x0000000008000000 0x0000000000080000 xr
*default*        0x0000000000000000 0xffffffffffffffff

Linker script and memory map

LOAD c:/st/stm32cubeide_1.11.2/stm32cubeide/plugins/com.st.stm32cube.ide.mcu.externaltools.gnu-tools-for-stm32.10.3-2021.10.win32_1.0.100.202210260954/tools/bin/../lib/gcc/arm-none-eabi/10.3.1/thumb/v7e-m+fp/hard/crti.o
LOAD c:/st/stm32cubeide_1.11.2/stm32cubeide/plugins/com.st.stm32cube.ide.mcu.externaltools.gnu-tools-for-stm32.10.3-2021.10.win32_1.0.100.202210260954/tools/bin/../lib/gcc/arm-none-eabi/10.3.1/thumb/v7e-m+fp/hard/crtbegin.o
LOAD c:/st/stm32cubeide_1.11.2/stm32cubeide/plugins/com.st.stm32cube.ide.mcu.externaltools.gnu-tools-for-stm32.10.3-2021.10.win32_1.0.100.202210260954/tools/bin/../lib/gcc/arm-none-eabi/10.3.1/../../../../arm-none-eabi/lib/thumb/v7e-m+fp/hard/crt0.o
LOAD ./Src/adc.o
LOAD ./Src/bsp.o
LOAD ./Src/circular_buffer.o
LOAD ./Src/esp82xx_driver.o
LOAD ./Src/esp82xx_lib.o
LOAD ./Src/flash_driver.o
LOAD ./Src/fota_processor.o
LOAD ./Src/fpu.o
LOAD ./Src/main.o
LOAD ./Src/syscalls.o
LOAD ./Src/sysmem.o
LOAD ./Src/timebase.o
LOAD ./Startup/startup_stm32f411retx.o
START GROUP
LOAD c:/st/stm32cubeide_1.11.2/stm32cubeide/plugins/com.st.stm32cube.ide.mcu.externaltools.gnu-tools-for-stm32.10.3-2021.10.win32_1.0.100.202210260954/tools/bin/../lib/gcc/arm-none-eabi/10.3.1/../../../../arm-none-eabi/lib/thumb/v7e-m+fp/hard\libc_nano.a
LOAD c:/st/stm32cubeide_1.11.2/stm32cubeide/plugins/com.st.stm32cube.ide.mcu.externaltools.gnu-tools-for-stm32.10.3-2021.10.win32_1.0.100.202210260954/tools/bin/../lib/gcc/arm-none-eabi/10.3.1/../../../../arm-none-eabi/lib/thumb/v7e-m+fp/hard\libm.a
END GROUP
START GROUP
LOAD c:/st/stm32cubeide_1.11.2/stm32cubeide/plugins/com.st.stm32cube.ide.mcu.externaltools.gnu-tools-for-stm32.10.3-2021.10.win32_1.0.100.202210260954/tools/bin/../lib/gcc/arm-none-eabi/10.3.1/thumb/v7e-m+fp/hard\libgcc.a
LOAD c:/st/stm32cubeide_1.11.2/stm32cubeide/plugins/com.st.stm32cube.ide.mcu.externaltools.gnu-tools-for-stm32.10.3-2021.10.win32_1.0.100.202210260954/tools/bin/../lib/gcc/arm-none-eabi/10.3.1/../../../../arm-none-eabi/lib/thumb/v7e-m+fp/hard\libc_nano.a
END GROUP
START GROUP
LOAD c:/st/stm32cubeide_1.11.2/stm32cubeide/plugins/com.st.stm32cube.ide.mcu.externaltools.gnu-tools-for-stm32.10.3-2021.10.win32_1.0.100.202210260954/tools/bin/../lib/gcc/arm-none-eabi/10.3.1/thumb/v7e-m+fp/hard\libgcc.a
LOAD c:/st/stm32cubeide_1.11.2/stm32cubeide/plugins/com.st.stm32cube.ide.mcu.externaltools.gnu-tools-for-stm32.10.3-2021.10.win32_1.0.100.202210260954/tools/bin/../lib/gcc/arm-none-eabi/10.3.1/../../../../arm-none-eabi/lib/thumb/v7e-m+fp/hard\libc_nano.a
LOAD c:/st/stm32cubeide_1.11.2/stm32cubeide/plugins/com.st.stm32cube.ide.mcu.externaltools.gnu-tools-for-stm32.10.3-2021.10.win32_1.0.100.202210260954/tools/bin/../lib/gcc/arm-none-eabi/10.3.1/../../../../arm-none-eabi/lib/thumb/v7e-m+fp/hard\libnosys.a
END GROUP
START GROUP
LOAD c:/st/stm32cubeide_1.11.2/stm32cubeide/plugins/com.st.stm32cube.ide.mcu.externaltools.gnu-tools-for-stm32.10.3-2021.10.win32_1.0.100.202210260954/tools/bin/../lib/gcc/arm-none-eabi/10.3.1/thumb/v7e-m+fp/hard\libgcc.a
LOAD c:/st/stm32cubeide_1.11.2/stm32cubeide/plugins/com.st.stm32cube.ide.mcu.externaltools.gnu-tools-for-stm32.10.3-2021.10.win32_1.0.100.202210260954/tools/bin/../lib/gcc/arm-none-eabi/10.3.1/../../../../arm-none-eabi/lib/thumb/v7e-m+fp/hard\libc_nano.a
LOAD c:/st/stm32cubeide_1.11.2/stm32cubeide/plugins/com.st.stm32cube.ide.mcu.externaltools.gnu-tools-for-stm32.10.3-2021.10.win32_1.0.100.202210260954/tools/bin/../lib/gcc/arm-none-eabi/10.3.1/../../../../arm-none-eabi/lib/thumb/v7e-m+fp/hard\libnosys.a
END GROUP
LOAD c:/st/stm32cubeide_1.11.2/stm32cubeide/plugins/com.st.stm32cube.ide.mcu.externaltools.gnu-tools-for-stm32.10.3-2021.10.win32_1.0.100.202210260954/tools/bin/../lib/gcc/arm-none-eabi/10.3.1/thumb/v7e-m+fp/hard/crtend.o
LOAD c:/st/stm32cubeide_1.11.2/stm32cubeide/plugins/com.st.stm32cube.ide.mcu.externaltools.gnu-tools-for-stm32.10.3-2021.10.win32_1.0.100.202210260954/tools/bin/../lib/gcc/arm-none-eabi/10.3.1/thumb/v7e-m+fp/hard/crtn.o
                0x0000000020020000                _estack = (ORIGIN (RAM) + LENGTH (RAM))
                0x0000000000000200                _Min_Heap_Size = 0x200
                0x0000000000000400                _Min_Stack_Size = 0x400

.isr_vector     0x0000000008000000      0x198
                0x0000000008000000                . = ALIGN (0x4)
 *(.isr_vector)
 .isr_vector    0x0000000008000000      0x198 ./Startup/startup_stm32f411retx.o
                0x0000000008000000                g_pfnVectors
                0x0000000008000198                . = ALIGN (0x4)

.text           0x00000000080001a0     0x2464
                0x00000000080001a0                . = ALIGN (0x4)
 *(.text)
 .text          0x00000000080001a0       0x40 c:/st/stm32cubeide_1.11.2/stm32cubeide/plugins/com.st.stm32cube.ide.mcu.externaltools.gnu-tools-for-stm32.10.3-2021.10.win32_1.0.100.202210260954/tools/bin/../lib/gcc/arm-none-eabi/10.3.1/thumb/v7e-m+fp/hard/crtbegin.o
 .text          0x00000000080001e0       0x10 c:/st/stm32cubeide_1.11.2/stm32cubeide/plugins/com.st.stm32cube.ide.mcu.externaltools.gnu-tools-for-stm32.10.3-2021.10.win32_1.0.100.202210260954/tools/bin/../lib/gcc/arm-none-eabi/10.3.1/../../../../arm-none-eabi/lib/thumb/v7e-m+fp/hard\libc_nano.a(lib_a-strlen.o)
                0x00000000080001e0                strlen
 .text          0x00000000080001f0       0xa0 c:/st/stm32cubeide_1.11.2/stm32cubeide/plugins/com.st.stm32cube.ide.mcu.externaltools.gnu-tools-for-stm32.10.3-2021.10.win32_1.0.100.202210260954/tools/bin/../lib/gcc/arm-none-eabi/10.3.1/../../../../arm-none-eabi/lib/thumb/v7e-m+fp/hard\libc_nano.a(lib_a-memchr.o)
                0x00000000080001f0                memchr
 *(.text*)
 .text.led_init
                0x0000000008000290       0x3c ./Src/bsp.o
                0x0000000008000290                led_init
 .text.button_init
                0x00000000080002cc       0x3c ./Src/bsp.o
                0x00000000080002cc                button_init
 .text.circular_buffer_init
                0x0000000008000308       0x68 ./Src/circular_buffer.o
                0x0000000008000308                circular_buffer_init
 .text.buff_store_char
                0x0000000008000370       0x68 ./Src/circular_buffer.o
 .text.buffer_clear
                0x00000000080003d8       0x68 ./Src/circular_buffer.o
                0x00000000080003d8                buffer_clear
 .text.buffer_peek
                0x0000000008000440       0x98 ./Src/circular_buffer.o
                0x0000000008000440                buffer_peek
 .text.buffer_read
                0x00000000080004d8      0x10c ./Src/circular_buffer.o
                0x00000000080004d8                buffer_read
 .text.buffer_write
                0x00000000080005e4      0x108 ./Src/circular_buffer.o
                0x00000000080005e4                buffer_write
 .text.is_data  0x00000000080006ec       0x9c ./Src/circular_buffer.o
                0x00000000080006ec                is_data
 .text.get_first_char
                0x0000000008000788       0x7c ./Src/circular_buffer.o
 .text.is_response
                0x0000000008000804       0x72 ./Src/circular_buffer.o
                0x0000000008000804                is_response
 .text.buffer_send_string
                0x0000000008000876       0x32 ./Src/circular_buffer.o
                0x0000000008000876                buffer_send_string
 .text.slave_dev_uart_callback
                0x00000000080008a8       0xc8 ./Src/circular_buffer.o
                0x00000000080008a8                slave_dev_uart_callback
 .text.debug_uart_callback
                0x0000000008000970       0xc8 ./Src/circular_buffer.o
                0x0000000008000970                debug_uart_callback
 .text.process_copy
                0x0000000008000a38      0x128 ./Src/circular_buffer.o
 .text.copy_up_to_string
                0x0000000008000b60       0x1e ./Src/circular_buffer.o
                0x0000000008000b60                copy_up_to_string
 .text.USART2_IRQHandler
                0x0000000008000b7e        0xc ./Src/circular_buffer.o
                0x0000000008000b7e                USART2_IRQHandler
 .text.USART1_IRQHandler
                0x0000000008000b8a        0xc ./Src/circular_buffer.o
                0x0000000008000b8a                USART1_IRQHandler
 *fill*         0x0000000008000b96        0x2 
 .text.__NVIC_EnableIRQ
                0x0000000008000b98       0x3c ./Src/esp82xx_driver.o
 .text.debug_uart_init
                0x0000000008000bd4       0xf0 ./Src/esp82xx_driver.o
                0x0000000008000bd4                debug_uart_init
 .text.esp_uart_init
                0x0000000008000cc4       0xf8 ./Src/esp82xx_driver.o
                0x0000000008000cc4                esp_uart_init
 .text.compute_uart_bd
                0x0000000008000dbc       0x26 ./Src/esp82xx_driver.o
 *fill*         0x0000000008000de2        0x2 
 .text.uart_set_baudrate
                0x0000000008000de4       0x28 ./Src/esp82xx_driver.o
 .text.esp8266_init
                0x0000000008000e0c       0x2a ./Src/esp82xx_lib.o
                0x0000000008000e0c                esp8266_init
 *fill*         0x0000000008000e36        0x2 
 .text.esp82xx_startup_test
                0x0000000008000e38       0x38 ./Src/esp82xx_lib.o
 .text.esp82xx_reset
                0x0000000008000e70       0x40 ./Src/esp82xx_lib.o
 .text.esp82xx_sta_mode
                0x0000000008000eb0       0x38 ./Src/esp82xx_lib.o
 .text.esp82xx_ap_connect
                0x0000000008000ee8       0x74 ./Src/esp82xx_lib.o
 .text.esp82xx_get_firmware
                0x0000000008000f5c      0x130 ./Src/esp82xx_lib.o
                0x0000000008000f5c                esp82xx_get_firmware
 .text.esp82xx_get_version_file
                0x000000000800108c      0x11c ./Src/esp82xx_lib.o
                0x000000000800108c                esp82xx_get_version_file
 .text.flash_ex_erase
                0x00000000080011a8       0xc0 ./Src/flash_driver.o
                0x00000000080011a8                flash_ex_erase
 .text.flash_sector_erase
                0x0000000008001268       0x88 ./Src/flash_driver.o
                0x0000000008001268                flash_sector_erase
 .text.flash_mass_erase
                0x00000000080012f0       0x44 ./Src/flash_driver.o
                0x00000000080012f0                flash_mass_erase
 .text.flash_wait_for_last_operation
                0x0000000008001334       0x6c ./Src/flash_driver.o
                0x0000000008001334                flash_wait_for_last_operation
 .text.flash_program
                0x00000000080013a0       0x8c ./Src/flash_driver.o
                0x00000000080013a0                flash_program
 .text.flash_program_byte
                0x000000000800142c       0x44 ./Src/flash_driver.o
                0x000000000800142c                flash_program_byte
 .text.flash_program_halfword
                0x0000000008001470       0x48 ./Src/flash_driver.o
                0x0000000008001470                flash_program_halfword
 .text.flash_program_word
                0x00000000080014b8       0x44 ./Src/flash_driver.o
                0x00000000080014b8                flash_program_word
 .text.flash_program_doubleword
                0x00000000080014fc       0x64 ./Src/flash_driver.o
                0x00000000080014fc                flash_program_doubleword
 .text.flush_caches
                0x0000000008001560       0x8c ./Src/flash_driver.o
 .text.flash_unlock
                0x00000000080015ec       0x44 ./Src/flash_driver.o
                0x00000000080015ec                flash_unlock
 .text.flash_get_error
                0x0000000008001630       0x18 ./Src/flash_driver.o
                0x0000000008001630                flash_get_error
 .text.get_sector
                0x0000000008001648       0xf4 ./Src/flash_driver.o
 .text.flash_write_data_byte
                0x000000000800173c       0xac ./Src/flash_driver.o
                0x000000000800173c                flash_write_data_byte
 .text.jump_to_app
                0x00000000080017e8       0x58 ./Src/fota_processor.o
                0x00000000080017e8                jump_to_app
 .text.string_length
                0x0000000008001840       0x2e ./Src/fota_processor.o
                0x0000000008001840                string_length
 .text.find_substring
                0x000000000800186e       0x7a ./Src/fota_processor.o
                0x000000000800186e                find_substring
 .text.firmware_parse
                0x00000000080018e8       0xec ./Src/fota_processor.o
                0x00000000080018e8                firmware_parse
 .text.firmware_update
                0x00000000080019d4       0x38 ./Src/fota_processor.o
                0x00000000080019d4                firmware_update
 .text.fpu_enable
                0x0000000008001a0c       0x54 ./Src/fpu.o
                0x0000000008001a0c                fpu_enable
 .text.main     0x0000000008001a60       0x4c ./Src/main.o
                0x0000000008001a60                main
 .text._sbrk    0x0000000008001aac       0x6c ./Src/sysmem.o
                0x0000000008001aac                _sbrk
 .text.systick_delay_ms
                0x0000000008001b18       0x3c ./Src/timebase.o
                0x0000000008001b18                systick_delay_ms
 .text.get_tick
                0x0000000008001b54       0x2c ./Src/timebase.o
                0x0000000008001b54                get_tick
 .text.tick_increment
                0x0000000008001b80       0x1c ./Src/timebase.o
 .text.timebase_init
                0x0000000008001b9c       0x48 ./Src/timebase.o
                0x0000000008001b9c                timebase_init
 .text.SysTick_Handler
                0x0000000008001be4        0xc ./Src/timebase.o
                0x0000000008001be4                SysTick_Handler
 .text.Reset_Handler
                0x0000000008001bf0       0x50 ./Startup/startup_stm32f411retx.o
                0x0000000008001bf0                Reset_Handler
 .text.Default_Handler
                0x0000000008001c40        0x2 ./Startup/startup_stm32f411retx.o
                0x0000000008001c40                RTC_Alarm_IRQHandler
                0x0000000008001c40                EXTI2_IRQHandler
                0x0000000008001c40                DebugMon_Handler
                0x0000000008001c40                SPI4_IRQHandler
                0x0000000008001c40                TIM1_CC_IRQHandler
                0x0000000008001c40                DMA2_Stream5_IRQHandler
                0x0000000008001c40                HardFault_Handler
                0x0000000008001c40                DMA1_Stream5_IRQHandler
                0x0000000008001c40                PVD_IRQHandler
                0x0000000008001c40                SDIO_IRQHandler
                0x0000000008001c40                TAMP_STAMP_IRQHandler
                0x0000000008001c40                PendSV_Handler
                0x0000000008001c40                NMI_Handler
                0x0000000008001c40                EXTI3_IRQHandler
                0x0000000008001c40                TIM1_UP_TIM10_IRQHandler
                0x0000000008001c40                I2C3_ER_IRQHandler
                0x0000000008001c40                EXTI0_IRQHandler
                0x0000000008001c40                I2C2_EV_IRQHandler
                0x0000000008001c40                DMA1_Stream2_IRQHandler
                0x0000000008001c40                FPU_IRQHandler
                0x0000000008001c40                UsageFault_Handler
                0x0000000008001c40                DMA2_Stream2_IRQHandler
                0x0000000008001c40                SPI1_IRQHandler
                0x0000000008001c40                TIM1_BRK_TIM9_IRQHandler
                0x0000000008001c40                DMA2_Stream3_IRQHandler
                0x0000000008001c40                USART6_IRQHandler
                0x0000000008001c40                DMA2_Stream0_IRQHandler
                0x0000000008001c40                TIM4_IRQHandler
                0x0000000008001c40                I2C1_EV_IRQHandler
                0x0000000008001c40                DMA1_Stream6_IRQHandler
                0x0000000008001c40                DMA1_Stream1_IRQHandler
                0x0000000008001c40                TIM3_IRQHandler
                0x0000000008001c40                RCC_IRQHandler
                0x0000000008001c40                Default_Handler
                0x0000000008001c40                EXTI15_10_IRQHandler
                0x0000000008001c40                ADC_IRQHandler
                0x0000000008001c40                DMA1_Stream7_IRQHandler
                0x0000000008001c40                SPI5_IRQHandler
                0x0000000008001c40                TIM5_IRQHandler
                0x0000000008001c40                DMA2_Stream7_IRQHandler
                0x0000000008001c40                I2C3_EV_IRQHandler
                0x0000000008001c40                EXTI9_5_IRQHandler
                0x0000000008001c40                RTC_WKUP_IRQHandler
                0x0000000008001c40                SPI2_IRQHandler
                0x0000000008001c40                MemManage_Handler
                0x0000000008001c40                DMA1_Stream0_IRQHandler
                0x0000000008001c40                SVC_Handler
                0x0000000008001c40                EXTI4_IRQHandler
                0x0000000008001c40                WWDG_IRQHandler
                0x0000000008001c40                TIM2_IRQHandler
                0x0000000008001c40                OTG_FS_WKUP_IRQHandler
                0x0000000008001c40                TIM1_TRG_COM_TIM11_IRQHandler
                0x0000000008001c40                EXTI1_IRQHandler
                0x0000000008001c40                I2C2_ER_IRQHandler
                0x0000000008001c40                DMA2_Stream1_IRQHandler
                0x0000000008001c40                FLASH_IRQHandler
                0x0000000008001c40                DMA2_Stream4_IRQHandler
                0x0000000008001c40                BusFault_Handler
                0x0000000008001c40                OTG_FS_IRQHandler
                0x0000000008001c40                SPI3_IRQHandler
                0x0000000008001c40                DMA1_Stream4_IRQHandler
                0x0000000008001c40                I2C1_ER_IRQHandler
                0x0000000008001c40                DMA2_Stream6_IRQHandler
                0x0000000008001c40                DMA1_Stream3_IRQHandler
 *fill*         0x0000000008001c42        0x2 
 .text.__errno  0x0000000008001c44        0xc c:/st/stm32cubeide_1.11.2/stm32cubeide/plugins/com.st.stm32cube.ide.mcu.externaltools.gnu-tools-for-stm32.10.3-2021.10.win32_1.0.100.202210260954/tools/bin/../lib/gcc/arm-none-eabi/10.3.1/../../../../arm-none-eabi/lib/thumb/v7e-m+fp/hard\libc_nano.a(lib_a-errno.o)
                0x0000000008001c44                __errno
 .text.__libc_init_array
                0x0000000008001c50       0x48 c:/st/stm32cubeide_1.11.2/stm32cubeide/plugins/com.st.stm32cube.ide.mcu.externaltools.gnu-tools-for-stm32.10.3-2021.10.win32_1.0.100.202210260954/tools/bin/../lib/gcc/arm-none-eabi/10.3.1/../../../../arm-none-eabi/lib/thumb/v7e-m+fp/hard\libc_nano.a(lib_a-init.o)
                0x0000000008001c50                __libc_init_array
 .text.memset   0x0000000008001c98       0x10 c:/st/stm32cubeide_1.11.2/stm32cubeide/plugins/com.st.stm32cube.ide.mcu.externaltools.gnu-tools-for-stm32.10.3-2021.10.win32_1.0.100.202210260954/tools/bin/../lib/gcc/arm-none-eabi/10.3.1/../../../../arm-none-eabi/lib/thumb/v7e-m+fp/hard\libc_nano.a(lib_a-memset.o)
                0x0000000008001c98                memset
 .text.snprintf
                0x0000000008001ca8       0x68 c:/st/stm32cubeide_1.11.2/stm32cubeide/plugins/com.st.stm32cube.ide.mcu.externaltools.gnu-tools-for-stm32.10.3-2021.10.win32_1.0.100.202210260954/tools/bin/../lib/gcc/arm-none-eabi/10.3.1/../../../../arm-none-eabi/lib/thumb/v7e-m+fp/hard\libc_nano.a(lib_a-snprintf.o)
                0x0000000008001ca8                sniprintf
                0x0000000008001ca8                snprintf
 .text.sprintf  0x0000000008001d10       0x40 c:/st/stm32cubeide_1.11.2/stm32cubeide/plugins/com.st.stm32cube.ide.mcu.externaltools.gnu-tools-for-stm32.10.3-2021.10.win32_1.0.100.202210260954/tools/bin/../lib/gcc/arm-none-eabi/10.3.1/../../../../arm-none-eabi/lib/thumb/v7e-m+fp/hard\libc_nano.a(lib_a-sprintf.o)
                0x0000000008001d10                siprintf
                0x0000000008001d10                sprintf
 .text.__ssputs_r
                0x0000000008001d50       0xb6 c:/st/stm32cubeide_1.11.2/stm32cubeide/plugins/com.st.stm32cube.ide.mcu.externaltools.gnu-tools-for-stm32.10.3-2021.10.win32_1.0.100.202210260954/tools/bin/../lib/gcc/arm-none-eabi/10.3.1/../../../../arm-none-eabi/lib/thumb/v7e-m+fp/hard\libc_nano.a(lib_a-nano-svfprintf.o)
                0x0000000008001d50                __ssputs_r
 *fill*         0x0000000008001e06        0x2 
 .text._svfprintf_r
                0x0000000008001e08      0x200 c:/st/stm32cubeide_1.11.2/stm32cubeide/plugins/com.st.stm32cube.ide.mcu.externaltools.gnu-tools-for-stm32.10.3-2021.10.win32_1.0.100.202210260954/tools/bin/../lib/gcc/arm-none-eabi/10.3.1/../../../../arm-none-eabi/lib/thumb/v7e-m+fp/hard\libc_nano.a(lib_a-nano-svfprintf.o)
                0x0000000008001e08                _svfiprintf_r
                0x0000000008001e08                _svfprintf_r
 .text._printf_common
                0x0000000008002008       0xda c:/st/stm32cubeide_1.11.2/stm32cubeide/plugins/com.st.stm32cube.ide.mcu.externaltools.gnu-tools-for-stm32.10.3-2021.10.win32_1.0.100.202210260954/tools/bin/../lib/gcc/arm-none-eabi/10.3.1/../../../../arm-none-eabi/lib/thumb/v7e-m+fp/hard\libc_nano.a(lib_a-nano-vfprintf_i.o)
                0x0000000008002008                _printf_common
 *fill*         0x00000000080020e2        0x2 
 .text._printf_i
                0x00000000080020e4      0x24c c:/st/stm32cubeide_1.11.2/stm32cubeide/plugins/com.st.stm32cube.ide.mcu.externaltools.gnu-tools-for-stm32.10.3-2021.10.win32_1.0.100.202210260954/tools/bin/../lib/gcc/arm-none-eabi/10.3.1/../../../../arm-none-eabi/lib/thumb/v7e-m+fp/hard\libc_nano.a(lib_a-nano-vfprintf_i.o)
                0x00000000080020e4                _printf_i
 .text.memcpy   0x0000000008002330       0x1c c:/st/stm32cubeide_1.11.2/stm32cubeide/plugins/com.st.stm32cube.ide.mcu.externaltools.gnu-tools-for-stm32.10.3-2021.10.win32_1.0.100.202210260954/tools/bin/../lib/gcc/arm-none-eabi/10.3.1/../../../../arm-none-eabi/lib/thumb/v7e-m+fp/hard\libc_nano.a(lib_a-memcpy-stub.o)
                0x0000000008002330                memcpy
 .text.memmove  0x000000000800234c       0x34 c:/st/stm32cubeide_1.11.2/stm32cubeide/plugins/com.st.stm32cube.ide.mcu.externaltools.gnu-tools-for-stm32.10.3-2021.10.win32_1.0.100.202210260954/tools/bin/../lib/gcc/arm-none-eabi/10.3.1/../../../../arm-none-eabi/lib/thumb/v7e-m+fp/hard\libc_nano.a(lib_a-memmove.o)
                0x000000000800234c                memmove
 .text._free_r  0x0000000008002380       0x98 c:/st/stm32cubeide_1.11.2/stm32cubeide/plugins/com.st.stm32cube.ide.mcu.externaltools.gnu-tools-for-stm32.10.3-2021.10.win32_1.0.100.202210260954/tools/bin/../lib/gcc/arm-none-eabi/10.3.1/../../../../arm-none-eabi/lib/thumb/v7e-m+fp/hard\libc_nano.a(lib_a-nano-freer.o)
                0x0000000008002380                _free_r
 .text.sbrk_aligned
                0x0000000008002418       0x40 c:/st/stm32cubeide_1.11.2/stm32cubeide/plugins/com.st.stm32cube.ide.mcu.externaltools.gnu-tools-for-stm32.10.3-2021.10.win32_1.0.100.202210260954/tools/bin/../lib/gcc/arm-none-eabi/10.3.1/../../../../arm-none-eabi/lib/thumb/v7e-m+fp/hard\libc_nano.a(lib_a-nano-mallocr.o)
 .text._malloc_r
                0x0000000008002458       0xe8 c:/st/stm32cubeide_1.11.2/stm32cubeide/plugins/com.st.stm32cube.ide.mcu.externaltools.gnu-tools-for-stm32.10.3-2021.10.win32_1.0.100.202210260954/tools/bin/../lib/gcc/arm-none-eabi/10.3.1/../../../../arm-none-eabi/lib/thumb/v7e-m+fp/hard\libc_nano.a(lib_a-nano-mallocr.o)
                0x0000000008002458                _malloc_r
 .text._realloc_r
                0x0000000008002540       0x5e c:/st/stm32cubeide_1.11.2/stm32cubeide/plugins/com.st.stm32cube.ide.mcu.externaltools.gnu-tools-for-stm32.10.3-2021.10.win32_1.0.100.202210260954/tools/bin/../lib/gcc/arm-none-eabi/10.3.1/../../../../arm-none-eabi/lib/thumb/v7e-m+fp/hard\libc_nano.a(lib_a-nano-reallocr.o)
                0x0000000008002540                _realloc_r
 *fill*         0x000000000800259e        0x2 
 .text._sbrk_r  0x00000000080025a0       0x20 c:/st/stm32cubeide_1.11.2/stm32cubeide/plugins/com.st.stm32cube.ide.mcu.externaltools.gnu-tools-for-stm32.10.3-2021.10.win32_1.0.100.202210260954/tools/bin/../lib/gcc/arm-none-eabi/10.3.1/../../../../arm-none-eabi/lib/thumb/v7e-m+fp/hard\libc_nano.a(lib_a-sbrkr.o)
                0x00000000080025a0                _sbrk_r
 .text.__malloc_lock
                0x00000000080025c0        0xc c:/st/stm32cubeide_1.11.2/stm32cubeide/plugins/com.st.stm32cube.ide.mcu.externaltools.gnu-tools-for-stm32.10.3-2021.10.win32_1.0.100.202210260954/tools/bin/../lib/gcc/arm-none-eabi/10.3.1/../../../../arm-none-eabi/lib/thumb/v7e-m+fp/hard\libc_nano.a(lib_a-mlock.o)
                0x00000000080025c0                __malloc_lock
 .text.__malloc_unlock
                0x00000000080025cc        0xc c:/st/stm32cubeide_1.11.2/stm32cubeide/plugins/com.st.stm32cube.ide.mcu.externaltools.gnu-tools-for-stm32.10.3-2021.10.win32_1.0.100.202210260954/tools/bin/../lib/gcc/arm-none-eabi/10.3.1/../../../../arm-none-eabi/lib/thumb/v7e-m+fp/hard\libc_nano.a(lib_a-mlock.o)
                0x00000000080025cc                __malloc_unlock
 .text._malloc_usable_size_r
                0x00000000080025d8       0x10 c:/st/stm32cubeide_1.11.2/stm32cubeide/plugins/com.st.stm32cube.ide.mcu.externaltools.gnu-tools-for-stm32.10.3-2021.10.win32_1.0.100.202210260954/tools/bin/../lib/gcc/arm-none-eabi/10.3.1/../../../../arm-none-eabi/lib/thumb/v7e-m+fp/hard\libc_nano.a(lib_a-nano-msizer.o)
                0x00000000080025d8                _malloc_usable_size_r
 .text.__retarget_lock_acquire_recursive
                0x00000000080025e8        0x2 c:/st/stm32cubeide_1.11.2/stm32cubeide/plugins/com.st.stm32cube.ide.mcu.externaltools.gnu-tools-for-stm32.10.3-2021.10.win32_1.0.100.202210260954/tools/bin/../lib/gcc/arm-none-eabi/10.3.1/../../../../arm-none-eabi/lib/thumb/v7e-m+fp/hard\libc_nano.a(lib_a-lock.o)
                0x00000000080025e8                __retarget_lock_acquire_recursive
 .text.__retarget_lock_release_recursive
                0x00000000080025ea        0x2 c:/st/stm32cubeide_1.11.2/stm32cubeide/plugins/com.st.stm32cube.ide.mcu.externaltools.gnu-tools-for-stm32.10.3-2021.10.win32_1.0.100.202210260954/tools/bin/../lib/gcc/arm-none-eabi/10.3.1/../../../../arm-none-eabi/lib/thumb/v7e-m+fp/hard\libc_nano.a(lib_a-lock.o)
                0x00000000080025ea                __retarget_lock_release_recursive
 *(.glue_7)
 .glue_7        0x00000000080025ec        0x0 linker stubs
 *(.glue_7t)
 .glue_7t       0x00000000080025ec        0x0 linker stubs
 *(.eh_frame)
 .eh_frame      0x00000000080025ec        0x0 c:/st/stm32cubeide_1.11.2/stm32cubeide/plugins/com.st.stm32cube.ide.mcu.externaltools.gnu-tools-for-stm32.10.3-2021.10.win32_1.0.100.202210260954/tools/bin/../lib/gcc/arm-none-eabi/10.3.1/thumb/v7e-m+fp/hard/crtbegin.o
 *(.init)
 .init          0x00000000080025ec        0x4 c:/st/stm32cubeide_1.11.2/stm32cubeide/plugins/com.st.stm32cube.ide.mcu.externaltools.gnu-tools-for-stm32.10.3-2021.10.win32_1.0.100.202210260954/tools/bin/../lib/gcc/arm-none-eabi/10.3.1/thumb/v7e-m+fp/hard/crti.o
                0x00000000080025ec                _init
 .init          0x00000000080025f0        0x8 c:/st/stm32cubeide_1.11.2/stm32cubeide/plugins/com.st.stm32cube.ide.mcu.externaltools.gnu-tools-for-stm32.10.3-2021.10.win32_1.0.100.202210260954/tools/bin/../lib/gcc/arm-none-eabi/10.3.1/thumb/v7e-m+fp/hard/crtn.o
 *(.fini)
 .fini          0x00000000080025f8        0x4 c:/st/stm32cubeide_1.11.2/stm32cubeide/plugins/com.st.stm32cube.ide.mcu.externaltools.gnu-tools-for-stm32.10.3-2021.10.win32_1.0.100.202210260954/tools/bin/../lib/gcc/arm-none-eabi/10.3.1/thumb/v7e-m+fp/hard/crti.o
                0x00000000080025f8                _fini
 .fini          0x00000000080025fc        0x8 c:/st/stm32cubeide_1.11.2/stm32cubeide/plugins/com.st.stm32cube.ide.mcu.externaltools.gnu-tools-for-stm32.10.3-2021.10.win32_1.0.100.202210260954/tools/bin/../lib/gcc/arm-none-eabi/10.3.1/thumb/v7e-m+fp/hard/crtn.o
                0x0000000008002604                . = ALIGN (0x4)
                0x0000000008002604                _etext = .

.vfp11_veneer   0x0000000008002604        0x0
 .vfp11_veneer  0x0000000008002604        0x0 linker stubs

.v4_bx          0x0000000008002604        0x0
 .v4_bx         0x0000000008002604        0x0 linker stubs

.iplt           0x0000000008002604        0x0
 .iplt          0x0000000008002604        0x0 c:/st/stm32cubeide_1.11.2/stm32cubeide/plugins/com.st.stm32cube.ide.mcu.externaltools.gnu-tools-for-stm32.10.3-2021.10.win32_1.0.100.202210260954/tools/bin/../lib/gcc/arm-none-eabi/10.3.1/thumb/v7e-m+fp/hard/crtbegin.o

.rodata         0x0000000008002604      0x280
                0x0000000008002604                . = ALIGN (0x4)
 *(.rodata)
 .rodata        0x0000000008002604      0x207 ./Src/esp82xx_lib.o
 *fill*         0x000000000800280b        0x1 
 .rodata        0x000000000800280c       0x2c ./Src/fota_processor.o
 .rodata        0x0000000008002838       0x19 ./Src/main.o
 *(.rodata*)
 .rodata._svfprintf_r.str1.1
                0x0000000008002851       0x11 c:/st/stm32cubeide_1.11.2/stm32cubeide/plugins/com.st.stm32cube.ide.mcu.externaltools.gnu-tools-for-stm32.10.3-2021.10.win32_1.0.100.202210260954/tools/bin/../lib/gcc/arm-none-eabi/10.3.1/../../../../arm-none-eabi/lib/thumb/v7e-m+fp/hard\libc_nano.a(lib_a-nano-svfprintf.o)
 .rodata._printf_i.str1.1
                0x0000000008002862       0x22 c:/st/stm32cubeide_1.11.2/stm32cubeide/plugins/com.st.stm32cube.ide.mcu.externaltools.gnu-tools-for-stm32.10.3-2021.10.win32_1.0.100.202210260954/tools/bin/../lib/gcc/arm-none-eabi/10.3.1/../../../../arm-none-eabi/lib/thumb/v7e-m+fp/hard\libc_nano.a(lib_a-nano-vfprintf_i.o)
                0x0000000008002884                . = ALIGN (0x4)

.rel.dyn        0x0000000008002884        0x0
 .rel.iplt      0x0000000008002884        0x0 c:/st/stm32cubeide_1.11.2/stm32cubeide/plugins/com.st.stm32cube.ide.mcu.externaltools.gnu-tools-for-stm32.10.3-2021.10.win32_1.0.100.202210260954/tools/bin/../lib/gcc/arm-none-eabi/10.3.1/thumb/v7e-m+fp/hard/crtbegin.o

.ARM.extab      0x0000000008002884        0x0
                0x0000000008002884                . = ALIGN (0x4)
 *(.ARM.extab* .gnu.linkonce.armextab.*)
                0x0000000008002884                . = ALIGN (0x4)

.ARM            0x0000000008002884        0x0
                0x0000000008002884                . = ALIGN (0x4)
                0x0000000008002884                __exidx_start = .
 *(.ARM.exidx*)
                0x0000000008002884                __exidx_end = .
                0x0000000008002884                . = ALIGN (0x4)

.preinit_array  0x0000000008002884        0x0
                0x0000000008002884                . = ALIGN (0x4)
                0x0000000008002884                PROVIDE (__preinit_array_start = .)
 *(.preinit_array*)
                0x0000000008002884                PROVIDE (__preinit_array_end = .)
                0x0000000008002884                . = ALIGN (0x4)

.init_array     0x0000000008002884        0x4
                0x0000000008002884                . = ALIGN (0x4)
                0x0000000008002884                PROVIDE (__init_array_start = .)
 *(SORT_BY_NAME(.init_array.*))
 *(.init_array*)
 .init_array    0x0000000008002884        0x4 c:/st/stm32cubeide_1.11.2/stm32cubeide/plugins/com.st.stm32cube.ide.mcu.externaltools.gnu-tools-for-stm32.10.3-2021.10.win32_1.0.100.202210260954/tools/bin/../lib/gcc/arm-none-eabi/10.3.1/thumb/v7e-m+fp/hard/crtbegin.o
                0x0000000008002888                PROVIDE (__init_array_end = .)
                0x0000000008002888                . = ALIGN (0x4)

.fini_array     0x0000000008002888        0x4
                0x0000000008002888                . = ALIGN (0x4)
                [!provide]                        PROVIDE (__fini_array_start = .)
 *(SORT_BY_NAME(.fini_array.*))
 *(.fini_array*)
 .fini_array    0x0000000008002888        0x4 c:/st/stm32cubeide_1.11.2/stm32cubeide/plugins/com.st.stm32cube.ide.mcu.externaltools.gnu-tools-for-stm32.10.3-2021.10.win32_1.0.100.202210260954/tools/bin/../lib/gcc/arm-none-eabi/10.3.1/thumb/v7e-m+fp/hard/crtbegin.o
                [!provide]                        PROVIDE (__fini_array_end = .)
                0x000000000800288c                . = ALIGN (0x4)
                0x000000000800288c                _sidata = LOADADDR (.data)

.data           0x0000000020000000       0x64 load address 0x000000000800288c
                0x0000000020000000                . = ALIGN (0x4)
                0x0000000020000000                _sdata = .
 *(.data)
 *(.data*)
 .data._impure_ptr
                0x0000000020000000        0x4 c:/st/stm32cubeide_1.11.2/stm32cubeide/plugins/com.st.stm32cube.ide.mcu.externaltools.gnu-tools-for-stm32.10.3-2021.10.win32_1.0.100.202210260954/tools/bin/../lib/gcc/arm-none-eabi/10.3.1/../../../../arm-none-eabi/lib/thumb/v7e-m+fp/hard\libc_nano.a(lib_a-impure.o)
                0x0000000020000000                _impure_ptr
 .data.impure_data
                0x0000000020000004       0x60 c:/st/stm32cubeide_1.11.2/stm32cubeide/plugins/com.st.stm32cube.ide.mcu.externaltools.gnu-tools-for-stm32.10.3-2021.10.win32_1.0.100.202210260954/tools/bin/../lib/gcc/arm-none-eabi/10.3.1/../../../../arm-none-eabi/lib/thumb/v7e-m+fp/hard\libc_nano.a(lib_a-impure.o)
 *(.RamFunc)
 *(.RamFunc*)
                0x0000000020000064                . = ALIGN (0x4)
                0x0000000020000064                _edata = .

.igot.plt       0x0000000020000064        0x0 load address 0x00000000080028f0
 .igot.plt      0x0000000020000064        0x0 c:/st/stm32cubeide_1.11.2/stm32cubeide/plugins/com.st.stm32cube.ide.mcu.externaltools.gnu-tools-for-stm32.10.3-2021.10.win32_1.0.100.202210260954/tools/bin/../lib/gcc/arm-none-eabi/10.3.1/thumb/v7e-m+fp/hard/crtbegin.o
                0x0000000020000064                . = ALIGN (0x4)

.bss            0x0000000020000064     0xb270 load address 0x00000000080028f0
                0x0000000020000064                _sbss = .
                0x0000000020000064                __bss_start__ = _sbss
 *(.bss)
 .bss           0x0000000020000064       0x1c c:/st/stm32cubeide_1.11.2/stm32cubeide/plugins/com.st.stm32cube.ide.mcu.externaltools.gnu-tools-for-stm32.10.3-2021.10.win32_1.0.100.202210260954/tools/bin/../lib/gcc/arm-none-eabi/10.3.1/thumb/v7e-m+fp/hard/crtbegin.o
 *(.bss*)
 .bss.rx_buffer1
                0x0000000020000080     0x1778 ./Src/circular_buffer.o
                0x0000000020000080                rx_buffer1
 .bss.tx_buffer1
                0x00000000200017f8     0x1778 ./Src/circular_buffer.o
                0x00000000200017f8                tx_buffer1
 .bss.rx_buffer2
                0x0000000020002f70     0x1778 ./Src/circular_buffer.o
                0x0000000020002f70                rx_buffer2
 .bss.tx_buffer2
                0x00000000200046e8     0x1778 ./Src/circular_buffer.o
                0x00000000200046e8                tx_buffer2
 .bss._rx_buffer1
                0x0000000020005e60        0x4 ./Src/circular_buffer.o
                0x0000000020005e60                _rx_buffer1
 .bss._tx_buffer1
                0x0000000020005e64        0x4 ./Src/circular_buffer.o
                0x0000000020005e64                _tx_buffer1
 .bss._rx_buffer2
                0x0000000020005e68        0x4 ./Src/circular_buffer.o
                0x0000000020005e68                _rx_buffer2
 .bss._tx_buffer2
                0x0000000020005e6c        0x4 ./Src/circular_buffer.o
                0x0000000020005e6c                _tx_buffer2
 .bss.pFlash    0x0000000020005e70       0x18 ./Src/flash_driver.o
                0x0000000020005e70                pFlash
 .bss.firmware_buffer
                0x0000000020005e88     0x2904 ./Src/fota_processor.o
                0x0000000020005e88                firmware_buffer
 .bss.temp_rx_buffer
                0x000000002000878c     0x2af8 ./Src/fota_processor.o
                0x000000002000878c                temp_rx_buffer
 .bss.version_buff
                0x000000002000b284       0x32 ./Src/main.o
                0x000000002000b284                version_buff
 *fill*         0x000000002000b2b6        0x2 
 .bss.__sbrk_heap_end
                0x000000002000b2b8        0x4 ./Src/sysmem.o
 .bss.g_curr_tick
                0x000000002000b2bc        0x4 ./Src/timebase.o
                0x000000002000b2bc                g_curr_tick
 .bss.g_curr_tick_p
                0x000000002000b2c0        0x4 ./Src/timebase.o
                0x000000002000b2c0                g_curr_tick_p
 .bss.__malloc_free_list
                0x000000002000b2c4        0x4 c:/st/stm32cubeide_1.11.2/stm32cubeide/plugins/com.st.stm32cube.ide.mcu.externaltools.gnu-tools-for-stm32.10.3-2021.10.win32_1.0.100.202210260954/tools/bin/../lib/gcc/arm-none-eabi/10.3.1/../../../../arm-none-eabi/lib/thumb/v7e-m+fp/hard\libc_nano.a(lib_a-nano-mallocr.o)
                0x000000002000b2c4                __malloc_free_list
 .bss.__malloc_sbrk_start
                0x000000002000b2c8        0x4 c:/st/stm32cubeide_1.11.2/stm32cubeide/plugins/com.st.stm32cube.ide.mcu.externaltools.gnu-tools-for-stm32.10.3-2021.10.win32_1.0.100.202210260954/tools/bin/../lib/gcc/arm-none-eabi/10.3.1/../../../../arm-none-eabi/lib/thumb/v7e-m+fp/hard\libc_nano.a(lib_a-nano-mallocr.o)
                0x000000002000b2c8                __malloc_sbrk_start
 .bss.errno     0x000000002000b2cc        0x4 c:/st/stm32cubeide_1.11.2/stm32cubeide/plugins/com.st.stm32cube.ide.mcu.externaltools.gnu-tools-for-stm32.10.3-2021.10.win32_1.0.100.202210260954/tools/bin/../lib/gcc/arm-none-eabi/10.3.1/../../../../arm-none-eabi/lib/thumb/v7e-m+fp/hard\libc_nano.a(lib_a-reent.o)
                0x000000002000b2cc                errno
 .bss.__lock___malloc_recursive_mutex
                0x000000002000b2d0        0x1 c:/st/stm32cubeide_1.11.2/stm32cubeide/plugins/com.st.stm32cube.ide.mcu.externaltools.gnu-tools-for-stm32.10.3-2021.10.win32_1.0.100.202210260954/tools/bin/../lib/gcc/arm-none-eabi/10.3.1/../../../../arm-none-eabi/lib/thumb/v7e-m+fp/hard\libc_nano.a(lib_a-lock.o)
                0x000000002000b2d0                __lock___malloc_recursive_mutex
 *(COMMON)
                0x000000002000b2d4                . = ALIGN (0x4)
 *fill*         0x000000002000b2d1        0x3 
                0x000000002000b2d4                _ebss = .
                0x000000002000b2d4                __bss_end__ = _ebss

._user_heap_stack
                0x000000002000b2d4      0x604 load address 0x00000000080028f0
                0x000000002000b2d8                . = ALIGN (0x8)
 *fill*         0x000000002000b2d4        0x4 
                [!provide]                        PROVIDE (end = .)
                0x000000002000b2d8                PROVIDE (_end = .)
                0x000000002000b4d8                . = (. + _Min_Heap_Size)
 *fill*         0x000000002000b2d8      0x200 
                0x000000002000b8d8                . = (. + _Min_Stack_Size)
 *fill*         0x000000002000b4d8      0x400 
                0x000000002000b8d8                . = ALIGN (0x8)

/DISCARD/
 libc.a(*)
 libm.a(*)
 libgcc.a(*)

.ARM.attributes
                0x0000000000000000       0x30
 *(.ARM.attributes)
 .ARM.attributes
                0x0000000000000000       0x1e c:/st/stm32cubeide_1.11.2/stm32cubeide/plugins/com.st.stm32cube.ide.mcu.externaltools.gnu-tools-for-stm32.10.3-2021.10.win32_1.0.100.202210260954/tools/bin/../lib/gcc/arm-none-eabi/10.3.1/thumb/v7e-m+fp/hard/crti.o
 .ARM.attributes
                0x000000000000001e       0x34 c:/st/stm32cubeide_1.11.2/stm32cubeide/plugins/com.st.stm32cube.ide.mcu.externaltools.gnu-tools-for-stm32.10.3-2021.10.win32_1.0.100.202210260954/tools/bin/../lib/gcc/arm-none-eabi/10.3.1/thumb/v7e-m+fp/hard/crtbegin.o
 .ARM.attributes
                0x0000000000000052       0x34 ./Src/bsp.o
 .ARM.attributes
                0x0000000000000086       0x34 ./Src/circular_buffer.o
 .ARM.attributes
                0x00000000000000ba       0x34 ./Src/esp82xx_driver.o
 .ARM.attributes
                0x00000000000000ee       0x34 ./Src/esp82xx_lib.o
 .ARM.attributes
                0x0000000000000122       0x34 ./Src/flash_driver.o
 .ARM.attributes
                0x0000000000000156       0x34 ./Src/fota_processor.o
 .ARM.attributes
                0x000000000000018a       0x34 ./Src/fpu.o
 .ARM.attributes
                0x00000000000001be       0x34 ./Src/main.o
 .ARM.attributes
                0x00000000000001f2       0x34 ./Src/sysmem.o
 .ARM.attributes
                0x0000000000000226       0x34 ./Src/timebase.o
 .ARM.attributes
                0x000000000000025a       0x21 ./Startup/startup_stm32f411retx.o
 .ARM.attributes
                0x000000000000027b       0x34 c:/st/stm32cubeide_1.11.2/stm32cubeide/plugins/com.st.stm32cube.ide.mcu.externaltools.gnu-tools-for-stm32.10.3-2021.10.win32_1.0.100.202210260954/tools/bin/../lib/gcc/arm-none-eabi/10.3.1/../../../../arm-none-eabi/lib/thumb/v7e-m+fp/hard\libc_nano.a(lib_a-errno.o)
 .ARM.attributes
                0x00000000000002af       0x34 c:/st/stm32cubeide_1.11.2/stm32cubeide/plugins/com.st.stm32cube.ide.mcu.externaltools.gnu-tools-for-stm32.10.3-2021.10.win32_1.0.100.202210260954/tools/bin/../lib/gcc/arm-none-eabi/10.3.1/../../../../arm-none-eabi/lib/thumb/v7e-m+fp/hard\libc_nano.a(lib_a-impure.o)
 .ARM.attributes
                0x00000000000002e3       0x34 c:/st/stm32cubeide_1.11.2/stm32cubeide/plugins/com.st.stm32cube.ide.mcu.externaltools.gnu-tools-for-stm32.10.3-2021.10.win32_1.0.100.202210260954/tools/bin/../lib/gcc/arm-none-eabi/10.3.1/../../../../arm-none-eabi/lib/thumb/v7e-m+fp/hard\libc_nano.a(lib_a-init.o)
 .ARM.attributes
                0x0000000000000317       0x34 c:/st/stm32cubeide_1.11.2/stm32cubeide/plugins/com.st.stm32cube.ide.mcu.externaltools.gnu-tools-for-stm32.10.3-2021.10.win32_1.0.100.202210260954/tools/bin/../lib/gcc/arm-none-eabi/10.3.1/../../../../arm-none-eabi/lib/thumb/v7e-m+fp/hard\libc_nano.a(lib_a-memset.o)
 .ARM.attributes
                0x000000000000034b       0x34 c:/st/stm32cubeide_1.11.2/stm32cubeide/plugins/com.st.stm32cube.ide.mcu.externaltools.gnu-tools-for-stm32.10.3-2021.10.win32_1.0.100.202210260954/tools/bin/../lib/gcc/arm-none-eabi/10.3.1/../../../../arm-none-eabi/lib/thumb/v7e-m+fp/hard\libc_nano.a(lib_a-snprintf.o)
 .ARM.attributes
                0x000000000000037f       0x34 c:/st/stm32cubeide_1.11.2/stm32cubeide/plugins/com.st.stm32cube.ide.mcu.externaltools.gnu-tools-for-stm32.10.3-2021.10.win32_1.0.100.202210260954/tools/bin/../lib/gcc/arm-none-eabi/10.3.1/../../../../arm-none-eabi/lib/thumb/v7e-m+fp/hard\libc_nano.a(lib_a-sprintf.o)
 .ARM.attributes
                0x00000000000003b3       0x17 c:/st/stm32cubeide_1.11.2/stm32cubeide/plugins/com.st.stm32cube.ide.mcu.externaltools.gnu-tools-for-stm32.10.3-2021.10.win32_1.0.100.202210260954/tools/bin/../lib/gcc/arm-none-eabi/10.3.1/../../../../arm-none-eabi/lib/thumb/v7e-m+fp/hard\libc_nano.a(lib_a-strlen.o)
 .ARM.attributes
                0x00000000000003ca       0x34 c:/st/stm32cubeide_1.11.2/stm32cubeide/plugins/com.st.stm32cube.ide.mcu.externaltools.gnu-tools-for-stm32.10.3-2021.10.win32_1.0.100.202210260954/tools/bin/../lib/gcc/arm-none-eabi/10.3.1/../../../../arm-none-eabi/lib/thumb/v7e-m+fp/hard\libc_nano.a(lib_a-nano-svfprintf.o)
 .ARM.attributes
                0x00000000000003fe       0x34 c:/st/stm32cubeide_1.11.2/stm32cubeide/plugins/com.st.stm32cube.ide.mcu.externaltools.gnu-tools-for-stm32.10.3-2021.10.win32_1.0.100.202210260954/tools/bin/../lib/gcc/arm-none-eabi/10.3.1/../../../../arm-none-eabi/lib/thumb/v7e-m+fp/hard\libc_nano.a(lib_a-nano-vfprintf_i.o)
 .ARM.attributes
                0x0000000000000432       0x1c c:/st/stm32cubeide_1.11.2/stm32cubeide/plugins/com.st.stm32cube.ide.mcu.externaltools.gnu-tools-for-stm32.10.3-2021.10.win32_1.0.100.202210260954/tools/bin/../lib/gcc/arm-none-eabi/10.3.1/../../../../arm-none-eabi/lib/thumb/v7e-m+fp/hard\libc_nano.a(lib_a-memchr.o)
 .ARM.attributes
                0x000000000000044e       0x34 c:/st/stm32cubeide_1.11.2/stm32cubeide/plugins/com.st.stm32cube.ide.mcu.externaltools.gnu-tools-for-stm32.10.3-2021.10.win32_1.0.100.202210260954/tools/bin/../lib/gcc/arm-none-eabi/10.3.1/../../../../arm-none-eabi/lib/thumb/v7e-m+fp/hard\libc_nano.a(lib_a-memcpy-stub.o)
 .ARM.attributes
                0x0000000000000482       0x34 c:/st/stm32cubeide_1.11.2/stm32cubeide/plugins/com.st.stm32cube.ide.mcu.externaltools.gnu-tools-for-stm32.10.3-2021.10.win32_1.0.100.202210260954/tools/bin/../lib/gcc/arm-none-eabi/10.3.1/../../../../arm-none-eabi/lib/thumb/v7e-m+fp/hard\libc_nano.a(lib_a-memmove.o)
 .ARM.attributes
                0x00000000000004b6       0x34 c:/st/stm32cubeide_1.11.2/stm32cubeide/plugins/com.st.stm32cube.ide.mcu.externaltools.gnu-tools-for-stm32.10.3-2021.10.win32_1.0.100.202210260954/tools/bin/../lib/gcc/arm-none-eabi/10.3.1/../../../../arm-none-eabi/lib/thumb/v7e-m+fp/hard\libc_nano.a(lib_a-nano-freer.o)
 .ARM.attributes
                0x00000000000004ea       0x34 c:/st/stm32cubeide_1.11.2/stm32cubeide/plugins/com.st.stm32cube.ide.mcu.externaltools.gnu-tools-for-stm32.10.3-2021.10.win32_1.0.100.202210260954/tools/bin/../lib/gcc/arm-none-eabi/10.3.1/../../../../arm-none-eabi/lib/thumb/v7e-m+fp/hard\libc_nano.a(lib_a-nano-mallocr.o)
 .ARM.attributes
                0x000000000000051e       0x34 c:/st/stm32cubeide_1.11.2/stm32cubeide/plugins/com.st.stm32cube.ide.mcu.externaltools.gnu-tools-for-stm32.10.3-2021.10.win32_1.0.100.202210260954/tools/bin/../lib/gcc/arm-none-eabi/10.3.1/../../../../arm-none-eabi/lib/thumb/v7e-m+fp/hard\libc_nano.a(lib_a-nano-reallocr.o)
 .ARM.attributes
                0x0000000000000552       0x34 c:/st/stm32cubeide_1.11.2/stm32cubeide/plugins/com.st.stm32cube.ide.mcu.externaltools.gnu-tools-for-stm32.10.3-2021.10.win32_1.0.100.202210260954/tools/bin/../lib/gcc/arm-none-eabi/10.3.1/../../../../arm-none-eabi/lib/thumb/v7e-m+fp/hard\libc_nano.a(lib_a-sbrkr.o)
 .ARM.attributes
                0x0000000000000586       0x34 c:/st/stm32cubeide_1.11.2/stm32cubeide/plugins/com.st.stm32cube.ide.mcu.externaltools.gnu-tools-for-stm32.10.3-2021.10.win32_1.0.100.202210260954/tools/bin/../lib/gcc/arm-none-eabi/10.3.1/../../../../arm-none-eabi/lib/thumb/v7e-m+fp/hard\libc_nano.a(lib_a-mlock.o)
 .ARM.attributes
                0x00000000000005ba       0x34 c:/st/stm32cubeide_1.11.2/stm32cubeide/plugins/com.st.stm32cube.ide.mcu.externaltools.gnu-tools-for-stm32.10.3-2021.10.win32_1.0.100.202210260954/tools/bin/../lib/gcc/arm-none-eabi/10.3.1/../../../../arm-none-eabi/lib/thumb/v7e-m+fp/hard\libc_nano.a(lib_a-nano-msizer.o)
 .ARM.attributes
                0x00000000000005ee       0x34 c:/st/stm32cubeide_1.11.2/stm32cubeide/plugins/com.st.stm32cube.ide.mcu.externaltools.gnu-tools-for-stm32.10.3-2021.10.win32_1.0.100.202210260954/tools/bin/../lib/gcc/arm-none-eabi/10.3.1/../../../../arm-none-eabi/lib/thumb/v7e-m+fp/hard\libc_nano.a(lib_a-reent.o)
 .ARM.attributes
                0x0000000000000622       0x34 c:/st/stm32cubeide_1.11.2/stm32cubeide/plugins/com.st.stm32cube.ide.mcu.externaltools.gnu-tools-for-stm32.10.3-2021.10.win32_1.0.100.202210260954/tools/bin/../lib/gcc/arm-none-eabi/10.3.1/../../../../arm-none-eabi/lib/thumb/v7e-m+fp/hard\libc_nano.a(lib_a-lock.o)
 .ARM.attributes
                0x0000000000000656       0x1e c:/st/stm32cubeide_1.11.2/stm32cubeide/plugins/com.st.stm32cube.ide.mcu.externaltools.gnu-tools-for-stm32.10.3-2021.10.win32_1.0.100.202210260954/tools/bin/../lib/gcc/arm-none-eabi/10.3.1/thumb/v7e-m+fp/hard/crtn.o
OUTPUT(8_esp82xx_fota.elf elf32-littlearm)
LOAD linker stubs
LOAD c:/st/stm32cubeide_1.11.2/stm32cubeide/plugins/com.st.stm32cube.ide.mcu.externaltools.gnu-tools-for-stm32.10.3-2021.10.win32_1.0.100.202210260954/tools/bin/../lib/gcc/arm-none-eabi/10.3.1/../../../../arm-none-eabi/lib/thumb/v7e-m+fp/hard\libc.a
LOAD c:/st/stm32cubeide_1.11.2/stm32cubeide/plugins/com.st.stm32cube.ide.mcu.externaltools.gnu-tools-for-stm32.10.3-2021.10.win32_1.0.100.202210260954/tools/bin/../lib/gcc/arm-none-eabi/10.3.1/../../../../arm-none-eabi/lib/thumb/v7e-m+fp/hard\libm.a
LOAD c:/st/stm32cubeide_1.11.2/stm32cubeide/plugins/com.st.stm32cube.ide.mcu.externaltools.gnu-tools-for-stm32.10.3-2021.10.win32_1.0.100.202210260954/tools/bin/../lib/gcc/arm-none-eabi/10.3.1/thumb/v7e-m+fp/hard\libgcc.a

.debug_info     0x0000000000000000     0x2d26
 .debug_info    0x0000000000000000      0x394 ./Src/bsp.o
 .debug_info    0x0000000000000394      0x6cc ./Src/circular_buffer.o
 .debug_info    0x0000000000000a60      0x7ef ./Src/esp82xx_driver.o
 .debug_info    0x000000000000124f      0x355 ./Src/esp82xx_lib.o
 .debug_info    0x00000000000015a4      0xa3b ./Src/flash_driver.o
 .debug_info    0x0000000000001fdf      0x609 ./Src/fota_processor.o
 .debug_info    0x00000000000025e8      0x272 ./Src/fpu.o
 .debug_info    0x000000000000285a      0x147 ./Src/main.o
 .debug_info    0x00000000000029a1      0x171 ./Src/sysmem.o
 .debug_info    0x0000000000002b12      0x1f2 ./Src/timebase.o
 .debug_info    0x0000000000002d04       0x22 ./Startup/startup_stm32f411retx.o

.debug_abbrev   0x0000000000000000      0xfd0
 .debug_abbrev  0x0000000000000000       0xcb ./Src/bsp.o
 .debug_abbrev  0x00000000000000cb      0x2f8 ./Src/circular_buffer.o
 .debug_abbrev  0x00000000000003c3      0x1e1 ./Src/esp82xx_driver.o
 .debug_abbrev  0x00000000000005a4      0x16f ./Src/esp82xx_lib.o
 .debug_abbrev  0x0000000000000713      0x2fb ./Src/flash_driver.o
 .debug_abbrev  0x0000000000000a0e      0x223 ./Src/fota_processor.o
 .debug_abbrev  0x0000000000000c31       0xb6 ./Src/fpu.o
 .debug_abbrev  0x0000000000000ce7       0xb3 ./Src/main.o
 .debug_abbrev  0x0000000000000d9a       0xbb ./Src/sysmem.o
 .debug_abbrev  0x0000000000000e55      0x169 ./Src/timebase.o
 .debug_abbrev  0x0000000000000fbe       0x12 ./Startup/startup_stm32f411retx.o

.debug_aranges  0x0000000000000000      0x368
 .debug_aranges
                0x0000000000000000       0x40 ./Src/bsp.o
 .debug_aranges
                0x0000000000000040       0xa0 ./Src/circular_buffer.o
 .debug_aranges
                0x00000000000000e0       0x60 ./Src/esp82xx_driver.o
 .debug_aranges
                0x0000000000000140       0x50 ./Src/esp82xx_lib.o
 .debug_aranges
                0x0000000000000190       0xd0 ./Src/flash_driver.o
 .debug_aranges
                0x0000000000000260       0x40 ./Src/fota_processor.o
 .debug_aranges
                0x00000000000002a0       0x20 ./Src/fpu.o
 .debug_aranges
                0x00000000000002c0       0x20 ./Src/main.o
 .debug_aranges
                0x00000000000002e0       0x20 ./Src/sysmem.o
 .debug_aranges
                0x0000000000000300       0x40 ./Src/timebase.o
 .debug_aranges
                0x0000000000000340       0x28 ./Startup/startup_stm32f411retx.o

.debug_ranges   0x0000000000000000      0x2c0
 .debug_ranges  0x0000000000000000       0x30 ./Src/bsp.o
 .debug_ranges  0x0000000000000030       0x90 ./Src/circular_buffer.o
 .debug_ranges  0x00000000000000c0       0x50 ./Src/esp82xx_driver.o
 .debug_ranges  0x0000000000000110       0x40 ./Src/esp82xx_lib.o
 .debug_ranges  0x0000000000000150       0xc0 ./Src/flash_driver.o
 .debug_ranges  0x0000000000000210       0x30 ./Src/fota_processor.o
 .debug_ranges  0x0000000000000240       0x10 ./Src/fpu.o
 .debug_ranges  0x0000000000000250       0x10 ./Src/main.o
 .debug_ranges  0x0000000000000260       0x10 ./Src/sysmem.o
 .debug_ranges  0x0000000000000270       0x30 ./Src/timebase.o
 .debug_ranges  0x00000000000002a0       0x20 ./Startup/startup_stm32f411retx.o

.debug_macro    0x0000000000000000     0x2415
 .debug_macro   0x0000000000000000      0x105 ./Src/bsp.o
 .debug_macro   0x0000000000000105       0x22 ./Src/bsp.o
 .debug_macro   0x0000000000000127      0x1d2 ./Src/circular_buffer.o
 .debug_macro   0x00000000000002f9       0x10 ./Src/circular_buffer.o
 .debug_macro   0x0000000000000309       0x52 ./Src/circular_buffer.o
 .debug_macro   0x000000000000035b       0x1e ./Src/circular_buffer.o
 .debug_macro   0x0000000000000379       0x3c ./Src/circular_buffer.o
 .debug_macro   0x00000000000003b5       0x34 ./Src/circular_buffer.o
 .debug_macro   0x00000000000003e9      0x174 ./Src/circular_buffer.o
 .debug_macro   0x000000000000055d       0x16 ./Src/circular_buffer.o
 .debug_macro   0x0000000000000573       0x43 ./Src/circular_buffer.o
 .debug_macro   0x00000000000005b6       0x34 ./Src/circular_buffer.o
 .debug_macro   0x00000000000005ea       0x10 ./Src/circular_buffer.o
 .debug_macro   0x00000000000005fa       0x58 ./Src/circular_buffer.o
 .debug_macro   0x0000000000000652       0x71 ./Src/circular_buffer.o
 .debug_macro   0x00000000000006c3       0x1c ./Src/circular_buffer.o
 .debug_macro   0x00000000000006df      0x12a ./Src/circular_buffer.o
 .debug_macro   0x0000000000000809      0x341 ./Src/circular_buffer.o
 .debug_macro   0x0000000000000b4a       0x10 ./Src/circular_buffer.o
 .debug_macro   0x0000000000000b5a       0x35 ./Src/circular_buffer.o
 .debug_macro   0x0000000000000b8f       0x20 ./Src/circular_buffer.o
 .debug_macro   0x0000000000000baf      0x11a ./Src/esp82xx_driver.o
 .debug_macro   0x0000000000000cc9      0x2ec ./Src/esp82xx_lib.o
 .debug_macro   0x0000000000000fb5       0x16 ./Src/esp82xx_lib.o
 .debug_macro   0x0000000000000fcb       0x97 ./Src/esp82xx_lib.o
 .debug_macro   0x0000000000001062       0xfd ./Src/esp82xx_lib.o
 .debug_macro   0x000000000000115f       0x10 ./Src/esp82xx_lib.o
 .debug_macro   0x000000000000116f       0x10 ./Src/esp82xx_lib.o
 .debug_macro   0x000000000000117f       0x1c ./Src/esp82xx_lib.o
 .debug_macro   0x000000000000119b       0x52 ./Src/esp82xx_lib.o
 .debug_macro   0x00000000000011ed       0x22 ./Src/esp82xx_lib.o
 .debug_macro   0x000000000000120f       0x10 ./Src/esp82xx_lib.o
 .debug_macro   0x000000000000121f       0x52 ./Src/esp82xx_lib.o
 .debug_macro   0x0000000000001271       0xd5 ./Src/esp82xx_lib.o
 .debug_macro   0x0000000000001346       0x1c ./Src/esp82xx_lib.o
 .debug_macro   0x0000000000001362       0x3d ./Src/esp82xx_lib.o
 .debug_macro   0x000000000000139f       0x16 ./Src/esp82xx_lib.o
 .debug_macro   0x00000000000013b5      0x145 ./Src/esp82xx_lib.o
 .debug_macro   0x00000000000014fa       0x16 ./Src/esp82xx_lib.o
 .debug_macro   0x0000000000001510       0x10 ./Src/esp82xx_lib.o
 .debug_macro   0x0000000000001520      0x1b9 ./Src/flash_driver.o
 .debug_macro   0x00000000000016d9       0x4c ./Src/flash_driver.o
 .debug_macro   0x0000000000001725       0x94 ./Src/flash_driver.o
 .debug_macro   0x00000000000017b9       0x57 ./Src/flash_driver.o
 .debug_macro   0x0000000000001810       0x9a ./Src/flash_driver.o
 .debug_macro   0x00000000000018aa      0x2c0 ./Src/fota_processor.o
 .debug_macro   0x0000000000001b6a       0xa0 ./Src/fota_processor.o
 .debug_macro   0x0000000000001c0a       0x1c ./Src/fota_processor.o
 .debug_macro   0x0000000000001c26       0xce ./Src/fpu.o
 .debug_macro   0x0000000000001cf4      0x2df ./Src/main.o
 .debug_macro   0x0000000000001fd3       0xff ./Src/sysmem.o
 .debug_macro   0x00000000000020d2      0x23b ./Src/sysmem.o
 .debug_macro   0x000000000000230d      0x108 ./Src/timebase.o

.debug_line     0x0000000000000000     0x4cb5
 .debug_line    0x0000000000000000      0x54e ./Src/bsp.o
 .debug_line    0x000000000000054e      0xb8c ./Src/circular_buffer.o
 .debug_line    0x00000000000010da      0x64a ./Src/esp82xx_driver.o
 .debug_line    0x0000000000001724      0x8f4 ./Src/esp82xx_lib.o
 .debug_line    0x0000000000002018      0xbfd ./Src/flash_driver.o
 .debug_line    0x0000000000002c15      0x926 ./Src/fota_processor.o
 .debug_line    0x000000000000353b      0x4c8 ./Src/fpu.o
 .debug_line    0x0000000000003a03      0x78f ./Src/main.o
 .debug_line    0x0000000000004192      0x4ef ./Src/sysmem.o
 .debug_line    0x0000000000004681      0x5b0 ./Src/timebase.o
 .debug_line    0x0000000000004c31       0x84 ./Startup/startup_stm32f411retx.o

.debug_str      0x0000000000000000    0x551c0
 .debug_str     0x0000000000000000    0x4f5c1 ./Src/bsp.o
                                      0x4f735 (size before relaxing)
 .debug_str     0x000000000004f5c1     0x3358 ./Src/circular_buffer.o
                                      0x5294e (size before relaxing)
 .debug_str     0x0000000000052919      0x516 ./Src/esp82xx_driver.o
                                      0x4fbec (size before relaxing)
 .debug_str     0x0000000000052e2f     0x1360 ./Src/esp82xx_lib.o
                                      0x53abd (size before relaxing)
 .debug_str     0x000000000005418f      0x737 ./Src/flash_driver.o
                                      0x52e43 (size before relaxing)
 .debug_str     0x00000000000548c6      0x229 ./Src/fota_processor.o
                                      0x53d01 (size before relaxing)
 .debug_str     0x0000000000054aef       0x6c ./Src/fpu.o
                                      0x4f590 (size before relaxing)
 .debug_str     0x0000000000054b5b       0x70 ./Src/main.o
                                      0x53b2d (size before relaxing)
 .debug_str     0x0000000000054bcb      0x4d5 ./Src/sysmem.o
                                       0x5dc0 (size before relaxing)
 .debug_str     0x00000000000550a0       0xef ./Src/timebase.o
                                      0x4f679 (size before relaxing)
 .debug_str     0x000000000005518f       0x31 ./Startup/startup_stm32f411retx.o
                                         0x71 (size before relaxing)

.comment        0x0000000000000000       0x50
 .comment       0x0000000000000000       0x50 ./Src/bsp.o
                                         0x51 (size before relaxing)
 .comment       0x0000000000000050       0x51 ./Src/circular_buffer.o
 .comment       0x0000000000000050       0x51 ./Src/esp82xx_driver.o
 .comment       0x0000000000000050       0x51 ./Src/esp82xx_lib.o
 .comment       0x0000000000000050       0x51 ./Src/flash_driver.o
 .comment       0x0000000000000050       0x51 ./Src/fota_processor.o
 .comment       0x0000000000000050       0x51 ./Src/fpu.o
 .comment       0x0000000000000050       0x51 ./Src/main.o
 .comment       0x0000000000000050       0x51 ./Src/sysmem.o
 .comment       0x0000000000000050       0x51 ./Src/timebase.o

.debug_frame    0x0000000000000000      0xfbc
 .debug_frame   0x0000000000000000       0xb0 ./Src/bsp.o
 .debug_frame   0x00000000000000b0      0x274 ./Src/circular_buffer.o
 .debug_frame   0x0000000000000324      0x148 ./Src/esp82xx_driver.o
 .debug_frame   0x000000000000046c       0xfc ./Src/esp82xx_lib.o
 .debug_frame   0x0000000000000568      0x378 ./Src/flash_driver.o
 .debug_frame   0x00000000000008e0       0xc0 ./Src/fota_processor.o
 .debug_frame   0x00000000000009a0       0x30 ./Src/fpu.o
 .debug_frame   0x00000000000009d0       0x2c ./Src/main.o
 .debug_frame   0x00000000000009fc       0x34 ./Src/sysmem.o
 .debug_frame   0x0000000000000a30       0xb0 ./Src/timebase.o
 .debug_frame   0x0000000000000ae0       0x20 c:/st/stm32cubeide_1.11.2/stm32cubeide/plugins/com.st.stm32cube.ide.mcu.externaltools.gnu-tools-for-stm32.10.3-2021.10.win32_1.0.100.202210260954/tools/bin/../lib/gcc/arm-none-eabi/10.3.1/../../../../arm-none-eabi/lib/thumb/v7e-m+fp/hard\libc_nano.a(lib_a-errno.o)
 .debug_frame   0x0000000000000b00       0x2c c:/st/stm32cubeide_1.11.2/stm32cubeide/plugins/com.st.stm32cube.ide.mcu.externaltools.gnu-tools-for-stm32.10.3-2021.10.win32_1.0.100.202210260954/tools/bin/../lib/gcc/arm-none-eabi/10.3.1/../../../../arm-none-eabi/lib/thumb/v7e-m+fp/hard\libc_nano.a(lib_a-init.o)
 .debug_frame   0x0000000000000b2c       0x20 c:/st/stm32cubeide_1.11.2/stm32cubeide/plugins/com.st.stm32cube.ide.mcu.externaltools.gnu-tools-for-stm32.10.3-2021.10.win32_1.0.100.202210260954/tools/bin/../lib/gcc/arm-none-eabi/10.3.1/../../../../arm-none-eabi/lib/thumb/v7e-m+fp/hard\libc_nano.a(lib_a-memset.o)
 .debug_frame   0x0000000000000b4c       0x7c c:/st/stm32cubeide_1.11.2/stm32cubeide/plugins/com.st.stm32cube.ide.mcu.externaltools.gnu-tools-for-stm32.10.3-2021.10.win32_1.0.100.202210260954/tools/bin/../lib/gcc/arm-none-eabi/10.3.1/../../../../arm-none-eabi/lib/thumb/v7e-m+fp/hard\libc_nano.a(lib_a-snprintf.o)
 .debug_frame   0x0000000000000bc8       0x6c c:/st/stm32cubeide_1.11.2/stm32cubeide/plugins/com.st.stm32cube.ide.mcu.externaltools.gnu-tools-for-stm32.10.3-2021.10.win32_1.0.100.202210260954/tools/bin/../lib/gcc/arm-none-eabi/10.3.1/../../../../arm-none-eabi/lib/thumb/v7e-m+fp/hard\libc_nano.a(lib_a-sprintf.o)
 .debug_frame   0x0000000000000c34       0x90 c:/st/stm32cubeide_1.11.2/stm32cubeide/plugins/com.st.stm32cube.ide.mcu.externaltools.gnu-tools-for-stm32.10.3-2021.10.win32_1.0.100.202210260954/tools/bin/../lib/gcc/arm-none-eabi/10.3.1/../../../../arm-none-eabi/lib/thumb/v7e-m+fp/hard\libc_nano.a(lib_a-nano-svfprintf.o)
 .debug_frame   0x0000000000000cc4       0x60 c:/st/stm32cubeide_1.11.2/stm32cubeide/plugins/com.st.stm32cube.ide.mcu.externaltools.gnu-tools-for-stm32.10.3-2021.10.win32_1.0.100.202210260954/tools/bin/../lib/gcc/arm-none-eabi/10.3.1/../../../../arm-none-eabi/lib/thumb/v7e-m+fp/hard\libc_nano.a(lib_a-nano-vfprintf_i.o)
 .debug_frame   0x0000000000000d24       0x28 c:/st/stm32cubeide_1.11.2/stm32cubeide/plugins/com.st.stm32cube.ide.mcu.externaltools.gnu-tools-for-stm32.10.3-2021.10.win32_1.0.100.202210260954/tools/bin/../lib/gcc/arm-none-eabi/10.3.1/../../../../arm-none-eabi/lib/thumb/v7e-m+fp/hard\libc_nano.a(lib_a-memcpy-stub.o)
 .debug_frame   0x0000000000000d4c       0x28 c:/st/stm32cubeide_1.11.2/stm32cubeide/plugins/com.st.stm32cube.ide.mcu.externaltools.gnu-tools-for-stm32.10.3-2021.10.win32_1.0.100.202210260954/tools/bin/../lib/gcc/arm-none-eabi/10.3.1/../../../../arm-none-eabi/lib/thumb/v7e-m+fp/hard\libc_nano.a(lib_a-memmove.o)
 .debug_frame   0x0000000000000d74       0x38 c:/st/stm32cubeide_1.11.2/stm32cubeide/plugins/com.st.stm32cube.ide.mcu.externaltools.gnu-tools-for-stm32.10.3-2021.10.win32_1.0.100.202210260954/tools/bin/../lib/gcc/arm-none-eabi/10.3.1/../../../../arm-none-eabi/lib/thumb/v7e-m+fp/hard\libc_nano.a(lib_a-nano-freer.o)
 .debug_frame   0x0000000000000dac       0x4c c:/st/stm32cubeide_1.11.2/stm32cubeide/plugins/com.st.stm32cube.ide.mcu.externaltools.gnu-tools-for-stm32.10.3-2021.10.win32_1.0.100.202210260954/tools/bin/../lib/gcc/arm-none-eabi/10.3.1/../../../../arm-none-eabi/lib/thumb/v7e-m+fp/hard\libc_nano.a(lib_a-nano-mallocr.o)
 .debug_frame   0x0000000000000df8       0x3c c:/st/stm32cubeide_1.11.2/stm32cubeide/plugins/com.st.stm32cube.ide.mcu.externaltools.gnu-tools-for-stm32.10.3-2021.10.win32_1.0.100.202210260954/tools/bin/../lib/gcc/arm-none-eabi/10.3.1/../../../../arm-none-eabi/lib/thumb/v7e-m+fp/hard\libc_nano.a(lib_a-nano-reallocr.o)
 .debug_frame   0x0000000000000e34       0x2c c:/st/stm32cubeide_1.11.2/stm32cubeide/plugins/com.st.stm32cube.ide.mcu.externaltools.gnu-tools-for-stm32.10.3-2021.10.win32_1.0.100.202210260954/tools/bin/../lib/gcc/arm-none-eabi/10.3.1/../../../../arm-none-eabi/lib/thumb/v7e-m+fp/hard\libc_nano.a(lib_a-sbrkr.o)
 .debug_frame   0x0000000000000e60       0x30 c:/st/stm32cubeide_1.11.2/stm32cubeide/plugins/com.st.stm32cube.ide.mcu.externaltools.gnu-tools-for-stm32.10.3-2021.10.win32_1.0.100.202210260954/tools/bin/../lib/gcc/arm-none-eabi/10.3.1/../../../../arm-none-eabi/lib/thumb/v7e-m+fp/hard\libc_nano.a(lib_a-mlock.o)
 .debug_frame   0x0000000000000e90       0x20 c:/st/stm32cubeide_1.11.2/stm32cubeide/plugins/com.st.stm32cube.ide.mcu.externaltools.gnu-tools-for-stm32.10.3-2021.10.win32_1.0.100.202210260954/tools/bin/../lib/gcc/arm-none-eabi/10.3.1/../../../../arm-none-eabi/lib/thumb/v7e-m+fp/hard\libc_nano.a(lib_a-nano-msizer.o)
 .debug_frame   0x0000000000000eb0       0x5c c:/st/stm32cubeide_1.11.2/stm32cubeide/plugins/com.st.stm32cube.ide.mcu.externaltools.gnu-tools-for-stm32.10.3-2021.10.win32_1.0.100.202210260954/tools/bin/../lib/gcc/arm-none-eabi/10.3.1/../../../../arm-none-eabi/lib/thumb/v7e-m+fp/hard\libc_nano.a(lib_a-reent.o)
 .debug_frame   0x0000000000000f0c       0xb0 c:/st/stm32cubeide_1.11.2/stm32cubeide/plugins/com.st.stm32cube.ide.mcu.externaltools.gnu-tools-for-stm32.10.3-2021.10.win32_1.0.100.202210260954/tools/bin/../lib/gcc/arm-none-eabi/10.3.1/../../../../arm-none-eabi/lib/thumb/v7e-m+fp/hard\libc_nano.a(lib_a-lock.o)
